../tensorflow/tensorflow/lite/kernels/internal/types.h:178:3:tflite::RuntimeShape::~RuntimeShape()	8	static
../tensorflow/tensorflow/lite/kernels/internal/types.h:189:16:int32 tflite::RuntimeShape::Dims(int) const	8	static
../tensorflow/tensorflow/lite/kernels/internal/tensor_ctypes.h:34:21:tflite::RuntimeShape tflite::GetTensorShape(const TfLiteTensor*)	16	static
../tensorflow/tensorflow/lite/micro/kernels/arg_min_max.cc:47:14:TfLiteStatus tflite::ops::micro::arg_min_max::Eval(TfLiteContext*, TfLiteNode*, bool)	208	static
../tensorflow/tensorflow/lite/micro/kernels/arg_min_max.cc:91:14:TfLiteStatus tflite::ops::micro::arg_min_max::ArgMinEval(TfLiteContext*, TfLiteNode*)	0	static
../tensorflow/tensorflow/lite/micro/kernels/arg_min_max.cc:95:14:TfLiteStatus tflite::ops::micro::arg_min_max::ArgMaxEval(TfLiteContext*, TfLiteNode*)	0	static
../tensorflow/tensorflow/lite/micro/kernels/arg_min_max.cc:101:21:TfLiteRegistration* tflite::ops::micro::Register_ARG_MAX()	0	static
../tensorflow/tensorflow/lite/micro/kernels/arg_min_max.cc:113:21:TfLiteRegistration* tflite::ops::micro::Register_ARG_MIN()	0	static
