../tensorflow/tensorflow/lite/micro/kernels/ceil.cc:30:14:TfLiteStatus tflite::ops::micro::ceil::Prepare(TfLiteContext*, TfLiteNode*)	32	static
../tensorflow/tensorflow/lite/kernels/internal/types.h:178:3:tflite::RuntimeShape::~RuntimeShape()	8	static
../tensorflow/tensorflow/lite/kernels/internal/types.h:189:16:int32 tflite::RuntimeShape::Dims(int) const	8	static
../tensorflow/tensorflow/lite/kernels/internal/tensor_ctypes.h:34:21:tflite::RuntimeShape tflite::GetTensorShape(const TfLiteTensor*)	16	static
../tensorflow/tensorflow/lite/micro/kernels/ceil.cc:45:14:TfLiteStatus tflite::ops::micro::ceil::Eval(TfLiteContext*, TfLiteNode*)	72	static
../tensorflow/tensorflow/lite/micro/kernels/ceil.cc:56:21:TfLiteRegistration* tflite::ops::micro::Register_CEIL()	0	static
