../tensorflow/tensorflow/lite/kernels/internal/types.h:178:3:tflite::RuntimeShape::~RuntimeShape()	8	static
../tensorflow/tensorflow/lite/kernels/internal/types.h:189:16:int32 tflite::RuntimeShape::Dims(int) const	8	static
../tensorflow/tensorflow/lite/kernels/internal/types.h:280:3:tflite::RuntimeShape::RuntimeShape(int, const tflite::RuntimeShape&, int)	24	static
../tensorflow/tensorflow/lite/kernels/internal/types.h:379:12:int tflite::Offset(const RuntimeShape&, int, int, int, int)	16	static
../tensorflow/tensorflow/lite/kernels/internal/types.h:491:12:int tflite::MatchingFlatSize(const RuntimeShape&, const RuntimeShape&, const RuntimeShape&)	32	static
../tensorflow/tensorflow/lite/kernels/internal/common.h:138:14:int32 tflite::MultiplyByQuantizedMultiplierSmallerThanOneExp(int32, int32, int)	8	static
../tensorflow/tensorflow/lite/kernels/internal/common.h:632:12:int tflite::SubscriptToIndex(const NdArrayDesc<4>&, int, int, int, int)	16	static
../tensorflow/tensorflow/lite/kernels/internal/tensor_ctypes.h:34:21:tflite::RuntimeShape tflite::GetTensorShape(const TfLiteTensor*)	16	static
../tensorflow/tensorflow/lite/micro/kernels/comparisons.cc:296:21:TfLiteRegistration* tflite::ops::micro::Register_EQUAL()	0	static
../tensorflow/tensorflow/lite/micro/kernels/comparisons.cc:308:21:TfLiteRegistration* tflite::ops::micro::Register_NOT_EQUAL()	0	static
../tensorflow/tensorflow/lite/micro/kernels/comparisons.cc:320:21:TfLiteRegistration* tflite::ops::micro::Register_GREATER()	0	static
../tensorflow/tensorflow/lite/micro/kernels/comparisons.cc:332:21:TfLiteRegistration* tflite::ops::micro::Register_GREATER_EQUAL()	0	static
../tensorflow/tensorflow/lite/micro/kernels/comparisons.cc:344:21:TfLiteRegistration* tflite::ops::micro::Register_LESS()	0	static
../tensorflow/tensorflow/lite/micro/kernels/comparisons.cc:356:21:TfLiteRegistration* tflite::ops::micro::Register_LESS_EQUAL()	0	static
../tensorflow/tensorflow/lite/kernels/internal/common.h:707:13:void tflite::CopyDimsToDesc(const RuntimeShape&, NdArrayDesc<N>*) [with int N = 4]	24	static
../tensorflow/tensorflow/lite/kernels/internal/reference/comparisons.h:144:40:tflite::reference_ops::BroadcastComparison4DSlowCommon tflite::reference_ops::BroadcastComparison4DSlowPreprocess(const tflite::RuntimeShape&, const tflite::RuntimeShape&, const tflite::RuntimeShape&)	144	static
../tensorflow/tensorflow/lite/kernels/internal/reference/comparisons.h:222:13:void tflite::reference_ops::BroadcastComparison4DSlowWithScaling(const tflite::ComparisonParams&, const tflite::RuntimeShape&, const T*, const tflite::RuntimeShape&, const T*, const tflite::RuntimeShape&, bool*) [with T = unsigned char; bool (* F)(long int, long int) = EqualFn<long int>]	160	static
../tensorflow/tensorflow/lite/kernels/internal/reference/comparisons.h:222:13:void tflite::reference_ops::BroadcastComparison4DSlowWithScaling(const tflite::ComparisonParams&, const tflite::RuntimeShape&, const T*, const tflite::RuntimeShape&, const T*, const tflite::RuntimeShape&, bool*) [with T = signed char; bool (* F)(long int, long int) = EqualFn<long int>]	160	static
../tensorflow/tensorflow/lite/micro/kernels/comparisons.cc:100:14:TfLiteStatus tflite::ops::micro::comparisons::{anonymous}::EqualEval(TfLiteContext*, TfLiteNode*)	264	static
../tensorflow/tensorflow/lite/kernels/internal/reference/comparisons.h:222:13:void tflite::reference_ops::BroadcastComparison4DSlowWithScaling(const tflite::ComparisonParams&, const tflite::RuntimeShape&, const T*, const tflite::RuntimeShape&, const T*, const tflite::RuntimeShape&, bool*) [with T = unsigned char; bool (* F)(long int, long int) = NotEqualFn<long int>]	160	static
../tensorflow/tensorflow/lite/kernels/internal/reference/comparisons.h:222:13:void tflite::reference_ops::BroadcastComparison4DSlowWithScaling(const tflite::ComparisonParams&, const tflite::RuntimeShape&, const T*, const tflite::RuntimeShape&, const T*, const tflite::RuntimeShape&, bool*) [with T = signed char; bool (* F)(long int, long int) = NotEqualFn<long int>]	160	static
../tensorflow/tensorflow/lite/micro/kernels/comparisons.cc:135:14:TfLiteStatus tflite::ops::micro::comparisons::{anonymous}::NotEqualEval(TfLiteContext*, TfLiteNode*)	264	static
../tensorflow/tensorflow/lite/kernels/internal/reference/comparisons.h:222:13:void tflite::reference_ops::BroadcastComparison4DSlowWithScaling(const tflite::ComparisonParams&, const tflite::RuntimeShape&, const T*, const tflite::RuntimeShape&, const T*, const tflite::RuntimeShape&, bool*) [with T = unsigned char; bool (* F)(long int, long int) = GreaterFn<long int>]	160	static
../tensorflow/tensorflow/lite/kernels/internal/reference/comparisons.h:222:13:void tflite::reference_ops::BroadcastComparison4DSlowWithScaling(const tflite::ComparisonParams&, const tflite::RuntimeShape&, const T*, const tflite::RuntimeShape&, const T*, const tflite::RuntimeShape&, bool*) [with T = signed char; bool (* F)(long int, long int) = GreaterFn<long int>]	160	static
../tensorflow/tensorflow/lite/micro/kernels/comparisons.cc:169:14:TfLiteStatus tflite::ops::micro::comparisons::{anonymous}::GreaterEval(TfLiteContext*, TfLiteNode*)	264	static
../tensorflow/tensorflow/lite/kernels/internal/reference/comparisons.h:222:13:void tflite::reference_ops::BroadcastComparison4DSlowWithScaling(const tflite::ComparisonParams&, const tflite::RuntimeShape&, const T*, const tflite::RuntimeShape&, const T*, const tflite::RuntimeShape&, bool*) [with T = unsigned char; bool (* F)(long int, long int) = GreaterEqualFn<long int>]	160	static
../tensorflow/tensorflow/lite/kernels/internal/reference/comparisons.h:222:13:void tflite::reference_ops::BroadcastComparison4DSlowWithScaling(const tflite::ComparisonParams&, const tflite::RuntimeShape&, const T*, const tflite::RuntimeShape&, const T*, const tflite::RuntimeShape&, bool*) [with T = signed char; bool (* F)(long int, long int) = GreaterEqualFn<long int>]	160	static
../tensorflow/tensorflow/lite/micro/kernels/comparisons.cc:200:14:TfLiteStatus tflite::ops::micro::comparisons::{anonymous}::GreaterEqualEval(TfLiteContext*, TfLiteNode*)	264	static
../tensorflow/tensorflow/lite/kernels/internal/reference/comparisons.h:222:13:void tflite::reference_ops::BroadcastComparison4DSlowWithScaling(const tflite::ComparisonParams&, const tflite::RuntimeShape&, const T*, const tflite::RuntimeShape&, const T*, const tflite::RuntimeShape&, bool*) [with T = unsigned char; bool (* F)(long int, long int) = LessFn<long int>]	160	static
../tensorflow/tensorflow/lite/kernels/internal/reference/comparisons.h:222:13:void tflite::reference_ops::BroadcastComparison4DSlowWithScaling(const tflite::ComparisonParams&, const tflite::RuntimeShape&, const T*, const tflite::RuntimeShape&, const T*, const tflite::RuntimeShape&, bool*) [with T = signed char; bool (* F)(long int, long int) = LessFn<long int>]	160	static
../tensorflow/tensorflow/lite/micro/kernels/comparisons.cc:231:14:TfLiteStatus tflite::ops::micro::comparisons::{anonymous}::LessEval(TfLiteContext*, TfLiteNode*)	264	static
../tensorflow/tensorflow/lite/kernels/internal/reference/comparisons.h:222:13:void tflite::reference_ops::BroadcastComparison4DSlowWithScaling(const tflite::ComparisonParams&, const tflite::RuntimeShape&, const T*, const tflite::RuntimeShape&, const T*, const tflite::RuntimeShape&, bool*) [with T = unsigned char; bool (* F)(long int, long int) = LessEqualFn<long int>]	160	static
../tensorflow/tensorflow/lite/kernels/internal/reference/comparisons.h:222:13:void tflite::reference_ops::BroadcastComparison4DSlowWithScaling(const tflite::ComparisonParams&, const tflite::RuntimeShape&, const T*, const tflite::RuntimeShape&, const T*, const tflite::RuntimeShape&, bool*) [with T = signed char; bool (* F)(long int, long int) = LessEqualFn<long int>]	160	static
../tensorflow/tensorflow/lite/micro/kernels/comparisons.cc:262:14:TfLiteStatus tflite::ops::micro::comparisons::{anonymous}::LessEqualEval(TfLiteContext*, TfLiteNode*)	264	static
