../tensorflow/tensorflow/lite/micro/kernels/conv.cc:110:7:void* tflite::ops::micro::conv::Init(TfLiteContext*, const char*, size_t)	16	static
../tensorflow/tensorflow/lite/kernels/internal/types.h:178:3:tflite::RuntimeShape::~RuntimeShape()	8	static
../tensorflow/tensorflow/lite/kernels/internal/types.h:189:16:int32 tflite::RuntimeShape::Dims(int) const	8	static
../tensorflow/tensorflow/lite/kernels/internal/types.h:265:14:int tflite::RuntimeShape::FlatSize() const	8	static
../tensorflow/tensorflow/lite/kernels/internal/types.h:379:12:int tflite::Offset(const RuntimeShape&, int, int, int, int)	16	static
../tensorflow/tensorflow/lite/kernels/internal/types.h:432:12:int tflite::MatchingDim(const RuntimeShape&, int, const RuntimeShape&, int)	16	static
../tensorflow/tensorflow/lite/kernels/internal/common.h:153:14:int32 tflite::MultiplyByQuantizedMultiplier(int32, int32, int)	16	static
../tensorflow/tensorflow/lite/kernels/internal/reference/integer_ops/conv.h:24:13:void tflite::reference_integer_ops::ConvPerChannel(const tflite::ConvParams&, const int32*, const int32*, const tflite::RuntimeShape&, const int8*, const tflite::RuntimeShape&, const int8*, const tflite::RuntimeShape&, const int32*, const tflite::RuntimeShape&, int8*)	160	static
../tensorflow/tensorflow/lite/kernels/internal/tensor_ctypes.h:34:21:tflite::RuntimeShape tflite::GetTensorShape(const TfLiteTensor*)	16	static
../tensorflow/tensorflow/lite/kernels/padding.h:44:12:int tflite::ComputeOutSize(TfLitePadding, int, int, int, int)	0	static
../tensorflow/tensorflow/lite/micro/kernels/conv.cc:72:14:TfLiteStatus tflite::ops::micro::conv::CalculateOpData(TfLiteContext*, TfLiteNode*, const TfLiteConvParams*, int, int, int, int, int, int, TfLiteType, OpData*)	104	static
../tensorflow/tensorflow/lite/micro/kernels/conv.cc:120:14:TfLiteStatus tflite::ops::micro::conv::Prepare(TfLiteContext*, TfLiteNode*)	96	static
../tensorflow/tensorflow/lite/micro/kernels/conv.cc:171:6:void tflite::ops::micro::conv::EvalQuantized(TfLiteContext*, TfLiteNode*, TfLiteConvParams*, const OpData&, const TfLiteTensor*, const TfLiteTensor*, const TfLiteTensor*, TfLiteTensor*, TfLiteTensor*, TfLiteTensor*)	296	static
../tensorflow/tensorflow/lite/micro/kernels/conv.cc:204:6:void tflite::ops::micro::conv::EvalQuantizedPerChannel(TfLiteContext*, TfLiteNode*, TfLiteConvParams*, const OpData&, const TfLiteTensor*, const TfLiteTensor*, const TfLiteTensor*, TfLiteTensor*, TfLiteTensor*)	232	static
../tensorflow/tensorflow/lite/micro/kernels/conv.cc:232:6:void tflite::ops::micro::conv::EvalFloat(TfLiteContext*, TfLiteNode*, TfLiteConvParams*, const OpData&, const TfLiteTensor*, const TfLiteTensor*, const TfLiteTensor*, TfLiteTensor*, TfLiteTensor*, TfLiteTensor*)	264	static
../tensorflow/tensorflow/lite/micro/kernels/conv.cc:260:14:TfLiteStatus tflite::ops::micro::conv::Eval(TfLiteContext*, TfLiteNode*)	48	static
../tensorflow/tensorflow/lite/micro/kernels/conv.cc:294:21:TfLiteRegistration* tflite::ops::micro::Register_CONV_2D()	0	static
