/opt/st/stm32cubeide_1.18.1/plugins/com.st.stm32cube.ide.mcu.externaltools.gnu-tools-for-stm32.13.3.rel1.linux64_1.0.0.202410170706/tools/arm-none-eabi/include/c++/13.3.1/bits/std_abs.h:75:3:constexpr float std::abs(float)	0	static
../tensorflow/tensorflow/lite/micro/kernels/elementwise.cc:106:37:static float tflite::ops::micro::elementwise::{anonymous}::SquareEval(TfLiteContext*, TfLiteNode*)::<lambda(float)>::_FUN(float)	0	static
../tensorflow/tensorflow/lite/micro/kernels/elementwise.cc:42:14:TfLiteStatus tflite::ops::micro::elementwise::{anonymous}::GenericPrepare(TfLiteContext*, TfLiteNode*) [with bool (* <anonymous>)(TfLiteType) = IsNumericSupportedType]	40	static
../tensorflow/tensorflow/lite/micro/kernels/elementwise.cc:42:14:TfLiteStatus tflite::ops::micro::elementwise::{anonymous}::GenericPrepare(TfLiteContext*, TfLiteNode*) [with bool (* <anonymous>)(TfLiteType) = IsLogicalSupportedType]	0	static
../tensorflow/tensorflow/lite/micro/kernels/elementwise.cc:42:14:TfLiteStatus tflite::ops::micro::elementwise::{anonymous}::GenericPrepare(TfLiteContext*, TfLiteNode*) [with bool (* <anonymous>)(TfLiteType) = IsTanhSupportedType]	0	static
/opt/st/stm32cubeide_1.18.1/plugins/com.st.stm32cube.ide.mcu.externaltools.gnu-tools-for-stm32.13.3.rel1.linux64_1.0.0.202410170706/tools/arm-none-eabi/include/c++/13.3.1/cmath:400:3:constexpr float std::sin(float)	0	static
/opt/st/stm32cubeide_1.18.1/plugins/com.st.stm32cube.ide.mcu.externaltools.gnu-tools-for-stm32.13.3.rel1.linux64_1.0.0.202410170706/tools/arm-none-eabi/include/c++/13.3.1/cmath:177:3:constexpr float std::cos(float)	0	static
/opt/st/stm32cubeide_1.18.1/plugins/com.st.stm32cube.ide.mcu.externaltools.gnu-tools-for-stm32.13.3.rel1.linux64_1.0.0.202410170706/tools/arm-none-eabi/include/c++/13.3.1/cmath:322:3:constexpr float std::log(float)	0	static
/opt/st/stm32cubeide_1.18.1/plugins/com.st.stm32cube.ide.mcu.externaltools.gnu-tools-for-stm32.13.3.rel1.linux64_1.0.0.202410170706/tools/arm-none-eabi/include/c++/13.3.1/cmath:438:3:constexpr float std::sqrt(float)	0	static
../tensorflow/tensorflow/lite/micro/kernels/elementwise.cc:102:37:static float tflite::ops::micro::elementwise::{anonymous}::RsqrtEval(TfLiteContext*, TfLiteNode*)::<lambda(float)>::_FUN(float)	8	static
/opt/st/stm32cubeide_1.18.1/plugins/com.st.stm32cube.ide.mcu.externaltools.gnu-tools-for-stm32.13.3.rel1.linux64_1.0.0.202410170706/tools/arm-none-eabi/include/c++/13.3.1/cmath:476:3:constexpr float std::tanh(float)	0	static
../tensorflow/tensorflow/lite/micro/kernels/elementwise.cc:71:21:TfLiteStatus tflite::ops::micro::elementwise::{anonymous}::EvalNumeric(TfLiteContext*, TfLiteNode*, float (*)(float))	48	static
../tensorflow/tensorflow/lite/micro/kernels/elementwise.cc:81:14:TfLiteStatus tflite::ops::micro::elementwise::{anonymous}::AbsEval(TfLiteContext*, TfLiteNode*)	0	static
../tensorflow/tensorflow/lite/micro/kernels/elementwise.cc:85:14:TfLiteStatus tflite::ops::micro::elementwise::{anonymous}::SinEval(TfLiteContext*, TfLiteNode*)	0	static
../tensorflow/tensorflow/lite/micro/kernels/elementwise.cc:89:14:TfLiteStatus tflite::ops::micro::elementwise::{anonymous}::CosEval(TfLiteContext*, TfLiteNode*)	0	static
../tensorflow/tensorflow/lite/micro/kernels/elementwise.cc:93:14:TfLiteStatus tflite::ops::micro::elementwise::{anonymous}::LogEval(TfLiteContext*, TfLiteNode*)	0	static
../tensorflow/tensorflow/lite/micro/kernels/elementwise.cc:97:14:TfLiteStatus tflite::ops::micro::elementwise::{anonymous}::SqrtEval(TfLiteContext*, TfLiteNode*)	0	static
../tensorflow/tensorflow/lite/micro/kernels/elementwise.cc:101:14:TfLiteStatus tflite::ops::micro::elementwise::{anonymous}::RsqrtEval(TfLiteContext*, TfLiteNode*)	0	static
../tensorflow/tensorflow/lite/micro/kernels/elementwise.cc:105:14:TfLiteStatus tflite::ops::micro::elementwise::{anonymous}::SquareEval(TfLiteContext*, TfLiteNode*)	0	static
../tensorflow/tensorflow/lite/micro/kernels/elementwise.cc:113:14:TfLiteStatus tflite::ops::micro::elementwise::{anonymous}::TANHEval(TfLiteContext*, TfLiteNode*)	72	static
../tensorflow/tensorflow/lite/micro/kernels/elementwise.cc:109:14:TfLiteStatus tflite::ops::micro::elementwise::{anonymous}::LogicalNotEval(TfLiteContext*, TfLiteNode*)	40	static
../tensorflow/tensorflow/lite/micro/kernels/elementwise.cc:173:21:TfLiteRegistration* tflite::ops::micro::Register_ABS()	0	static
../tensorflow/tensorflow/lite/micro/kernels/elementwise.cc:187:21:TfLiteRegistration* tflite::ops::micro::Register_SIN()	0	static
../tensorflow/tensorflow/lite/micro/kernels/elementwise.cc:201:21:TfLiteRegistration* tflite::ops::micro::Register_COS()	0	static
../tensorflow/tensorflow/lite/micro/kernels/elementwise.cc:215:21:TfLiteRegistration* tflite::ops::micro::Register_LOG()	0	static
../tensorflow/tensorflow/lite/micro/kernels/elementwise.cc:229:21:TfLiteRegistration* tflite::ops::micro::Register_SQRT()	0	static
../tensorflow/tensorflow/lite/micro/kernels/elementwise.cc:243:21:TfLiteRegistration* tflite::ops::micro::Register_RSQRT()	0	static
../tensorflow/tensorflow/lite/micro/kernels/elementwise.cc:257:21:TfLiteRegistration* tflite::ops::micro::Register_SQUARE()	0	static
../tensorflow/tensorflow/lite/micro/kernels/elementwise.cc:271:21:TfLiteRegistration* tflite::ops::micro::Register_LOGICAL_NOT()	0	static
../tensorflow/tensorflow/lite/micro/kernels/elementwise.cc:285:21:TfLiteRegistration* tflite::ops::micro::Register_TANH()	0	static
