../tensorflow/tensorflow/lite/micro/kernels/maximum_minimum.cc:54:20:static data_type tflite::ops::micro::maximum_minimum::{anonymous}::MaximumOp::op(data_type, data_type) [with data_type = float]	0	static
../tensorflow/tensorflow/lite/micro/kernels/maximum_minimum.cc:54:20:static data_type tflite::ops::micro::maximum_minimum::{anonymous}::MaximumOp::op(data_type, data_type) [with data_type = unsigned char]	0	static
../tensorflow/tensorflow/lite/micro/kernels/maximum_minimum.cc:54:20:static data_type tflite::ops::micro::maximum_minimum::{anonymous}::MaximumOp::op(data_type, data_type) [with data_type = signed char]	0	static
../tensorflow/tensorflow/lite/micro/kernels/maximum_minimum.cc:54:20:static data_type tflite::ops::micro::maximum_minimum::{anonymous}::MaximumOp::op(data_type, data_type) [with data_type = long int]	0	static
../tensorflow/tensorflow/lite/micro/kernels/maximum_minimum.cc:54:20:static data_type tflite::ops::micro::maximum_minimum::{anonymous}::MaximumOp::op(data_type, data_type) [with data_type = long long int]	12	static
../tensorflow/tensorflow/lite/micro/kernels/maximum_minimum.cc:61:20:static data_type tflite::ops::micro::maximum_minimum::{anonymous}::MinimumOp::op(data_type, data_type) [with data_type = float]	0	static
../tensorflow/tensorflow/lite/micro/kernels/maximum_minimum.cc:61:20:static data_type tflite::ops::micro::maximum_minimum::{anonymous}::MinimumOp::op(data_type, data_type) [with data_type = unsigned char]	0	static
../tensorflow/tensorflow/lite/micro/kernels/maximum_minimum.cc:61:20:static data_type tflite::ops::micro::maximum_minimum::{anonymous}::MinimumOp::op(data_type, data_type) [with data_type = signed char]	0	static
../tensorflow/tensorflow/lite/micro/kernels/maximum_minimum.cc:61:20:static data_type tflite::ops::micro::maximum_minimum::{anonymous}::MinimumOp::op(data_type, data_type) [with data_type = long int]	0	static
../tensorflow/tensorflow/lite/micro/kernels/maximum_minimum.cc:61:20:static data_type tflite::ops::micro::maximum_minimum::{anonymous}::MinimumOp::op(data_type, data_type) [with data_type = long long int]	12	static
../tensorflow/tensorflow/lite/kernels/internal/types.h:173:8:bool tflite::RuntimeShape::operator==(const tflite::RuntimeShape&) const	8	static
../tensorflow/tensorflow/lite/kernels/internal/types.h:178:3:tflite::RuntimeShape::~RuntimeShape()	8	static
../tensorflow/tensorflow/lite/kernels/internal/types.h:189:16:int32 tflite::RuntimeShape::Dims(int) const	8	static
../tensorflow/tensorflow/lite/kernels/internal/types.h:265:14:int tflite::RuntimeShape::FlatSize() const	8	static
../tensorflow/tensorflow/lite/kernels/internal/types.h:280:3:tflite::RuntimeShape::RuntimeShape(int, const tflite::RuntimeShape&, int)	24	static
../tensorflow/tensorflow/lite/kernels/internal/types.h:468:12:int tflite::MatchingElementsSize(const RuntimeShape&, const RuntimeShape&, const RuntimeShape&)	16	static
../tensorflow/tensorflow/lite/kernels/internal/common.h:642:12:int tflite::SubscriptToIndex(const NdArrayDesc<5>&, int*)	12	static
../tensorflow/tensorflow/lite/kernels/internal/tensor_ctypes.h:34:21:tflite::RuntimeShape tflite::GetTensorShape(const TfLiteTensor*)	16	static
../tensorflow/tensorflow/lite/micro/kernels/maximum_minimum.cc:119:21:TfLiteRegistration* tflite::ops::micro::Register_MAXIMUM()	0	static
../tensorflow/tensorflow/lite/micro/kernels/maximum_minimum.cc:134:21:TfLiteRegistration* tflite::ops::micro::Register_MINIMUM()	0	static
../tensorflow/tensorflow/lite/kernels/internal/common.h:707:13:void tflite::CopyDimsToDesc(const RuntimeShape&, NdArrayDesc<N>*) [with int N = 5]	24	static
../tensorflow/tensorflow/lite/kernels/internal/common.h:718:13:void tflite::NdArrayDescsForElementwiseBroadcast(const RuntimeShape&, const RuntimeShape&, NdArrayDesc<N>*, NdArrayDesc<N>*) [with int N = 5]	80	static
../tensorflow/tensorflow/lite/kernels/internal/common.h:814:51:typename std::enable_if<(DIM != (N - 1)), void>::type tflite::NDOpsHelperImpl(const NdArrayDesc<N>&, const Calc&, int*) [with int N = 5; int DIM = 3; Calc = reference_ops::MaximumMinimumBroadcastSlow<float, float (*)(float, float)>(const tflite::RuntimeShape&, const float*, const tflite::RuntimeShape&, const float*, const tflite::RuntimeShape&, float*, float (*)(float, float))::<lambda(int*)>]	32	static
../tensorflow/tensorflow/lite/kernels/internal/reference/maximum_minimum.h:25:6:void tflite::reference_ops::MaximumMinimumBroadcastSlow(const tflite::RuntimeShape&, const T*, const tflite::RuntimeShape&, const T*, const tflite::RuntimeShape&, T*, Op) [with T = float; Op = float (*)(float, float); int N = 5]	208	static
../tensorflow/tensorflow/lite/kernels/internal/common.h:814:51:typename std::enable_if<(DIM != (N - 1)), void>::type tflite::NDOpsHelperImpl(const NdArrayDesc<N>&, const Calc&, int*) [with int N = 5; int DIM = 3; Calc = reference_ops::MaximumMinimumBroadcastSlow<unsigned char, unsigned char (*)(unsigned char, unsigned char)>(const tflite::RuntimeShape&, const unsigned char*, const tflite::RuntimeShape&, const unsigned char*, const tflite::RuntimeShape&, unsigned char*, unsigned char (*)(unsigned char, unsigned char))::<lambda(int*)>]	40	static
../tensorflow/tensorflow/lite/kernels/internal/reference/maximum_minimum.h:25:6:void tflite::reference_ops::MaximumMinimumBroadcastSlow(const tflite::RuntimeShape&, const T*, const tflite::RuntimeShape&, const T*, const tflite::RuntimeShape&, T*, Op) [with T = unsigned char; Op = unsigned char (*)(unsigned char, unsigned char); int N = 5]	208	static
../tensorflow/tensorflow/lite/kernels/internal/common.h:814:51:typename std::enable_if<(DIM != (N - 1)), void>::type tflite::NDOpsHelperImpl(const NdArrayDesc<N>&, const Calc&, int*) [with int N = 5; int DIM = 3; Calc = reference_ops::MaximumMinimumBroadcastSlow<signed char, signed char (*)(signed char, signed char)>(const tflite::RuntimeShape&, const signed char*, const tflite::RuntimeShape&, const signed char*, const tflite::RuntimeShape&, signed char*, signed char (*)(signed char, signed char))::<lambda(int*)>]	40	static
../tensorflow/tensorflow/lite/kernels/internal/reference/maximum_minimum.h:25:6:void tflite::reference_ops::MaximumMinimumBroadcastSlow(const tflite::RuntimeShape&, const T*, const tflite::RuntimeShape&, const T*, const tflite::RuntimeShape&, T*, Op) [with T = signed char; Op = signed char (*)(signed char, signed char); int N = 5]	208	static
../tensorflow/tensorflow/lite/kernels/internal/common.h:814:51:typename std::enable_if<(DIM != (N - 1)), void>::type tflite::NDOpsHelperImpl(const NdArrayDesc<N>&, const Calc&, int*) [with int N = 5; int DIM = 3; Calc = reference_ops::MaximumMinimumBroadcastSlow<long int, long int (*)(long int, long int)>(const tflite::RuntimeShape&, const long int*, const tflite::RuntimeShape&, const long int*, const tflite::RuntimeShape&, long int*, long int (*)(long int, long int))::<lambda(int*)>]	40	static
../tensorflow/tensorflow/lite/kernels/internal/reference/maximum_minimum.h:25:6:void tflite::reference_ops::MaximumMinimumBroadcastSlow(const tflite::RuntimeShape&, const T*, const tflite::RuntimeShape&, const T*, const tflite::RuntimeShape&, T*, Op) [with T = long int; Op = long int (*)(long int, long int); int N = 5]	208	static
../tensorflow/tensorflow/lite/kernels/internal/common.h:814:51:typename std::enable_if<(DIM != (N - 1)), void>::type tflite::NDOpsHelperImpl(const NdArrayDesc<N>&, const Calc&, int*) [with int N = 5; int DIM = 3; Calc = reference_ops::MaximumMinimumBroadcastSlow<long long int, long long int (*)(long long int, long long int)>(const tflite::RuntimeShape&, const long long int*, const tflite::RuntimeShape&, const long long int*, const tflite::RuntimeShape&, long long int*, long long int (*)(long long int, long long int))::<lambda(int*)>]	40	static
../tensorflow/tensorflow/lite/kernels/internal/reference/maximum_minimum.h:25:6:void tflite::reference_ops::MaximumMinimumBroadcastSlow(const tflite::RuntimeShape&, const T*, const tflite::RuntimeShape&, const T*, const tflite::RuntimeShape&, T*, Op) [with T = long long int; Op = long long int (*)(long long int, long long int); int N = 5]	208	static
../tensorflow/tensorflow/lite/micro/kernels/maximum_minimum.cc:82:14:TfLiteStatus tflite::ops::micro::maximum_minimum::Eval(TfLiteContext*, TfLiteNode*) [with {anonymous}::KernelType kernel_type = tflite::ops::micro::maximum_minimum::<unnamed>::kReference; OpType = {anonymous}::MinimumOp]	120	static
../tensorflow/tensorflow/lite/micro/kernels/maximum_minimum.cc:82:14:TfLiteStatus tflite::ops::micro::maximum_minimum::Eval(TfLiteContext*, TfLiteNode*) [with {anonymous}::KernelType kernel_type = tflite::ops::micro::maximum_minimum::<unnamed>::kReference; OpType = {anonymous}::MaximumOp]	120	static
