../tensorflow/tensorflow/lite/kernels/internal/types.h:178:3:tflite::RuntimeShape::~RuntimeShape()	8	static
../tensorflow/tensorflow/lite/kernels/internal/types.h:189:16:int32 tflite::RuntimeShape::Dims(int) const	8	static
../tensorflow/tensorflow/lite/kernels/internal/types.h:265:14:int tflite::RuntimeShape::FlatSize() const	8	static
../tensorflow/tensorflow/lite/kernels/internal/types.h:280:3:tflite::RuntimeShape::RuntimeShape(int, const tflite::RuntimeShape&, int)	24	static
../tensorflow/tensorflow/lite/kernels/internal/tensor_ctypes.h:34:21:tflite::RuntimeShape tflite::GetTensorShape(const TfLiteTensor*)	16	static
../tensorflow/tensorflow/lite/micro/kernels/pad.cc:39:3:tflite::ops::micro::pad::PadContext::PadContext(TfLiteContext*, TfLiteNode*)	48	static
../tensorflow/tensorflow/lite/micro/kernels/pad.cc:70:14:TfLiteStatus tflite::ops::micro::pad::Prepare(TfLiteContext*, TfLiteNode*)	96	static
../tensorflow/tensorflow/lite/micro/kernels/pad.cc:210:21:TfLiteRegistration* tflite::ops::micro::Register_PAD()	0	static
../tensorflow/tensorflow/lite/micro/kernels/pad.cc:223:21:TfLiteRegistration* tflite::ops::micro::Register_PADV2()	0	static
../tensorflow/tensorflow/lite/kernels/internal/reference/pad.h:38:13:void tflite::reference_ops::PadImpl(const tflite::PadParams&, const tflite::RuntimeShape&, const T*, const P*, const tflite::RuntimeShape&, T*) [with T = long int; P = long int]	152	static
../tensorflow/tensorflow/lite/kernels/internal/reference/pad.h:38:13:void tflite::reference_ops::PadImpl(const tflite::PadParams&, const tflite::RuntimeShape&, const T*, const P*, const tflite::RuntimeShape&, T*) [with T = float; P = float]	152	static
../tensorflow/tensorflow/lite/kernels/internal/reference/pad.h:38:13:void tflite::reference_ops::PadImpl(const tflite::PadParams&, const tflite::RuntimeShape&, const T*, const P*, const tflite::RuntimeShape&, T*) [with T = unsigned char; P = unsigned char]	160	static
../tensorflow/tensorflow/lite/kernels/internal/reference/pad.h:38:13:void tflite::reference_ops::PadImpl(const tflite::PadParams&, const tflite::RuntimeShape&, const T*, const P*, const tflite::RuntimeShape&, T*) [with T = signed char; P = signed char]	160	static
../tensorflow/tensorflow/lite/micro/kernels/pad.cc:101:14:TfLiteStatus tflite::ops::micro::pad::Eval(TfLiteContext*, TfLiteNode*)	176	static
