../tensorflow/tensorflow/lite/micro/kernels/resize_nearest_neighbor.cc:33:14:TfLiteStatus tflite::ops::micro::resize_nearest_neighbor::Prepare(TfLiteContext*, TfLiteNode*)	40	static
../tensorflow/tensorflow/lite/kernels/internal/types.h:178:3:tflite::RuntimeShape::~RuntimeShape()	8	static
../tensorflow/tensorflow/lite/kernels/internal/types.h:189:16:int32 tflite::RuntimeShape::Dims(int) const	8	static
../tensorflow/tensorflow/lite/kernels/internal/types.h:265:14:int tflite::RuntimeShape::FlatSize() const	8	static
../tensorflow/tensorflow/lite/kernels/internal/types.h:280:3:tflite::RuntimeShape::RuntimeShape(int, const tflite::RuntimeShape&, int)	24	static
../tensorflow/tensorflow/lite/kernels/internal/types.h:432:12:int tflite::MatchingDim(const RuntimeShape&, int, const RuntimeShape&, int)	16	static
../tensorflow/tensorflow/lite/kernels/internal/reference/resize_nearest_neighbor.h:26:14:int32 tflite::reference_ops::GetNearestNeighbor(int, int32, int32, bool, bool)	8	static
../tensorflow/tensorflow/lite/kernels/internal/tensor_ctypes.h:34:21:tflite::RuntimeShape tflite::GetTensorShape(const TfLiteTensor*)	16	static
../tensorflow/tensorflow/lite/micro/kernels/resize_nearest_neighbor.cc:98:21:TfLiteRegistration* tflite::ops::micro::Register_RESIZE_NEAREST_NEIGHBOR()	0	static
../tensorflow/tensorflow/lite/kernels/internal/reference/resize_nearest_neighbor.h:47:13:void tflite::reference_ops::ResizeNearestNeighbor(const tflite::ResizeNearestNeighborParams&, const tflite::RuntimeShape&, const T*, const tflite::RuntimeShape&, const int32*, const tflite::RuntimeShape&, T*) [with T = long int]	136	static
../tensorflow/tensorflow/lite/kernels/internal/reference/resize_nearest_neighbor.h:47:13:void tflite::reference_ops::ResizeNearestNeighbor(const tflite::ResizeNearestNeighborParams&, const tflite::RuntimeShape&, const T*, const tflite::RuntimeShape&, const int32*, const tflite::RuntimeShape&, T*) [with T = unsigned char]	136	static
../tensorflow/tensorflow/lite/kernels/internal/reference/resize_nearest_neighbor.h:47:13:void tflite::reference_ops::ResizeNearestNeighbor(const tflite::ResizeNearestNeighborParams&, const tflite::RuntimeShape&, const T*, const tflite::RuntimeShape&, const int32*, const tflite::RuntimeShape&, T*) [with T = signed char]	136	static
../tensorflow/tensorflow/lite/micro/kernels/resize_nearest_neighbor.cc:60:14:TfLiteStatus tflite::ops::micro::resize_nearest_neighbor::Eval(TfLiteContext*, TfLiteNode*)	120	static
