../tensorflow/tensorflow/lite/kernels/internal/types.h:178:3:tflite::RuntimeShape::~RuntimeShape()	8	static
../tensorflow/tensorflow/lite/kernels/internal/types.h:189:16:int32 tflite::RuntimeShape::Dims(int) const	8	static
../tensorflow/tensorflow/lite/kernels/internal/types.h:194:15:void tflite::RuntimeShape::SetDim(int, int32)	8	static
../tensorflow/tensorflow/lite/kernels/internal/types.h:213:15:void tflite::RuntimeShape::Resize(int)	16	static
../tensorflow/tensorflow/lite/kernels/internal/types.h:265:14:int tflite::RuntimeShape::FlatSize() const	8	static
../tensorflow/tensorflow/lite/kernels/internal/types.h:280:3:tflite::RuntimeShape::RuntimeShape(int, const tflite::RuntimeShape&, int)	24	static
../tensorflow/tensorflow/lite/kernels/internal/types.h:468:12:int tflite::MatchingElementsSize(const RuntimeShape&, const RuntimeShape&, const RuntimeShape&)	16	static
../tensorflow/tensorflow/lite/kernels/internal/common.h:138:14:int32 tflite::MultiplyByQuantizedMultiplierSmallerThanOneExp(int32, int32, int)	8	static
../tensorflow/tensorflow/lite/kernels/internal/common.h:642:12:int tflite::SubscriptToIndex(const NdArrayDesc<5>&, int*)	12	static
../tensorflow/tensorflow/lite/kernels/internal/reference/sub.h:361:13:void tflite::reference_ops::Sub(const tflite::ArithmeticParams&, const tflite::RuntimeShape&, const uint8*, const tflite::RuntimeShape&, const uint8*, const tflite::RuntimeShape&, uint8*)	40	static
../tensorflow/tensorflow/lite/kernels/internal/reference/sub.h:377:13:void tflite::reference_ops::Sub(const tflite::ArithmeticParams&, const tflite::RuntimeShape&, const int8_t*, const tflite::RuntimeShape&, const int8_t*, const tflite::RuntimeShape&, int8_t*)	40	static
../tensorflow/tensorflow/lite/kernels/internal/reference/process_broadcast_shapes.h:38:13:bool tflite::reference_ops::ProcessBroadcastShapes(const tflite::RuntimeShape&, const tflite::RuntimeShape&, tflite::ArithmeticParams*)	104	static
../tensorflow/tensorflow/lite/kernels/internal/tensor_ctypes.h:34:21:tflite::RuntimeShape tflite::GetTensorShape(const TfLiteTensor*)	16	static
../tensorflow/tensorflow/lite/micro/kernels/sub.cc:57:14:TfLiteStatus tflite::ops::micro::sub::CalculateOpData(TfLiteContext*, TfLiteSubParams*, const TfLiteTensor*, const TfLiteTensor*, TfLiteTensor*, OpData*)	56	static
../tensorflow/tensorflow/lite/micro/kernels/sub.cc:187:21:TfLiteRegistration* tflite::ops::micro::Register_SUB()	0	static
../tensorflow/tensorflow/lite/kernels/internal/reference/sub.h:230:19:tflite::reference_ops::BroadcastSubSlow<>(const tflite::ArithmeticParams&, const tflite::RuntimeShape&, const int8_t*, const tflite::RuntimeShape&, const int8_t*, const tflite::RuntimeShape&, int8_t*)::<lambda(int*)>	32	static
../tensorflow/tensorflow/lite/kernels/internal/reference/sub.h:136:19:tflite::reference_ops::BroadcastSubSlow<>(const tflite::ArithmeticParams&, const tflite::RuntimeShape&, const uint8*, const tflite::RuntimeShape&, const uint8*, const tflite::RuntimeShape&, uint8*)::<lambda(int*)>	32	static
../tensorflow/tensorflow/lite/kernels/internal/common.h:707:13:void tflite::CopyDimsToDesc(const RuntimeShape&, NdArrayDesc<N>*) [with int N = 5]	24	static
../tensorflow/tensorflow/lite/kernels/internal/common.h:718:13:void tflite::NdArrayDescsForElementwiseBroadcast(const RuntimeShape&, const RuntimeShape&, NdArrayDesc<N>*, NdArrayDesc<N>*) [with int N = 5]	80	static
../tensorflow/tensorflow/lite/kernels/internal/reference/sub.h:204:13:void tflite::reference_ops::BroadcastSubSlow(const tflite::ArithmeticParams&, const tflite::RuntimeShape&, const int8_t*, const tflite::RuntimeShape&, const int8_t*, const tflite::RuntimeShape&, int8_t*) [with int N = 5]	200	static
../tensorflow/tensorflow/lite/kernels/internal/reference/sub.h:107:13:void tflite::reference_ops::BroadcastSubSlow(const tflite::ArithmeticParams&, const tflite::RuntimeShape&, const uint8*, const tflite::RuntimeShape&, const uint8*, const tflite::RuntimeShape&, uint8*) [with int N = 5]	200	static
../tensorflow/tensorflow/lite/micro/kernels/sub.cc:116:14:TfLiteStatus tflite::ops::micro::sub::EvalSubQuantized(TfLiteContext*, TfLiteNode*, TfLiteSubParams*, const OpData*, const TfLiteTensor*, const TfLiteTensor*, TfLiteTensor*)	192	static
../tensorflow/tensorflow/lite/micro/kernels/sub.cc:116:14:TfLiteStatus tflite::ops::micro::sub::EvalSubQuantized(TfLiteContext*, TfLiteNode*, TfLiteSubParams*, const OpData*, const TfLiteTensor*, const TfLiteTensor*, TfLiteTensor*)	8	static
../tensorflow/tensorflow/lite/kernels/internal/common.h:814:51:typename std::enable_if<(DIM != (N - 1)), void>::type tflite::NDOpsHelperImpl(const NdArrayDesc<N>&, const Calc&, int*) [with int N = 5; int DIM = 3; Calc = reference_ops::BroadcastSubSlow<>(const tflite::ArithmeticParams&, const tflite::RuntimeShape&, const float*, const tflite::RuntimeShape&, const float*, const tflite::RuntimeShape&, float*)::<lambda(int*)>]	48	static
../tensorflow/tensorflow/lite/micro/kernels/sub.cc:96:6:void tflite::ops::micro::sub::EvalSub(TfLiteContext*, TfLiteNode*, TfLiteSubParams*, const OpData*, const TfLiteTensor*, const TfLiteTensor*, TfLiteTensor*)	368	static
../tensorflow/tensorflow/lite/micro/kernels/sub.cc:160:14:TfLiteStatus tflite::ops::micro::sub::Eval(TfLiteContext*, TfLiteNode*)	120	static
