../tensorflow/tensorflow/lite/micro/micro_optional_debug_tools.cc:38:6:void tflite::{anonymous}::PrintIntVector(const std::vector<int>&)	16	static
../tensorflow/tensorflow/lite/micro/micro_optional_debug_tools.cc:45:6:void tflite::{anonymous}::PrintTfLiteIntVector(const TfLiteIntArray*)	24	static
/opt/st/stm32cubeide_1.18.1/plugins/com.st.stm32cube.ide.mcu.externaltools.gnu-tools-for-stm32.13.3.rel1.linux64_1.0.0.202410170706/tools/arm-none-eabi/include/c++/13.3.1/bits/stl_vector.h:378:7:std::_Vector_base<_Tp, _Alloc>::pointer std::_Vector_base<_Tp, _Alloc>::_M_allocate(std::size_t) [with _Tp = int; _Alloc = std::allocator<int>]	8	static
../tensorflow/tensorflow/lite/micro/micro_optional_debug_tools.cc:28:18:std::vector<int> tflite::{anonymous}::flatbuffersVector2StdVector(const flatbuffers::Vector<long int>&)	48	static
../third_party/flatbuffers/include/flatbuffers/flatbuffers.h:2424:13:flatbuffers::voffset_t flatbuffers::Table::GetOptionalFieldOffset(flatbuffers::voffset_t) const	0	static
/opt/st/stm32cubeide_1.18.1/plugins/com.st.stm32cube.ide.mcu.externaltools.gnu-tools-for-stm32.13.3.rel1.linux64_1.0.0.202410170706/tools/arm-none-eabi/include/c++/13.3.1/bits/stl_vector.h:733:7:std::vector<_Tp, _Alloc>::~vector() [with _Tp = int; _Alloc = std::allocator<int>]	8	static
../tensorflow/tensorflow/lite/micro/micro_optional_debug_tools.cc:106:6:void tflite::PrintInterpreterState(MicroInterpreter*)	104	static
