../third_party/flatbuffers/include/flatbuffers/flatbuffers.h:627:7:flatbuffers::DefaultAllocator::~DefaultAllocator()	0	static
../tensorflow/tensorflow/lite/micro/test_helpers.cc:42:8:virtual void tflite::testing::{anonymous}::StackAllocator::deallocate(uint8_t*, size_t)	0	static
../tensorflow/tensorflow/lite/micro/test_helpers.cc:30:7:tflite::testing::{anonymous}::StackAllocator::~StackAllocator()	0	static
../tensorflow/tensorflow/lite/micro/test_helpers.cc:59:33:flatbuffers::FlatBufferBuilder* tflite::testing::{anonymous}::BuilderInstance()	24	static
../third_party/flatbuffers/include/flatbuffers/flatbuffers.h:629:12:virtual uint8_t* flatbuffers::DefaultAllocator::allocate(size_t)	0	static
../third_party/flatbuffers/include/flatbuffers/flatbuffers.h:633:8:virtual void flatbuffers::DefaultAllocator::deallocate(uint8_t*, size_t)	0	static
../tensorflow/tensorflow/lite/micro/test_helpers.cc:34:12:virtual uint8_t* tflite::testing::{anonymous}::StackAllocator::allocate(size_t)	8	static
../tensorflow/tensorflow/lite/micro/test_helpers.cc:30:7:virtual tflite::testing::{anonymous}::StackAllocator::~StackAllocator()	8	static
../third_party/flatbuffers/include/flatbuffers/flatbuffers.h:627:7:virtual flatbuffers::DefaultAllocator::~DefaultAllocator()	8	static
../tensorflow/tensorflow/lite/micro/test_helpers.cc:75:12:tflite::testing::{anonymous}::ModelBuilder::ModelBuilder(flatbuffers::FlatBufferBuilder*)	16	static
../third_party/flatbuffers/include/flatbuffers/flatbuffers.h:942:12:uint8_t* flatbuffers::vector_downward::scratch_end() const	8	static
../third_party/flatbuffers/include/flatbuffers/flatbuffers.h:932:12:uint8_t* flatbuffers::vector_downward::data() const	8	static
../third_party/flatbuffers/include/flatbuffers/flatbuffers.h:601:20:virtual uint8_t* flatbuffers::Allocator::reallocate_downward(uint8_t*, size_t, size_t, size_t, size_t)	32	static
../third_party/flatbuffers/include/flatbuffers/flatbuffers.h:922:13:flatbuffers::uoffset_t flatbuffers::vector_downward::size() const	0	static
../third_party/flatbuffers/include/flatbuffers/flatbuffers.h:1013:8:void flatbuffers::vector_downward::reallocate(size_t)	40	static
../third_party/flatbuffers/include/flatbuffers/flatbuffers.h:904:10:size_t flatbuffers::vector_downward::ensure_space(size_t)	16	static
../third_party/flatbuffers/include/flatbuffers/flatbuffers.h:913:19:uint8_t* flatbuffers::vector_downward::make_space(size_t)	8	static
../third_party/flatbuffers/include/flatbuffers/flatbuffers.h:967:8:void flatbuffers::vector_downward::fill(size_t)	16	static
../third_party/flatbuffers/include/flatbuffers/flatbuffers.h:949:8:void flatbuffers::vector_downward::push(const uint8_t*, size_t)	16	static
../third_party/flatbuffers/include/flatbuffers/flatbuffers.h:1169:12:uint8_t* flatbuffers::FlatBufferBuilder::GetBufferPointer() const	8	static
../third_party/flatbuffers/include/flatbuffers/flatbuffers.h:1248:8:void flatbuffers::FlatBufferBuilder::Align(size_t)	16	static
../third_party/flatbuffers/include/flatbuffers/flatbuffers.h:1283:8:void flatbuffers::FlatBufferBuilder::TrackField(flatbuffers::voffset_t, flatbuffers::uoffset_t)	16	static
../third_party/flatbuffers/include/flatbuffers/flatbuffers.h:1317:13:flatbuffers::uoffset_t flatbuffers::FlatBufferBuilder::ReferTo(flatbuffers::uoffset_t)	16	static
../third_party/flatbuffers/include/flatbuffers/flatbuffers.h:1325:8:void flatbuffers::FlatBufferBuilder::NotNested()	8	static
../third_party/flatbuffers/include/flatbuffers/flatbuffers.h:1341:13:flatbuffers::uoffset_t flatbuffers::FlatBufferBuilder::StartTable()	8	static
../third_party/flatbuffers/include/flatbuffers/flatbuffers.h:1438:8:void flatbuffers::FlatBufferBuilder::PreAlign(size_t, size_t)	16	static
../third_party/flatbuffers/include/flatbuffers/flatbuffers.h:1567:8:void flatbuffers::FlatBufferBuilder::StartVector(size_t, size_t)	16	static
../tensorflow/tensorflow/lite/micro/test_helpers.cc:581:5:int tflite::testing::TestStrcmp(const char*, const char*)	0	static
../tensorflow/tensorflow/lite/micro/test_helpers.cc:594:6:)	12	static
../tensorflow/tensorflow/lite/micro/test_helpers.cc:604:17:TfLiteIntArray* tflite::testing::IntArrayFromInts(const int*)	0	static
../tensorflow/tensorflow/lite/micro/test_helpers.cc:611:19:TfLiteFloatArray* tflite::testing::FloatArrayFromFloats(const float*)	0	static
../tensorflow/tensorflow/lite/micro/test_helpers.cc:619:14:TfLiteTensor tflite::testing::CreateTensor(TfLiteIntArray*, const char*, bool)	8	static
../tensorflow/tensorflow/lite/micro/test_helpers.cc:632:14:TfLiteTensor tflite::testing::CreateFloatTensor(const float*, TfLiteIntArray*, const char*, bool)	8	static
../tensorflow/tensorflow/lite/micro/test_helpers.cc:641:6:void tflite::testing::PopulateFloatTensor(TfLiteTensor*, float*, float*)	0	static
../tensorflow/tensorflow/lite/micro/test_helpers.cc:649:14:TfLiteTensor tflite::testing::CreateBoolTensor(const bool*, TfLiteIntArray*, const char*, bool)	8	static
../tensorflow/tensorflow/lite/micro/test_helpers.cc:658:14:TfLiteTensor tflite::testing::CreateInt32Tensor(const int32_t*, TfLiteIntArray*, const char*, bool)	8	static
../tensorflow/tensorflow/lite/micro/test_helpers.cc:667:14:TfLiteTensor tflite::testing::CreateQuantizedTensor(const uint8_t*, TfLiteIntArray*, float, int, const char*, bool)	16	static
../tensorflow/tensorflow/lite/micro/test_helpers.cc:679:14:TfLiteTensor tflite::testing::CreateQuantizedTensor(const int8_t*, TfLiteIntArray*, float, int, const char*, bool)	16	static
../tensorflow/tensorflow/lite/micro/test_helpers.cc:691:14:TfLiteTensor tflite::testing::CreateQuantizedTensor(const int16_t*, TfLiteIntArray*, float, int, const char*, bool)	16	static
../tensorflow/tensorflow/lite/micro/test_helpers.cc:703:14:TfLiteTensor tflite::testing::CreateQuantized32Tensor(const int32_t*, TfLiteIntArray*, float, const char*, bool)	8	static
../tensorflow/tensorflow/lite/micro/test_helpers.cc:718:14:TfLiteTensor tflite::testing::CreateQuantizedBiasTensor(const float*, int32_t*, TfLiteIntArray*, float, float, const char*, bool)	40	static
../tensorflow/tensorflow/lite/micro/test_helpers.cc:730:14:TfLiteTensor tflite::testing::CreatePerChannelQuantizedBiasTensor(const float*, int32_t*, TfLiteIntArray*, float, float*, float*, int*, TfLiteAffineQuantization*, int, const char*, bool)	56	static
../tensorflow/tensorflow/lite/micro/test_helpers.cc:761:14:TfLiteTensor tflite::testing::CreateSymmetricPerChannelQuantizedTensor(const float*, int8_t*, TfLiteIntArray*, float*, int*, TfLiteAffineQuantization*, int, const char*, bool)	48	static
../third_party/flatbuffers/include/flatbuffers/flatbuffers.h:1268:34:flatbuffers::uoffset_t flatbuffers::FlatBufferBuilder::PushElement(T) [with T = long int]	16	static
../third_party/flatbuffers/include/flatbuffers/flatbuffers.h:1350:13:flatbuffers::uoffset_t flatbuffers::FlatBufferBuilder::EndTable(flatbuffers::uoffset_t)	48	static
../third_party/flatbuffers/include/flatbuffers/flatbuffers.h:1268:34:flatbuffers::uoffset_t flatbuffers::FlatBufferBuilder::PushElement(T) [with T = long unsigned int]	16	static
../third_party/flatbuffers/include/flatbuffers/flatbuffers.h:1561:13:flatbuffers::uoffset_t flatbuffers::FlatBufferBuilder::EndVector(size_t)	8	static
../third_party/flatbuffers/include/flatbuffers/flatbuffers.h:1464:18:flatbuffers::Offset<flatbuffers::String> flatbuffers::FlatBufferBuilder::CreateString(const char*)	16	static
../third_party/flatbuffers/include/flatbuffers/flatbuffers.h:2002:8:void flatbuffers::FlatBufferBuilder::Finish(flatbuffers::uoffset_t, const char*, bool)	24	static
/opt/st/stm32cubeide_1.18.1/plugins/com.st.stm32cube.ide.mcu.externaltools.gnu-tools-for-stm32.13.3.rel1.linux64_1.0.0.202410170706/tools/arm-none-eabi/include/c++/13.3.1/bits/stl_vector.h:733:7:std::vector<_Tp, _Alloc>::~vector() [with _Tp = float; _Alloc = std::allocator<float>]	8	static
../third_party/flatbuffers/include/flatbuffers/flatbuffers.h:1291:29:void flatbuffers::FlatBufferBuilder::AddElement(flatbuffers::voffset_t, T, T) [with T = unsigned char]	16	static
../third_party/flatbuffers/include/flatbuffers/flatbuffers.h:1291:29:void flatbuffers::FlatBufferBuilder::AddElement(flatbuffers::voffset_t, T, T) [with T = long int]	16	static
../third_party/flatbuffers/include/flatbuffers/flatbuffers.h:1631:42:flatbuffers::Offset<flatbuffers::Vector<T> > flatbuffers::FlatBufferBuilder::CreateVector(const std::vector<T>&) [with T = float]	24	static
../third_party/flatbuffers/include/flatbuffers/flatbuffers.h:1291:29:void flatbuffers::FlatBufferBuilder::AddElement(flatbuffers::voffset_t, T, T) [with T = signed char]	16	static
../third_party/flatbuffers/include/flatbuffers/flatbuffers.h:1291:29:void flatbuffers::FlatBufferBuilder::AddElement(flatbuffers::voffset_t, T, T) [with T = long unsigned int]	16	static
../third_party/flatbuffers/include/flatbuffers/flatbuffers.h:1298:29:void flatbuffers::FlatBufferBuilder::AddOffset(flatbuffers::voffset_t, flatbuffers::Offset<T>) [with T = flatbuffers::Vector<unsigned char>]	16	static
../tensorflow/tensorflow/lite/schema/schema_generated.h:10455:36:flatbuffers::Offset<tflite::Buffer> tflite::CreateBuffer(flatbuffers::FlatBufferBuilder&, flatbuffers::Offset<flatbuffers::Vector<unsigned char> >)	16	static
../third_party/flatbuffers/include/flatbuffers/flatbuffers.h:1298:29:void flatbuffers::FlatBufferBuilder::AddOffset(flatbuffers::voffset_t, flatbuffers::Offset<T>) [with T = flatbuffers::Vector<long int>]	16	static
../third_party/flatbuffers/include/flatbuffers/flatbuffers.h:1298:29:void flatbuffers::FlatBufferBuilder::AddOffset(flatbuffers::voffset_t, flatbuffers::Offset<T>) [with T = void]	16	static
../third_party/flatbuffers/include/flatbuffers/flatbuffers.h:1298:29:void flatbuffers::FlatBufferBuilder::AddOffset(flatbuffers::voffset_t, flatbuffers::Offset<T>) [with T = flatbuffers::Vector<float>]	16	static
../tensorflow/tensorflow/lite/schema/schema_generated.h:3070:52:flatbuffers::Offset<tflite::QuantizationParameters> tflite::CreateQuantizationParameters(flatbuffers::FlatBufferBuilder&, flatbuffers::Offset<flatbuffers::Vector<float> >, flatbuffers::Offset<flatbuffers::Vector<float> >, flatbuffers::Offset<flatbuffers::Vector<float> >, flatbuffers::Offset<flatbuffers::Vector<long long int> >, QuantizationDetails, flatbuffers::Offset<void>, int32_t)	32	static
../tensorflow/tensorflow/lite/schema/schema_generated.h:10231:38:flatbuffers::Offset<tflite::Operator> tflite::CreateOperator(flatbuffers::FlatBufferBuilder&, uint32_t, flatbuffers::Offset<flatbuffers::Vector<long int> >, flatbuffers::Offset<flatbuffers::Vector<long int> >, BuiltinOptions, flatbuffers::Offset<void>, flatbuffers::Offset<flatbuffers::Vector<unsigned char> >, CustomOptionsFormat, flatbuffers::Offset<flatbuffers::Vector<unsigned char> >, flatbuffers::Offset<flatbuffers::Vector<long int> >)	24	static
../third_party/flatbuffers/include/flatbuffers/flatbuffers.h:1298:29:void flatbuffers::FlatBufferBuilder::AddOffset(flatbuffers::voffset_t, flatbuffers::Offset<T>) [with T = flatbuffers::String]	16	static
../tensorflow/tensorflow/lite/schema/schema_generated.h:10660:35:flatbuffers::Offset<tflite::Model> tflite::CreateModel(flatbuffers::FlatBufferBuilder&, uint32_t, flatbuffers::Offset<flatbuffers::Vector<flatbuffers::Offset<OperatorCode> > >, flatbuffers::Offset<flatbuffers::Vector<flatbuffers::Offset<SubGraph> > >, flatbuffers::Offset<flatbuffers::String>, flatbuffers::Offset<flatbuffers::Vector<flatbuffers::Offset<Buffer> > >, flatbuffers::Offset<flatbuffers::Vector<long int> >, flatbuffers::Offset<flatbuffers::Vector<flatbuffers::Offset<Metadata> > >)	32	static
../tensorflow/tensorflow/lite/schema/schema_generated.h:10372:38:flatbuffers::Offset<tflite::SubGraph> tflite::CreateSubGraph(flatbuffers::FlatBufferBuilder&, flatbuffers::Offset<flatbuffers::Vector<flatbuffers::Offset<Tensor> > >, flatbuffers::Offset<flatbuffers::Vector<long int> >, flatbuffers::Offset<flatbuffers::Vector<long int> >, flatbuffers::Offset<flatbuffers::Vector<flatbuffers::Offset<Operator> > >, flatbuffers::Offset<flatbuffers::String>)	32	static
../tensorflow/tensorflow/lite/schema/schema_generated.h:9386:42:flatbuffers::Offset<tflite::OperatorCode> tflite::CreateOperatorCodeDirect(flatbuffers::FlatBufferBuilder&, BuiltinOperator, const char*, int32_t)	24	static
../tensorflow/tensorflow/lite/schema/schema_generated.h:3669:36:flatbuffers::Offset<tflite::Tensor> tflite::CreateTensor(flatbuffers::FlatBufferBuilder&, flatbuffers::Offset<flatbuffers::Vector<long int> >, TensorType, uint32_t, flatbuffers::Offset<flatbuffers::String>, flatbuffers::Offset<QuantizationParameters>, bool, flatbuffers::Offset<SparsityParameters>, flatbuffers::Offset<flatbuffers::Vector<long int> >)	32	static
../third_party/flatbuffers/include/flatbuffers/flatbuffers.h:1597:42:flatbuffers::Offset<flatbuffers::Vector<T> > flatbuffers::FlatBufferBuilder::CreateVector(const T*, size_t) [with T = long int]	16	static
../tensorflow/tensorflow/lite/micro/test_helpers.cc:507:15:const tflite::Tensor* tflite::testing::Create1dFlatbufferTensor(int, bool)	56	static
../tensorflow/tensorflow/lite/micro/test_helpers.cc:545:15:const tflite::Tensor* tflite::testing::CreateMissingQuantizationFlatbufferTensor(int)	56	static
../tensorflow/tensorflow/lite/micro/test_helpers.cc:83:10:tflite::testing::{anonymous}::ModelBuilder::Tensor tflite::testing::{anonymous}::ModelBuilder::AddTensor(tflite::TensorType, std::initializer_list<long int>)	56	static
../tensorflow/tensorflow/lite/micro/test_helpers.cc:132:20:tflite::testing::{anonymous}::ModelBuilder::Node tflite::testing::{anonymous}::ModelBuilder::AddNode(Operator, std::initializer_list<long int>, std::initializer_list<long int>)	64	static
../third_party/flatbuffers/include/flatbuffers/flatbuffers.h:1619:29:flatbuffers::Offset<flatbuffers::Vector<flatbuffers::Offset<T> > > flatbuffers::FlatBufferBuilder::CreateVector(const flatbuffers::Offset<T>*, size_t) [with T = tflite::Tensor]	24	static
../third_party/flatbuffers/include/flatbuffers/flatbuffers.h:1619:29:flatbuffers::Offset<flatbuffers::Vector<flatbuffers::Offset<T> > > flatbuffers::FlatBufferBuilder::CreateVector(const flatbuffers::Offset<T>*, size_t) [with T = tflite::Operator]	24	static
../third_party/flatbuffers/include/flatbuffers/flatbuffers.h:1619:29:flatbuffers::Offset<flatbuffers::Vector<flatbuffers::Offset<T> > > flatbuffers::FlatBufferBuilder::CreateVector(const flatbuffers::Offset<T>*, size_t) [with T = tflite::OperatorCode]	24	static
../third_party/flatbuffers/include/flatbuffers/flatbuffers.h:1619:29:flatbuffers::Offset<flatbuffers::Vector<flatbuffers::Offset<T> > > flatbuffers::FlatBufferBuilder::CreateVector(const flatbuffers::Offset<T>*, size_t) [with T = tflite::SubGraph]	24	static
../third_party/flatbuffers/include/flatbuffers/flatbuffers.h:1619:29:flatbuffers::Offset<flatbuffers::Vector<flatbuffers::Offset<T> > > flatbuffers::FlatBufferBuilder::CreateVector(const flatbuffers::Offset<T>*, size_t) [with T = tflite::Buffer]	24	static
../tensorflow/tensorflow/lite/micro/test_helpers.cc:564:1:const flatbuffers::Vector<flatbuffers::Offset<tflite::Buffer> >* tflite::testing::CreateFlatbufferBuffers()	24	static
../tensorflow/tensorflow/lite/micro/test_helpers.cc:145:14:constprop(std::initializer_list<long int>, std::initializer_list<long int>)	64	static
../tensorflow/tensorflow/lite/micro/test_helpers.cc:186:14:const tflite::Model* tflite::testing::{anonymous}::BuildSimpleStatefulModel()	576	static
../tensorflow/tensorflow/lite/micro/test_helpers.cc:499:14:const tflite::Model* tflite::testing::GetSimpleStatefulModel()	8	static
../tensorflow/tensorflow/lite/micro/test_helpers.cc:205:14:const tflite::Model* tflite::testing::{anonymous}::BuildSimpleModelWithBranch()	616	static
../tensorflow/tensorflow/lite/micro/test_helpers.cc:491:14:const tflite::Model* tflite::testing::GetSimpleModelWithBranch()	8	static
../third_party/flatbuffers/include/flatbuffers/flatbuffers.h:1597:42:flatbuffers::Offset<flatbuffers::Vector<T> > flatbuffers::FlatBufferBuilder::CreateVector(const T*, size_t) [with T = unsigned char]	16	static
../tensorflow/tensorflow/lite/micro/test_helpers.cc:475:14:const tflite::Model* tflite::testing::GetSimpleMockModel()	152	static
../tensorflow/tensorflow/lite/micro/test_helpers.cc:483:14:const tflite::Model* tflite::testing::GetComplexMockModel()	192	static
/opt/st/stm32cubeide_1.18.1/plugins/com.st.stm32cube.ide.mcu.externaltools.gnu-tools-for-stm32.13.3.rel1.linux64_1.0.0.202410170706/tools/arm-none-eabi/include/c++/13.3.1/bits/stl_vector.h:678:7:std::vector<_Tp, _Alloc>::vector(std::initializer_list<_Tp>, const allocator_type&) [with _Tp = float; _Alloc = std::allocator<float>]	32	static
../tensorflow/tensorflow/lite/micro/test_helpers.cc:522:15:const tflite::Tensor* tflite::testing::CreateQuantizedFlatbufferTensor(int)	152	static
