../tensorflow/tensorflow/lite/micro/kernels/activations.cc:80:14:TfLiteStatus tflite::ops::micro::activations::ReluPrepare(TfLiteContext*, TfLiteNode*)	0	static
../tensorflow/tensorflow/lite/micro/kernels/activations.cc:117:14:TfLiteStatus tflite::ops::micro::activations::Relu6Prepare(TfLiteContext*, TfLiteNode*)	0	static
../tensorflow/tensorflow/lite/kernels/internal/types.h:178:3:tflite::RuntimeShape::~RuntimeShape()	8	static
../tensorflow/tensorflow/lite/kernels/internal/types.h:189:16:int32 tflite::RuntimeShape::Dims(int) const	8	static
../tensorflow/tensorflow/lite/kernels/internal/types.h:481:12:int tflite::MatchingFlatSize(const RuntimeShape&, const RuntimeShape&)	24	static
../tensorflow/tensorflow/lite/kernels/internal/tensor_ctypes.h:34:21:tflite::RuntimeShape tflite::GetTensorShape(const TfLiteTensor*)	16	static
../tensorflow/tensorflow/lite/micro/kernels/activations.cc:84:14:TfLiteStatus tflite::ops::micro::activations::ReluEval(TfLiteContext*, TfLiteNode*)	64	static
../tensorflow/tensorflow/lite/micro/kernels/activations.cc:121:14:TfLiteStatus tflite::ops::micro::activations::Relu6Eval(TfLiteContext*, TfLiteNode*)	72	static
../tensorflow/tensorflow/lite/micro/kernels/activations.cc:160:21:TfLiteRegistration* tflite::ops::micro::Register_RELU()	0	static
../tensorflow/tensorflow/lite/micro/kernels/activations.cc:172:21:TfLiteRegistration* tflite::ops::micro::Register_RELU6()	0	static
