../tensorflow/tensorflow/lite/kernels/internal/types.h:178:3:tflite::RuntimeShape::~RuntimeShape()	8	static
../tensorflow/tensorflow/lite/kernels/internal/types.h:189:16:int32 tflite::RuntimeShape::Dims(int) const	8	static
../tensorflow/tensorflow/lite/kernels/internal/types.h:194:15:void tflite::RuntimeShape::SetDim(int, int32)	8	static
../tensorflow/tensorflow/lite/kernels/internal/types.h:213:15:void tflite::RuntimeShape::Resize(int)	16	static
../tensorflow/tensorflow/lite/kernels/internal/types.h:265:14:int tflite::RuntimeShape::FlatSize() const	8	static
../tensorflow/tensorflow/lite/kernels/internal/types.h:280:3:tflite::RuntimeShape::RuntimeShape(int, const tflite::RuntimeShape&, int)	24	static
../tensorflow/tensorflow/lite/kernels/internal/types.h:379:12:int tflite::Offset(const RuntimeShape&, int, int, int, int)	16	static
../tensorflow/tensorflow/lite/kernels/internal/types.h:468:12:int tflite::MatchingElementsSize(const RuntimeShape&, const RuntimeShape&, const RuntimeShape&)	16	static
../tensorflow/tensorflow/lite/kernels/internal/common.h:138:14:int32 tflite::MultiplyByQuantizedMultiplierSmallerThanOneExp(int32, int32, int)	8	static
../tensorflow/tensorflow/lite/kernels/internal/common.h:632:12:int tflite::SubscriptToIndex(const NdArrayDesc<4>&, int, int, int, int)	16	static
../tensorflow/tensorflow/lite/kernels/internal/reference/add.h:119:13:void tflite::reference_ops::Add(const tflite::ArithmeticParams&, const tflite::RuntimeShape&, const uint8*, const tflite::RuntimeShape&, const uint8*, const tflite::RuntimeShape&, uint8*)	40	static
../tensorflow/tensorflow/lite/kernels/internal/reference/integer_ops/add.h:60:13:void tflite::reference_integer_ops::Add(const tflite::ArithmeticParams&, const tflite::RuntimeShape&, const int8_t*, const tflite::RuntimeShape&, const int8_t*, const tflite::RuntimeShape&, int8_t*)	40	static
../tensorflow/tensorflow/lite/kernels/internal/reference/process_broadcast_shapes.h:38:13:bool tflite::reference_ops::ProcessBroadcastShapes(const tflite::RuntimeShape&, const tflite::RuntimeShape&, tflite::ArithmeticParams*)	104	static
../tensorflow/tensorflow/lite/kernels/internal/tensor_ctypes.h:34:21:tflite::RuntimeShape tflite::GetTensorShape(const TfLiteTensor*)	16	static
../tensorflow/tensorflow/lite/micro/kernels/add.cc:57:14:TfLiteStatus tflite::ops::micro::add::CalculateOpData(TfLiteContext*, TfLiteAddParams*, const TfLiteTensor*, const TfLiteTensor*, TfLiteTensor*, OpData*)	64	static
../tensorflow/tensorflow/lite/micro/kernels/add.cc:190:21:TfLiteRegistration* tflite::ops::micro::Register_ADD()	0	static
../tensorflow/tensorflow/lite/kernels/internal/common.h:707:13:void tflite::CopyDimsToDesc(const RuntimeShape&, NdArrayDesc<N>*) [with int N = 4]	24	static
../tensorflow/tensorflow/lite/kernels/internal/common.h:718:13:void tflite::NdArrayDescsForElementwiseBroadcast(const RuntimeShape&, const RuntimeShape&, NdArrayDesc<N>*, NdArrayDesc<N>*) [with int N = 4]	72	static
../tensorflow/tensorflow/lite/kernels/internal/reference/add.h:179:13:void tflite::reference_ops::BroadcastAdd4DSlow(const tflite::ArithmeticParams&, const tflite::RuntimeShape&, const float*, const tflite::RuntimeShape&, const float*, const tflite::RuntimeShape&, float*)	144	static
../tensorflow/tensorflow/lite/micro/kernels/add.cc:97:6:void tflite::ops::micro::add::EvalAdd(TfLiteContext*, TfLiteNode*, TfLiteAddParams*, const OpData*, const TfLiteTensor*, const TfLiteTensor*, TfLiteTensor*)	200	static
../tensorflow/tensorflow/lite/kernels/internal/reference/integer_ops/add.h:77:13:void tflite::reference_integer_ops::BroadcastAdd4DSlow(const tflite::ArithmeticParams&, const tflite::RuntimeShape&, const int8_t*, const tflite::RuntimeShape&, const int8_t*, const tflite::RuntimeShape&, int8_t*)	136	static
../tensorflow/tensorflow/lite/kernels/internal/reference/add.h:260:13:void tflite::reference_ops::BroadcastAdd4DSlow(const tflite::ArithmeticParams&, const tflite::RuntimeShape&, const uint8*, const tflite::RuntimeShape&, const uint8*, const tflite::RuntimeShape&, uint8*)	136	static
../tensorflow/tensorflow/lite/micro/kernels/add.cc:118:14:TfLiteStatus tflite::ops::micro::add::EvalAddQuantized(TfLiteContext*, TfLiteNode*, TfLiteAddParams*, const OpData*, const TfLiteTensor*, const TfLiteTensor*, TfLiteTensor*)	192	static
../tensorflow/tensorflow/lite/micro/kernels/add.cc:118:14:TfLiteStatus tflite::ops::micro::add::EvalAddQuantized(TfLiteContext*, TfLiteNode*, TfLiteAddParams*, const OpData*, const TfLiteTensor*, const TfLiteTensor*, TfLiteTensor*)	8	static
../tensorflow/tensorflow/lite/micro/kernels/add.cc:163:14:TfLiteStatus tflite::ops::micro::add::Eval(TfLiteContext*, TfLiteNode*)	120	static
