../tensorflow/tensorflow/lite/micro/kernels/all_ops_resolver.h:22:7:tflite::ops::micro::AllOpsResolver::~AllOpsResolver()	0	static
../tensorflow/tensorflow/lite/micro/micro_mutable_op_resolver.h:40:29:const TfLiteRegistration* tflite::MicroOpResolver<tOpCount>::FindOp(tflite::BuiltinOperator, int) const [with unsigned int tOpCount = 128]	16	static
../tensorflow/tensorflow/lite/micro/kernels/all_ops_resolver.h:22:7:virtual tflite::ops::micro::AllOpsResolver::~AllOpsResolver()	8	static
../tensorflow/tensorflow/lite/micro/micro_mutable_op_resolver.h:54:29:const TfLiteRegistration* tflite::MicroOpResolver<tOpCount>::FindOp(const char*, int) const [with unsigned int tOpCount = 128]	32	static
../tensorflow/tensorflow/lite/micro/micro_mutable_op_resolver.h:68:16:TfLiteStatus tflite::MicroOpResolver<tOpCount>::AddBuiltin(tflite::BuiltinOperator, TfLiteRegistration*, int) [with unsigned int tOpCount = 128]	24	static
../tensorflow/tensorflow/lite/micro/micro_mutable_op_resolver.h:89:16:TfLiteStatus tflite::MicroOpResolver<tOpCount>::AddBuiltin(tflite::BuiltinOperator, TfLiteRegistration*, int, int) [with unsigned int tOpCount = 128]	24	static
../tensorflow/tensorflow/lite/micro/kernels/all_ops_resolver.cc:23:1:tflite::ops::micro::AllOpsResolver::AllOpsResolver()	32	static
