../tensorflow/tensorflow/lite/micro/kernels/l2norm.cc:36:14:TfLiteStatus tflite::ops::micro::l2norm::Prepare(TfLiteContext*, TfLiteNode*)	48	static
../third_party/gemmlowp/fixedpoint/fixedpoint.h:329:21:IntegerType gemmlowp::SaturatingRoundingDoublingHighMul(IntegerType, IntegerType) [with IntegerType = long int]	0	static
../tensorflow/tensorflow/lite/kernels/internal/types.h:178:3:tflite::RuntimeShape::~RuntimeShape()	8	static
../tensorflow/tensorflow/lite/kernels/internal/types.h:189:16:int32 tflite::RuntimeShape::Dims(int) const	8	static
../tensorflow/tensorflow/lite/kernels/internal/types.h:432:12:int tflite::MatchingDim(const RuntimeShape&, int, const RuntimeShape&, int)	16	static
../tensorflow/tensorflow/lite/kernels/internal/types.h:647:12:int tflite::MatchingFlatSizeSkipDim(const RuntimeShape&, int, const RuntimeShape&)	32	static
../tensorflow/tensorflow/lite/kernels/internal/tensor_ctypes.h:34:21:tflite::RuntimeShape tflite::GetTensorShape(const TfLiteTensor*)	16	static
../tensorflow/tensorflow/lite/micro/kernels/l2norm.cc:131:21:TfLiteRegistration* tflite::ops::micro::Register_L2NORM_REF()	0	static
../tensorflow/tensorflow/lite/micro/kernels/l2norm.cc:144:21:TfLiteRegistration* tflite::ops::micro::Register_L2_NORMALIZATION()	0	static
../third_party/gemmlowp/fixedpoint/fixedpoint.h:357:20:IntegerType gemmlowp::RoundingDivideByPOT(IntegerType, int) [with IntegerType = long int]	8	static
../tensorflow/tensorflow/lite/kernels/internal/common.h:547:13:void tflite::GetInvSqrtQuantizedMultiplierExp(int32, int, int32*, int*)	40	static
../tensorflow/tensorflow/lite/kernels/internal/reference/integer_ops/l2normalization.h:23:13:void tflite::reference_integer_ops::L2Normalization(int32_t, int32_t, int32_t, const int8*, int8*)	64	static
../tensorflow/tensorflow/lite/micro/kernels/l2norm.cc:71:14:TfLiteStatus tflite::ops::micro::l2norm::Eval(TfLiteContext*, TfLiteNode*)	128	static
