../tensorflow/tensorflow/lite/kernels/internal/types.h:178:3:tflite::RuntimeShape::~RuntimeShape()	8	static
../tensorflow/tensorflow/lite/kernels/internal/types.h:189:16:int32 tflite::RuntimeShape::Dims(int) const	8	static
../tensorflow/tensorflow/lite/kernels/internal/types.h:379:12:int tflite::Offset(const RuntimeShape&, int, int, int, int)	16	static
../tensorflow/tensorflow/lite/kernels/internal/types.h:432:12:int tflite::MatchingDim(const RuntimeShape&, int, const RuntimeShape&, int)	16	static
../tensorflow/tensorflow/lite/kernels/internal/reference/pooling.h:26:13:void tflite::reference_ops::AveragePool(const tflite::PoolParams&, const tflite::RuntimeShape&, const float*, const tflite::RuntimeShape&, float*)	136	static
../tensorflow/tensorflow/lite/kernels/internal/reference/pooling.h:79:13:void tflite::reference_ops::AveragePool(const tflite::PoolParams&, const tflite::RuntimeShape&, const uint8*, const tflite::RuntimeShape&, uint8*)	128	static
../tensorflow/tensorflow/lite/kernels/internal/reference/pooling.h:189:13:void tflite::reference_ops::MaxPool(const tflite::PoolParams&, const tflite::RuntimeShape&, const float*, const tflite::RuntimeShape&, float*)	144	static
../tensorflow/tensorflow/lite/kernels/internal/reference/pooling.h:239:13:void tflite::reference_ops::MaxPool(const tflite::PoolParams&, const tflite::RuntimeShape&, const uint8*, const tflite::RuntimeShape&, uint8*)	136	static
../tensorflow/tensorflow/lite/kernels/internal/reference/integer_ops/pooling.h:24:13:void tflite::reference_integer_ops::AveragePool(const tflite::PoolParams&, const tflite::RuntimeShape&, const int8*, const tflite::RuntimeShape&, int8*)	128	static
../tensorflow/tensorflow/lite/kernels/internal/reference/integer_ops/pooling.h:81:13:void tflite::reference_integer_ops::MaxPool(const tflite::PoolParams&, const tflite::RuntimeShape&, const int8*, const tflite::RuntimeShape&, int8*)	136	static
../tensorflow/tensorflow/lite/kernels/internal/tensor_ctypes.h:34:21:tflite::RuntimeShape tflite::GetTensorShape(const TfLiteTensor*)	16	static
../tensorflow/tensorflow/lite/kernels/padding.h:44:12:int tflite::ComputeOutSize(TfLitePadding, int, int, int, int)	0	static
../tensorflow/tensorflow/lite/micro/kernels/pooling.cc:37:14:TfLiteStatus tflite::ops::micro::pooling::{anonymous}::CalculateOpData(const TfLiteContext*, const TfLitePoolParams*, const TfLiteTensor*, const TfLiteTensor*, OpData*)	56	static
../tensorflow/tensorflow/lite/micro/kernels/pooling.cc:185:14:TfLiteStatus tflite::ops::micro::pooling::MaxEval(TfLiteContext*, TfLiteNode*)	160	static
../tensorflow/tensorflow/lite/micro/kernels/pooling.cc:159:14:TfLiteStatus tflite::ops::micro::pooling::AverageEval(TfLiteContext*, TfLiteNode*)	160	static
../tensorflow/tensorflow/lite/micro/kernels/pooling.cc:212:21:TfLiteRegistration* tflite::ops::micro::Register_AVERAGE_POOL_2D()	0	static
../tensorflow/tensorflow/lite/micro/kernels/pooling.cc:224:21:TfLiteRegistration* tflite::ops::micro::Register_MAX_POOL_2D()	0	static
