../tensorflow/tensorflow/lite/kernels/kernel_util.cc:176:19:tflite::{anonymous}::CalculateActivationRangeQuantizedImpl(TfLiteFusedActivation, int32_t, int32_t, TfLiteTensor*, int32_t*, int32_t*)::<lambda(float)>	0	static
../tensorflow/tensorflow/lite/kernels/kernel_util.cc:155:14:TfLiteStatus tflite::GetQuantizedConvolutionMultipler(TfLiteContext*, const TfLiteTensor*, const TfLiteTensor*, TfLiteTensor*, double*)	24	static
../tensorflow/tensorflow/lite/kernels/kernel_util.cc:117:14:TfLiteStatus tflite::GetQuantizedConvolutionMultipler(TfLiteContext*, const TfLiteTensor*, const TfLiteTensor*, const TfLiteTensor*, TfLiteTensor*, double*)	48	static
../tensorflow/tensorflow/lite/kernels/kernel_util.cc:196:14:TfLiteStatus tflite::CalculateActivationRangeQuantized(TfLiteContext*, TfLiteFusedActivation, TfLiteTensor*, int32_t*, int32_t*)	32	static
../tensorflow/tensorflow/lite/kernels/kernel_util.cc:42:14:TfLiteStatus tflite::PopulateConvolutionQuantizationParams(TfLiteContext*, const TfLiteTensor*, const TfLiteTensor*, const TfLiteTensor*, TfLiteTensor*, const TfLiteFusedActivation&, int32_t*, int*, int32_t*, int32_t*, int32_t*, int*, int)	128	static
../tensorflow/tensorflow/lite/kernels/kernel_util.cc:27:14:TfLiteStatus tflite::PopulateConvolutionQuantizationParams(TfLiteContext*, const TfLiteTensor*, const TfLiteTensor*, const TfLiteTensor*, TfLiteTensor*, const TfLiteFusedActivation&, int32_t*, int*, int32_t*, int32_t*, int32_t*, int*)	48	static
../tensorflow/tensorflow/lite/kernels/kernel_util.cc:221:6:bool tflite::HaveSameShapes(const TfLiteTensor*, const TfLiteTensor*)	8	static
/opt/st/stm32cubeide_1.18.1/plugins/com.st.stm32cube.ide.mcu.externaltools.gnu-tools-for-stm32.13.3.rel1.linux64_1.0.0.202410170706/tools/arm-none-eabi/include/c++/13.3.1/bits/unique_ptr.h:398:7:std::unique_ptr<_Tp, _Dp>::~unique_ptr() [with _Tp = TfLiteIntArray; _Dp = void (*)(TfLiteIntArray*)]	8	static
../tensorflow/tensorflow/lite/kernels/kernel_util.cc:228:14:TfLiteStatus tflite::CalculateShapeForBroadcast(TfLiteContext*, const TfLiteTensor*, const TfLiteTensor*, TfLiteIntArray**)	64	static
../tensorflow/tensorflow/lite/kernels/kernel_util.cc:251:14:TfLiteStatus tflite::CalculateShapeForBroadcast(TfLiteContext*, const TfLiteTensor*, const TfLiteTensor*, const TfLiteTensor*, TfLiteIntArray**)	72	static
