Archive member included to satisfy reference by file (symbol)

/opt/st/stm32cubeide_1.5.0/plugins/com.st.stm32cube.ide.mcu.externaltools.gnu-tools-for-stm32.7-2018-q2-update.linux64_1.5.0.202011040924/tools/bin/../lib/gcc/arm-none-eabi/7.3.1/../../../../arm-none-eabi/lib/thumb/v7e-m/fpv4-sp/hard/libstdc++.a(del_opv.o)
                              Src/JPEGDecoder.o (operator delete[](void*))
/opt/st/stm32cubeide_1.5.0/plugins/com.st.stm32cube.ide.mcu.externaltools.gnu-tools-for-stm32.7-2018-q2-update.linux64_1.5.0.202011040924/tools/bin/../lib/gcc/arm-none-eabi/7.3.1/../../../../arm-none-eabi/lib/thumb/v7e-m/fpv4-sp/hard/libstdc++.a(new_opv.o)
                              Src/JPEGDecoder.o (operator new[](unsigned int))
/opt/st/stm32cubeide_1.5.0/plugins/com.st.stm32cube.ide.mcu.externaltools.gnu-tools-for-stm32.7-2018-q2-update.linux64_1.5.0.202011040924/tools/bin/../lib/gcc/arm-none-eabi/7.3.1/../../../../arm-none-eabi/lib/thumb/v7e-m/fpv4-sp/hard/libstdc++.a(new_op.o)
                              /opt/st/stm32cubeide_1.5.0/plugins/com.st.stm32cube.ide.mcu.externaltools.gnu-tools-for-stm32.7-2018-q2-update.linux64_1.5.0.202011040924/tools/bin/../lib/gcc/arm-none-eabi/7.3.1/../../../../arm-none-eabi/lib/thumb/v7e-m/fpv4-sp/hard/libstdc++.a(new_opv.o) (operator new(unsigned int))
/opt/st/stm32cubeide_1.5.0/plugins/com.st.stm32cube.ide.mcu.externaltools.gnu-tools-for-stm32.7-2018-q2-update.linux64_1.5.0.202011040924/tools/bin/../lib/gcc/arm-none-eabi/7.3.1/../../../../arm-none-eabi/lib/thumb/v7e-m/fpv4-sp/hard/libstdc++.a(new_handler.o)
                              /opt/st/stm32cubeide_1.5.0/plugins/com.st.stm32cube.ide.mcu.externaltools.gnu-tools-for-stm32.7-2018-q2-update.linux64_1.5.0.202011040924/tools/bin/../lib/gcc/arm-none-eabi/7.3.1/../../../../arm-none-eabi/lib/thumb/v7e-m/fpv4-sp/hard/libstdc++.a(new_op.o) (std::get_new_handler())
/opt/st/stm32cubeide_1.5.0/plugins/com.st.stm32cube.ide.mcu.externaltools.gnu-tools-for-stm32.7-2018-q2-update.linux64_1.5.0.202011040924/tools/bin/../lib/gcc/arm-none-eabi/7.3.1/../../../../arm-none-eabi/lib/thumb/v7e-m/fpv4-sp/hard/libstdc++.a(del_op.o)
                              /opt/st/stm32cubeide_1.5.0/plugins/com.st.stm32cube.ide.mcu.externaltools.gnu-tools-for-stm32.7-2018-q2-update.linux64_1.5.0.202011040924/tools/bin/../lib/gcc/arm-none-eabi/7.3.1/../../../../arm-none-eabi/lib/thumb/v7e-m/fpv4-sp/hard/libstdc++.a(del_opv.o) (operator delete(void*))
/opt/st/stm32cubeide_1.5.0/plugins/com.st.stm32cube.ide.mcu.externaltools.gnu-tools-for-stm32.7-2018-q2-update.linux64_1.5.0.202011040924/tools/bin/../lib/gcc/arm-none-eabi/7.3.1/../../../../arm-none-eabi/lib/thumb/v7e-m/fpv4-sp/hard/libstdc++.a(eh_alloc.o)
                              /opt/st/stm32cubeide_1.5.0/plugins/com.st.stm32cube.ide.mcu.externaltools.gnu-tools-for-stm32.7-2018-q2-update.linux64_1.5.0.202011040924/tools/bin/../lib/gcc/arm-none-eabi/7.3.1/../../../../arm-none-eabi/lib/thumb/v7e-m/fpv4-sp/hard/libstdc++.a(new_op.o) (__cxa_allocate_exception)
/opt/st/stm32cubeide_1.5.0/plugins/com.st.stm32cube.ide.mcu.externaltools.gnu-tools-for-stm32.7-2018-q2-update.linux64_1.5.0.202011040924/tools/bin/../lib/gcc/arm-none-eabi/7.3.1/../../../../arm-none-eabi/lib/thumb/v7e-m/fpv4-sp/hard/libstdc++.a(bad_alloc.o)
                              /opt/st/stm32cubeide_1.5.0/plugins/com.st.stm32cube.ide.mcu.externaltools.gnu-tools-for-stm32.7-2018-q2-update.linux64_1.5.0.202011040924/tools/bin/../lib/gcc/arm-none-eabi/7.3.1/../../../../arm-none-eabi/lib/thumb/v7e-m/fpv4-sp/hard/libstdc++.a(new_op.o) (std::bad_alloc::~bad_alloc())
/opt/st/stm32cubeide_1.5.0/plugins/com.st.stm32cube.ide.mcu.externaltools.gnu-tools-for-stm32.7-2018-q2-update.linux64_1.5.0.202011040924/tools/bin/../lib/gcc/arm-none-eabi/7.3.1/../../../../arm-none-eabi/lib/thumb/v7e-m/fpv4-sp/hard/libstdc++.a(del_ops.o)
                              /opt/st/stm32cubeide_1.5.0/plugins/com.st.stm32cube.ide.mcu.externaltools.gnu-tools-for-stm32.7-2018-q2-update.linux64_1.5.0.202011040924/tools/bin/../lib/gcc/arm-none-eabi/7.3.1/../../../../arm-none-eabi/lib/thumb/v7e-m/fpv4-sp/hard/libstdc++.a(bad_alloc.o) (operator delete(void*, unsigned int))
/opt/st/stm32cubeide_1.5.0/plugins/com.st.stm32cube.ide.mcu.externaltools.gnu-tools-for-stm32.7-2018-q2-update.linux64_1.5.0.202011040924/tools/bin/../lib/gcc/arm-none-eabi/7.3.1/../../../../arm-none-eabi/lib/thumb/v7e-m/fpv4-sp/hard/libstdc++.a(eh_throw.o)
                              /opt/st/stm32cubeide_1.5.0/plugins/com.st.stm32cube.ide.mcu.externaltools.gnu-tools-for-stm32.7-2018-q2-update.linux64_1.5.0.202011040924/tools/bin/../lib/gcc/arm-none-eabi/7.3.1/../../../../arm-none-eabi/lib/thumb/v7e-m/fpv4-sp/hard/libstdc++.a(new_op.o) (__cxa_throw)
/opt/st/stm32cubeide_1.5.0/plugins/com.st.stm32cube.ide.mcu.externaltools.gnu-tools-for-stm32.7-2018-q2-update.linux64_1.5.0.202011040924/tools/bin/../lib/gcc/arm-none-eabi/7.3.1/../../../../arm-none-eabi/lib/thumb/v7e-m/fpv4-sp/hard/libstdc++.a(eh_catch.o)
[...]
Memory Configuration

Name             Origin             Length             Attributes
RAM              0x0000000020000000 0x0000000000050000 xrw
FLASH            0x0000000008000000 0x0000000000100000 xr
DTCMRAM          0x0000000000000000 0xffffffffffffffff
*default*        0x0000000000000000 0xffffffffffffffff

Linker script and memory map

LOAD /opt/st/stm32cubeide_1.5.0/plugins/com.st.stm32cube.ide.mcu.externaltools.gnu-tools-for-stm32.7-2018-q2-update.linux64_1.5.0.202011040924/tools/bin/../lib/gcc/arm-none-eabi/7.3.1/thumb/v7e-m/fpv4-sp/hard/crti.o
LOAD /opt/st/stm32cubeide_1.5.0/plugins/com.st.stm32cube.ide.mcu.externaltools.gnu-tools-for-stm32.7-2018-q2-update.linux64_1.5.0.202011040924/tools/bin/../lib/gcc/arm-none-eabi/7.3.1/thumb/v7e-m/fpv4-sp/hard/crtbegin.o
LOAD /opt/st/stm32cubeide_1.5.0/plugins/com.st.stm32cube.ide.mcu.externaltools.gnu-tools-for-stm32.7-2018-q2-update.linux64_1.5.0.202011040924/tools/bin/../lib/gcc/arm-none-eabi/7.3.1/../../../../arm-none-eabi/lib/thumb/v7e-m/fpv4-sp/hard/crt0.o
LOAD .metadata/.plugins/org.eclipse.cdt.make.core/specs.o
LOAD .metadata/.plugins/org.eclipse.cdt.make.core/specs.o
LOAD Drivers/BSP/Components/exc7200/exc7200.o
LOAD Drivers/BSP/Components/ft5336/ft5336.o
LOAD Drivers/BSP/Components/mfxstm32l152/mfxstm32l152.o
LOAD Drivers/BSP/Components/ov9655/ov9655.o
LOAD Drivers/BSP/Components/s5k5cag/s5k5cag.o
LOAD Drivers/BSP/Components/stmpe811/stmpe811.o
LOAD Drivers/BSP/Components/ts3510/ts3510.o
LOAD Drivers/BSP/Components/wm8994/wm8994.o
LOAD Drivers/BSP/STM32746G-Discovery/stm32746g_discovery.o
LOAD Drivers/BSP/STM32746G-Discovery/stm32746g_discovery_audio.o
LOAD Drivers/BSP/STM32746G-Discovery/stm32746g_discovery_eeprom.o
LOAD Drivers/BSP/STM32746G-Discovery/stm32746g_discovery_lcd.o
LOAD Drivers/BSP/STM32746G-Discovery/stm32746g_discovery_qspi.o
LOAD Drivers/BSP/STM32746G-Discovery/stm32746g_discovery_sd.o
LOAD Drivers/BSP/STM32746G-Discovery/stm32746g_discovery_sdram.o
LOAD Drivers/BSP/STM32746G-Discovery/stm32746g_discovery_ts.o
LOAD Drivers/STM32F7xx_HAL_Driver/Src/stm32f7xx_hal.o
LOAD Drivers/STM32F7xx_HAL_Driver/Src/stm32f7xx_hal_adc.o
LOAD Drivers/STM32F7xx_HAL_Driver/Src/stm32f7xx_hal_adc_ex.o
LOAD Drivers/STM32F7xx_HAL_Driver/Src/stm32f7xx_hal_cortex.o
LOAD Drivers/STM32F7xx_HAL_Driver/Src/stm32f7xx_hal_dcmi.o
LOAD Drivers/STM32F7xx_HAL_Driver/Src/stm32f7xx_hal_dcmi_ex.o
LOAD Drivers/STM32F7xx_HAL_Driver/Src/stm32f7xx_hal_dma.o
LOAD Drivers/STM32F7xx_HAL_Driver/Src/stm32f7xx_hal_dma2d.o
LOAD Drivers/STM32F7xx_HAL_Driver/Src/stm32f7xx_hal_dma_ex.o
LOAD Drivers/STM32F7xx_HAL_Driver/Src/stm32f7xx_hal_dsi.o
LOAD Drivers/STM32F7xx_HAL_Driver/Src/stm32f7xx_hal_flash.o
LOAD Drivers/STM32F7xx_HAL_Driver/Src/stm32f7xx_hal_flash_ex.o
LOAD Drivers/STM32F7xx_HAL_Driver/Src/stm32f7xx_hal_gpio.o
LOAD Drivers/STM32F7xx_HAL_Driver/Src/stm32f7xx_hal_i2c.o
LOAD Drivers/STM32F7xx_HAL_Driver/Src/stm32f7xx_hal_i2c_ex.o
LOAD Drivers/STM32F7xx_HAL_Driver/Src/stm32f7xx_hal_ltdc.o
LOAD Drivers/STM32F7xx_HAL_Driver/Src/stm32f7xx_hal_ltdc_ex.o
LOAD Drivers/STM32F7xx_HAL_Driver/Src/stm32f7xx_hal_pwr.o
LOAD Drivers/STM32F7xx_HAL_Driver/Src/stm32f7xx_hal_pwr_ex.o
LOAD Drivers/STM32F7xx_HAL_Driver/Src/stm32f7xx_hal_qspi.o
LOAD Drivers/STM32F7xx_HAL_Driver/Src/stm32f7xx_hal_rcc.o
LOAD Drivers/STM32F7xx_HAL_Driver/Src/stm32f7xx_hal_rcc_ex.o
LOAD Drivers/STM32F7xx_HAL_Driver/Src/stm32f7xx_hal_rtc.o
LOAD Drivers/STM32F7xx_HAL_Driver/Src/stm32f7xx_hal_rtc_ex.o
LOAD Drivers/STM32F7xx_HAL_Driver/Src/stm32f7xx_hal_sai.o
LOAD Drivers/STM32F7xx_HAL_Driver/Src/stm32f7xx_hal_sai_ex.o
LOAD Drivers/STM32F7xx_HAL_Driver/Src/stm32f7xx_hal_sd.o
LOAD Drivers/STM32F7xx_HAL_Driver/Src/stm32f7xx_hal_sdram.o
LOAD Drivers/STM32F7xx_HAL_Driver/Src/stm32f7xx_hal_spi.o
LOAD Drivers/STM32F7xx_HAL_Driver/Src/stm32f7xx_hal_tim.o
LOAD Drivers/STM32F7xx_HAL_Driver/Src/stm32f7xx_hal_tim_ex.o
LOAD Drivers/STM32F7xx_HAL_Driver/Src/stm32f7xx_hal_uart.o
LOAD Drivers/STM32F7xx_HAL_Driver/Src/stm32f7xx_ll_fmc.o
LOAD Drivers/STM32F7xx_HAL_Driver/Src/stm32f7xx_ll_sdmmc.o
LOAD Src/JPEGDecoder.o
LOAD Src/camera.o
LOAD Src/camera_i2c.o
LOAD Src/camera_spi.o
LOAD Src/lcd.o
LOAD Src/main.o
LOAD Src/picojpeg.o
LOAD Src/startup_stm32f746xx.o
LOAD Src/stm32f7xx_hal_msp.o
LOAD Src/stm32f7xx_it.o
LOAD Src/system_stm32f7xx.o
LOAD Src/TinyEngine/codegen/Source/depthwise_kernel3x3_stride1_inplace_CHW_fpreq.o
LOAD Src/TinyEngine/codegen/Source/depthwise_kernel3x3_stride1_inplace_CHW_fpreq_bitmask.o
LOAD Src/TinyEngine/codegen/Source/depthwise_kernel3x3_stride1_inplace_CHW_fpreq_mask.o
LOAD Src/TinyEngine/codegen/Source/depthwise_kernel3x3_stride2_inplace_CHW_fpreq.o
LOAD Src/TinyEngine/codegen/Source/depthwise_kernel3x3_stride2_inplace_CHW_fpreq_bitmask.o
LOAD Src/TinyEngine/codegen/Source/depthwise_kernel3x3_stride2_inplace_CHW_fpreq_mask.o
LOAD Src/TinyEngine/codegen/Source/depthwise_kernel5x5_stride1_inplace_CHW_fpreq.o
LOAD Src/TinyEngine/codegen/Source/depthwise_kernel5x5_stride1_inplace_CHW_fpreq_bitmask.o
LOAD Src/TinyEngine/codegen/Source/depthwise_kernel5x5_stride1_inplace_CHW_fpreq_mask.o
LOAD Src/TinyEngine/codegen/Source/depthwise_kernel5x5_stride2_inplace_CHW_fpreq.o
LOAD Src/TinyEngine/codegen/Source/depthwise_kernel5x5_stride2_inplace_CHW_fpreq_bitmask.o
LOAD Src/TinyEngine/codegen/Source/depthwise_kernel5x5_stride2_inplace_CHW_fpreq_mask.o
LOAD Src/TinyEngine/codegen/Source/depthwise_kernel7x7_stride1_inplace_CHW_fpreq.o
LOAD Src/TinyEngine/codegen/Source/depthwise_kernel7x7_stride1_inplace_CHW_fpreq_bitmask.o
LOAD Src/TinyEngine/codegen/Source/depthwise_kernel7x7_stride1_inplace_CHW_fpreq_mask.o
LOAD Src/TinyEngine/codegen/Source/depthwise_kernel7x7_stride2_inplace_CHW_fpreq.o
LOAD Src/TinyEngine/codegen/Source/depthwise_kernel7x7_stride2_inplace_CHW_fpreq_bitmask.o
LOAD Src/TinyEngine/codegen/Source/depthwise_kernel7x7_stride2_inplace_CHW_fpreq_mask.o
LOAD Src/TinyEngine/codegen/Source/genModel.o
LOAD Src/TinyEngine/src/kernels/fp_backward_op/add_fp.o
LOAD Src/TinyEngine/src/kernels/fp_backward_op/div_fp.o
LOAD Src/TinyEngine/src/kernels/fp_backward_op/group_conv_fp_kernel4_stride1_pad0.o
LOAD Src/TinyEngine/src/kernels/fp_backward_op/group_conv_fp_kernel8_stride1_pad0.o
LOAD Src/TinyEngine/src/kernels/fp_backward_op/group_pointwise_conv_fp.o
LOAD Src/TinyEngine/src/kernels/fp_backward_op/less_fp.o
LOAD Src/TinyEngine/src/kernels/fp_backward_op/log_softmax_fp.o
LOAD Src/TinyEngine/src/kernels/fp_backward_op/mul_fp.o
LOAD Src/TinyEngine/src/kernels/fp_backward_op/negative_fp.o
LOAD Src/TinyEngine/src/kernels/fp_backward_op/nll_loss_fp.o
LOAD Src/TinyEngine/src/kernels/fp_backward_op/pointwise_conv_fp.o
LOAD Src/TinyEngine/src/kernels/fp_backward_op/strided_slice_3Dto3D_fp.o
LOAD Src/TinyEngine/src/kernels/fp_backward_op/strided_slice_4Dto4D_fp.o
LOAD Src/TinyEngine/src/kernels/fp_backward_op/sub_fp.o
LOAD Src/TinyEngine/src/kernels/fp_backward_op/sum_2D_fp.o
LOAD Src/TinyEngine/src/kernels/fp_backward_op/sum_3D_fp.o
LOAD Src/TinyEngine/src/kernels/fp_backward_op/sum_4D_exclude_fp.o
LOAD Src/TinyEngine/src/kernels/fp_backward_op/transpose_depthwise_conv_fp_kernel3_stride1_inpad1_outpad0.o
LOAD Src/TinyEngine/src/kernels/fp_backward_op/transpose_depthwise_conv_fp_kernel3_stride2_inpad1_outpad1.o
LOAD Src/TinyEngine/src/kernels/fp_backward_op/transpose_depthwise_conv_fp_kernel5_stride1_inpad2_outpad0.o
LOAD Src/TinyEngine/src/kernels/fp_backward_op/transpose_depthwise_conv_fp_kernel5_stride2_inpad2_outpad1.o
LOAD Src/TinyEngine/src/kernels/fp_backward_op/transpose_depthwise_conv_fp_kernel7_stride1_inpad3_outpad0.o
LOAD Src/TinyEngine/src/kernels/fp_backward_op/transpose_depthwise_conv_fp_kernel7_stride2_inpad3_outpad1.o
LOAD Src/TinyEngine/src/kernels/fp_backward_op/tte_exp_fp.o
LOAD Src/TinyEngine/src/kernels/fp_backward_op/where_fp.o
LOAD Src/TinyEngine/src/kernels/fp_requantize_op/add_fpreq.o
LOAD Src/TinyEngine/src/kernels/fp_requantize_op/convolve_1x1_s8_ch16_fpreq.o
LOAD Src/TinyEngine/src/kernels/fp_requantize_op/convolve_1x1_s8_ch24_fpreq.o
LOAD Src/TinyEngine/src/kernels/fp_requantize_op/convolve_1x1_s8_ch48_fpreq.o
LOAD Src/TinyEngine/src/kernels/fp_requantize_op/convolve_1x1_s8_ch8_fpreq.o
LOAD Src/TinyEngine/src/kernels/fp_requantize_op/convolve_1x1_s8_fpreq.o
LOAD Src/TinyEngine/src/kernels/fp_requantize_op/convolve_1x1_s8_fpreq_mask.o
LOAD Src/TinyEngine/src/kernels/fp_requantize_op/convolve_1x1_s8_fpreq_mask_partialCH.o
LOAD Src/TinyEngine/src/kernels/fp_requantize_op/convolve_s8_kernel3_inputch3_stride2_pad1_fpreq.o
LOAD Src/TinyEngine/src/kernels/fp_requantize_op/mat_mul_kernels_fpreq.o
LOAD Src/TinyEngine/src/kernels/int_forward_op/add.o
LOAD Src/TinyEngine/src/kernels/int_forward_op/arm_convolve_s8_4col.o
LOAD Src/TinyEngine/src/kernels/int_forward_op/arm_nn_mat_mult_kernel3_input3_s8_s16.o
LOAD Src/TinyEngine/src/kernels/int_forward_op/arm_nn_mat_mult_kernel_s8_s16_reordered_8mul.o
LOAD Src/TinyEngine/src/kernels/int_forward_op/arm_nn_mat_mult_kernel_s8_s16_reordered_oddch.o
LOAD Src/TinyEngine/src/kernels/int_forward_op/avgpooling.o
LOAD Src/TinyEngine/src/kernels/int_forward_op/concat_ch.o
LOAD Src/TinyEngine/src/kernels/int_forward_op/convolve_1x1_s8.o
LOAD Src/TinyEngine/src/kernels/int_forward_op/convolve_1x1_s8_SRAM.o
LOAD Src/TinyEngine/src/kernels/int_forward_op/convolve_1x1_s8_ch16.o
LOAD Src/TinyEngine/src/kernels/int_forward_op/convolve_1x1_s8_ch24.o
LOAD Src/TinyEngine/src/kernels/int_forward_op/convolve_1x1_s8_ch48.o
LOAD Src/TinyEngine/src/kernels/int_forward_op/convolve_1x1_s8_ch8.o
LOAD Src/TinyEngine/src/kernels/int_forward_op/convolve_1x1_s8_kbuf.o
LOAD Src/TinyEngine/src/kernels/int_forward_op/convolve_1x1_s8_oddch.o
LOAD Src/TinyEngine/src/kernels/int_forward_op/convolve_1x1_s8_skip_pad.o
LOAD Src/TinyEngine/src/kernels/int_forward_op/convolve_s8_kernel2x3_inputch3_stride2_pad1.o
LOAD Src/TinyEngine/src/kernels/int_forward_op/convolve_s8_kernel3_inputch3_stride2_pad1.o
LOAD Src/TinyEngine/src/kernels/int_forward_op/convolve_s8_kernel3_stride1_pad1.o
LOAD Src/TinyEngine/src/kernels/int_forward_op/convolve_s8_kernel3x2_inputch3_stride2_pad1.o
LOAD Src/TinyEngine/src/kernels/int_forward_op/convolve_u8_kernel3_inputch3_stride1_pad1.o
LOAD Src/TinyEngine/src/kernels/int_forward_op/convolve_u8_kernel3_inputch3_stride2_pad1.o
LOAD Src/TinyEngine/src/kernels/int_forward_op/element_mult.o
LOAD Src/TinyEngine/src/kernels/int_forward_op/fully_connected.o
LOAD Src/TinyEngine/src/kernels/int_forward_op/mat_mul_fp.o
LOAD Src/TinyEngine/src/kernels/int_forward_op/mat_mult_kernels.o
LOAD Src/TinyEngine/src/kernels/int_forward_op/maxpooling.o
LOAD Src/TinyEngine/src/kernels/int_forward_op/patchpadding_convolve_s8_kernel3_inputch3_stride2.o
LOAD Src/TinyEngine/src/kernels/int_forward_op/patchpadding_depthwise_kernel3x3_stride1_inplace_CHW.o
LOAD Src/TinyEngine/src/kernels/int_forward_op/patchpadding_depthwise_kernel3x3_stride2_inplace_CHW.o
LOAD Src/TinyEngine/src/kernels/int_forward_op/patchpadding_kbuf_convolve_s8_kernel3_inputch3_stride2.o
LOAD Src/TinyEngine/src/kernels/int_forward_op/stable_softmax.o
LOAD Src/TinyEngine/src/kernels/int_forward_op/upsample_byte.o
LOAD Src/TinyEngine/src/yoloOutput.o
LOAD Src/sys/_io.o
LOAD Src/sys/stubs.o
LOAD Utilities/Fonts/font12.o
LOAD Utilities/Fonts/font16.o
LOAD Utilities/Fonts/font20.o
LOAD Utilities/Fonts/font24.o
LOAD Utilities/Fonts/font8.o
START GROUP
LOAD /opt/st/stm32cubeide_1.5.0/plugins/com.st.stm32cube.ide.mcu.externaltools.gnu-tools-for-stm32.7-2018-q2-update.linux64_1.5.0.202011040924/tools/bin/../lib/gcc/arm-none-eabi/7.3.1/../../../../arm-none-eabi/lib/thumb/v7e-m/fpv4-sp/hard/libstdc++.a
LOAD /opt/st/stm32cubeide_1.5.0/plugins/com.st.stm32cube.ide.mcu.externaltools.gnu-tools-for-stm32.7-2018-q2-update.linux64_1.5.0.202011040924/tools/bin/../lib/gcc/arm-none-eabi/7.3.1/../../../../arm-none-eabi/lib/thumb/v7e-m/fpv4-sp/hard/libsupc++.a
END GROUP
LOAD /opt/st/stm32cubeide_1.5.0/plugins/com.st.stm32cube.ide.mcu.externaltools.gnu-tools-for-stm32.7-2018-q2-update.linux64_1.5.0.202011040924/tools/bin/../lib/gcc/arm-none-eabi/7.3.1/../../../../arm-none-eabi/lib/thumb/v7e-m/fpv4-sp/hard/libstdc++.a
LOAD /opt/st/stm32cubeide_1.5.0/plugins/com.st.stm32cube.ide.mcu.externaltools.gnu-tools-for-stm32.7-2018-q2-update.linux64_1.5.0.202011040924/tools/bin/../lib/gcc/arm-none-eabi/7.3.1/../../../../arm-none-eabi/lib/thumb/v7e-m/fpv4-sp/hard/libm.a
LOAD /opt/st/stm32cubeide_1.5.0/plugins/com.st.stm32cube.ide.mcu.externaltools.gnu-tools-for-stm32.7-2018-q2-update.linux64_1.5.0.202011040924/tools/bin/../lib/gcc/arm-none-eabi/7.3.1/../../../../arm-none-eabi/lib/thumb/v7e-m/fpv4-sp/hard/libc.a
START GROUP
LOAD /opt/st/stm32cubeide_1.5.0/plugins/com.st.stm32cube.ide.mcu.externaltools.gnu-tools-for-stm32.7-2018-q2-update.linux64_1.5.0.202011040924/tools/bin/../lib/gcc/arm-none-eabi/7.3.1/thumb/v7e-m/fpv4-sp/hard/libgcc.a
LOAD /opt/st/stm32cubeide_1.5.0/plugins/com.st.stm32cube.ide.mcu.externaltools.gnu-tools-for-stm32.7-2018-q2-update.linux64_1.5.0.202011040924/tools/bin/../lib/gcc/arm-none-eabi/7.3.1/../../../../arm-none-eabi/lib/thumb/v7e-m/fpv4-sp/hard/libc.a
END GROUP
START GROUP
LOAD /opt/st/stm32cubeide_1.5.0/plugins/com.st.stm32cube.ide.mcu.externaltools.gnu-tools-for-stm32.7-2018-q2-update.linux64_1.5.0.202011040924/tools/bin/../lib/gcc/arm-none-eabi/7.3.1/thumb/v7e-m/fpv4-sp/hard/libgcc.a
LOAD /opt/st/stm32cubeide_1.5.0/plugins/com.st.stm32cube.ide.mcu.externaltools.gnu-tools-for-stm32.7-2018-q2-update.linux64_1.5.0.202011040924/tools/bin/../lib/gcc/arm-none-eabi/7.3.1/../../../../arm-none-eabi/lib/thumb/v7e-m/fpv4-sp/hard/libc.a
LOAD /opt/st/stm32cubeide_1.5.0/plugins/com.st.stm32cube.ide.mcu.externaltools.gnu-tools-for-stm32.7-2018-q2-update.linux64_1.5.0.202011040924/tools/bin/../lib/gcc/arm-none-eabi/7.3.1/../../../../arm-none-eabi/lib/thumb/v7e-m/fpv4-sp/hard/libnosys.a
END GROUP
LOAD /opt/st/stm32cubeide_1.5.0/plugins/com.st.stm32cube.ide.mcu.externaltools.gnu-tools-for-stm32.7-2018-q2-update.linux64_1.5.0.202011040924/tools/bin/../lib/gcc/arm-none-eabi/7.3.1/thumb/v7e-m/fpv4-sp/hard/crtend.o
LOAD /opt/st/stm32cubeide_1.5.0/plugins/com.st.stm32cube.ide.mcu.externaltools.gnu-tools-for-stm32.7-2018-q2-update.linux64_1.5.0.202011040924/tools/bin/../lib/gcc/arm-none-eabi/7.3.1/thumb/v7e-m/fpv4-sp/hard/crtn.o
                0x000000002004ffff                _estack = 0x2004ffff
                0x0000000000000600                _Min_Heap_Size = 0x600
                0x0000000000000400                _Min_Stack_Size = 0x400

.isr_vector     0x0000000008000000      0x1c8
                0x0000000008000000                . = ALIGN (0x4)
 *(.isr_vector)
 .isr_vector    0x0000000008000000      0x1c8 Src/startup_stm32f746xx.o
                0x0000000008000000                g_pfnVectors
                0x00000000080001c8                . = ALIGN (0x4)

.text           0x00000000080001d0    0x1c028
                0x00000000080001d0                . = ALIGN (0x4)
 *(.text)
 .text          0x00000000080001d0       0x40 /opt/st/stm32cubeide_1.5.0/plugins/com.st.stm32cube.ide.mcu.externaltools.gnu-tools-for-stm32.7-2018-q2-update.linux64_1.5.0.202011040924/tools/bin/../lib/gcc/arm-none-eabi/7.3.1/thumb/v7e-m/fpv4-sp/hard/crtbegin.o
 .text          0x0000000008000210     0x6adc /opt/st/stm32cubeide_1.5.0/plugins/com.st.stm32cube.ide.mcu.externaltools.gnu-tools-for-stm32.7-2018-q2-update.linux64_1.5.0.202011040924/tools/bin/../lib/gcc/arm-none-eabi/7.3.1/../../../../arm-none-eabi/lib/thumb/v7e-m/fpv4-sp/hard/libstdc++.a(cp-demangle.o)
                0x0000000008006c00                __cxa_demangle
                0x0000000008006cc8                __gcclibcxx_demangle_callback
 *fill*         0x0000000008006cec        0x4 
 .text          0x0000000008006cf0       0xa0 /opt/st/stm32cubeide_1.5.0/plugins/com.st.stm32cube.ide.mcu.externaltools.gnu-tools-for-stm32.7-2018-q2-update.linux64_1.5.0.202011040924/tools/bin/../lib/gcc/arm-none-eabi/7.3.1/../../../../arm-none-eabi/lib/thumb/v7e-m/fpv4-sp/hard/libc.a(lib_a-memchr.o)
                0x0000000008006cf0                memchr
 .text          0x0000000008006d90       0x14 /opt/st/stm32cubeide_1.5.0/plugins/com.st.stm32cube.ide.mcu.externaltools.gnu-tools-for-stm32.7-2018-q2-update.linux64_1.5.0.202011040924/tools/bin/../lib/gcc/arm-none-eabi/7.3.1/../../../../arm-none-eabi/lib/thumb/v7e-m/fpv4-sp/hard/libc.a(lib_a-strcmp.o)
                0x0000000008006d90                strcmp
 .text          0x0000000008006da4       0x10 /opt/st/stm32cubeide_1.5.0/plugins/com.st.stm32cube.ide.mcu.externaltools.gnu-tools-for-stm32.7-2018-q2-update.linux64_1.5.0.202011040924/tools/bin/../lib/gcc/arm-none-eabi/7.3.1/../../../../arm-none-eabi/lib/thumb/v7e-m/fpv4-sp/hard/libc.a(lib_a-strlen.o)
                0x0000000008006da4                strlen
 .text          0x0000000008006db4      0x378 /opt/st/stm32cubeide_1.5.0/plugins/com.st.stm32cube.ide.mcu.externaltools.gnu-tools-for-stm32.7-2018-q2-update.linux64_1.5.0.202011040924/tools/bin/../lib/gcc/arm-none-eabi/7.3.1/thumb/v7e-m/fpv4-sp/hard/libgcc.a(_arm_addsubdf3.o)
                0x0000000008006db4                __aeabi_drsub
                0x0000000008006dbc                __aeabi_dsub
                0x0000000008006dbc                __subdf3
                0x0000000008006dc0                __adddf3
                0x0000000008006dc0                __aeabi_dadd
                0x0000000008007038                __aeabi_ui2d
                0x0000000008007038                __floatunsidf
                0x0000000008007058                __floatsidf
                0x0000000008007058                __aeabi_i2d
                0x000000000800707c                __extendsfdf2
                0x000000000800707c                __aeabi_f2d
                0x00000000080070c0                __aeabi_ul2d
                0x00000000080070c0                __floatundidf
                0x00000000080070d0                __floatdidf
                0x00000000080070d0                __aeabi_l2d
 .text          0x000000000800712c      0x424 /opt/st/stm32cubeide_1.5.0/plugins/com.st.stm32cube.ide.mcu.externaltools.gnu-tools-for-stm32.7-2018-q2-update.linux64_1.5.0.202011040924/tools/bin/../lib/gcc/arm-none-eabi/7.3.1/thumb/v7e-m/fpv4-sp/hard/libgcc.a(_arm_muldivdf3.o)
                0x000000000800712c                __aeabi_dmul
                0x000000000800712c                __muldf3
                0x0000000008007380                __aeabi_ddiv
                0x0000000008007380                __divdf3
 .text          0x0000000008007550      0x110 /opt/st/stm32cubeide_1.5.0/plugins/com.st.stm32cube.ide.mcu.externaltools.gnu-tools-for-stm32.7-2018-q2-update.linux64_1.5.0.202011040924/tools/bin/../lib/gcc/arm-none-eabi/7.3.1/thumb/v7e-m/fpv4-sp/hard/libgcc.a(_arm_cmpdf2.o)
                0x0000000008007550                __gtdf2
                0x0000000008007550                __gedf2
                0x0000000008007558                __ltdf2
                0x0000000008007558                __ledf2
                0x0000000008007560                __cmpdf2
                0x0000000008007560                __eqdf2
                0x0000000008007560                __nedf2
                0x00000000080075dc                __aeabi_cdrcmple
                0x00000000080075ec                __aeabi_cdcmple
                0x00000000080075ec                __aeabi_cdcmpeq
                0x00000000080075fc                __aeabi_dcmpeq
                0x0000000008007610                __aeabi_dcmplt
                0x0000000008007624                __aeabi_dcmple
                0x0000000008007638                __aeabi_dcmpge
                0x000000000800764c                __aeabi_dcmpgt
 .text          0x0000000008007660       0x2c /opt/st/stm32cubeide_1.5.0/plugins/com.st.stm32cube.ide.mcu.externaltools.gnu-tools-for-stm32.7-2018-q2-update.linux64_1.5.0.202011040924/tools/bin/../lib/gcc/arm-none-eabi/7.3.1/thumb/v7e-m/fpv4-sp/hard/libgcc.a(_arm_unorddf2.o)
                0x0000000008007660                __aeabi_dcmpun
                0x0000000008007660                __unorddf2
 .text          0x000000000800768c       0x50 /opt/st/stm32cubeide_1.5.0/plugins/com.st.stm32cube.ide.mcu.externaltools.gnu-tools-for-stm32.7-2018-q2-update.linux64_1.5.0.202011040924/tools/bin/../lib/gcc/arm-none-eabi/7.3.1/thumb/v7e-m/fpv4-sp/hard/libgcc.a(_arm_fixdfsi.o)
                0x000000000800768c                __fixdfsi
                0x000000000800768c                __aeabi_d2iz
 .text          0x00000000080076dc       0x30 /opt/st/stm32cubeide_1.5.0/plugins/com.st.stm32cube.ide.mcu.externaltools.gnu-tools-for-stm32.7-2018-q2-update.linux64_1.5.0.202011040924/tools/bin/../lib/gcc/arm-none-eabi/7.3.1/thumb/v7e-m/fpv4-sp/hard/libgcc.a(_aeabi_uldivmod.o)
                0x00000000080076dc                __aeabi_uldivmod
 .text          0x000000000800770c      0x2cc /opt/st/stm32cubeide_1.5.0/plugins/com.st.stm32cube.ide.mcu.externaltools.gnu-tools-for-stm32.7-2018-q2-update.linux64_1.5.0.202011040924/tools/bin/../lib/gcc/arm-none-eabi/7.3.1/thumb/v7e-m/fpv4-sp/hard/libgcc.a(_udivmoddi4.o)
                0x000000000800770c                __udivmoddi4
 .text          0x00000000080079d8      0x9ec /opt/st/stm32cubeide_1.5.0/plugins/com.st.stm32cube.ide.mcu.externaltools.gnu-tools-for-stm32.7-2018-q2-update.linux64_1.5.0.202011040924/tools/bin/../lib/gcc/arm-none-eabi/7.3.1/thumb/v7e-m/fpv4-sp/hard/libgcc.a(unwind-arm.o)
                0x0000000008007c8c                _Unwind_GetCFA
                0x0000000008007c90                __gnu_Unwind_RaiseException
                0x0000000008007cf0                __gnu_Unwind_ForcedUnwind
                0x0000000008007d04                __gnu_Unwind_Resume
                0x0000000008007d48                __gnu_Unwind_Resume_or_Rethrow
                0x0000000008007d58                _Unwind_Complete
                0x0000000008007d5c                _Unwind_DeleteException
                0x0000000008007d68                _Unwind_VRS_Get
                0x0000000008007dac                _Unwind_VRS_Set
                0x0000000008007df4                __gnu_Unwind_Backtrace
                0x0000000008008138                __aeabi_unwind_cpp_pr0
                0x000000000800813c                __aeabi_unwind_cpp_pr1
                0x0000000008008140                __aeabi_unwind_cpp_pr2
                0x0000000008008144                _Unwind_VRS_Pop
 .text          0x00000000080083c4      0x1ac /opt/st/stm32cubeide_1.5.0/plugins/com.st.stm32cube.ide.mcu.externaltools.gnu-tools-for-stm32.7-2018-q2-update.linux64_1.5.0.202011040924/tools/bin/../lib/gcc/arm-none-eabi/7.3.1/thumb/v7e-m/fpv4-sp/hard/libgcc.a(libunwind.o)
                0x00000000080083c4                __restore_core_regs
                0x00000000080083c4                restore_core_regs
                0x00000000080083dc                __gnu_Unwind_Restore_VFP
                0x00000000080083e4                __gnu_Unwind_Save_VFP
                0x00000000080083ec                __gnu_Unwind_Restore_VFP_D
                0x00000000080083f4                __gnu_Unwind_Save_VFP_D
                0x00000000080083fc                __gnu_Unwind_Restore_VFP_D_16_to_31
                0x0000000008008404                __gnu_Unwind_Save_VFP_D_16_to_31
                0x000000000800840c                __gnu_Unwind_Restore_WMMXD
                0x0000000008008450                __gnu_Unwind_Save_WMMXD
                0x0000000008008494                __gnu_Unwind_Restore_WMMXC
                0x00000000080084a8                __gnu_Unwind_Save_WMMXC
                0x00000000080084bc                ___Unwind_RaiseException
                0x00000000080084bc                _Unwind_RaiseException
                0x00000000080084e0                ___Unwind_Resume
                0x00000000080084e0                _Unwind_Resume
                0x0000000008008504                _Unwind_Resume_or_Rethrow
                0x0000000008008504                ___Unwind_Resume_or_Rethrow
                0x0000000008008528                ___Unwind_ForcedUnwind
                0x0000000008008528                _Unwind_ForcedUnwind
                0x000000000800854c                _Unwind_Backtrace
                0x000000000800854c                ___Unwind_Backtrace
 .text          0x0000000008008570      0x374 /opt/st/stm32cubeide_1.5.0/plugins/com.st.stm32cube.ide.mcu.externaltools.gnu-tools-for-stm32.7-2018-q2-update.linux64_1.5.0.202011040924/tools/bin/../lib/gcc/arm-none-eabi/7.3.1/thumb/v7e-m/fpv4-sp/hard/libgcc.a(pr-support.o)
                0x00000000080085c8                __gnu_unwind_execute
                0x000000000800888c                __gnu_unwind_frame
                0x00000000080088b4                _Unwind_GetRegionStart
                0x00000000080088c0                _Unwind_GetLanguageSpecificData
                0x00000000080088d4                _Unwind_GetDataRelBase
                0x00000000080088dc                _Unwind_GetTextRelBase
 .text          0x00000000080088e4        0x4 /opt/st/stm32cubeide_1.5.0/plugins/com.st.stm32cube.ide.mcu.externaltools.gnu-tools-for-stm32.7-2018-q2-update.linux64_1.5.0.202011040924/tools/bin/../lib/gcc/arm-none-eabi/7.3.1/thumb/v7e-m/fpv4-sp/hard/libgcc.a(_dvmd_tls.o)
                0x00000000080088e4                __aeabi_ldiv0
                0x00000000080088e4                __aeabi_idiv0
 *(.text*)
 .text.BSP_PB_Init
                0x00000000080088e8       0xb0 Drivers/BSP/STM32746G-Discovery/stm32746g_discovery.o
                0x00000000080088e8                BSP_PB_Init
 .text.BSP_LCD_GetXSize
                0x0000000008008998       0x18 Drivers/BSP/STM32746G-Discovery/stm32746g_discovery_lcd.o
                0x0000000008008998                BSP_LCD_GetXSize
 .text.BSP_LCD_GetYSize
                0x00000000080089b0       0x18 Drivers/BSP/STM32746G-Discovery/stm32746g_discovery_lcd.o
                0x00000000080089b0                BSP_LCD_GetYSize
 .text.BSP_LCD_LayerRgb565Init
                0x00000000080089c8       0x80 Drivers/BSP/STM32746G-Discovery/stm32746g_discovery_lcd.o
                0x00000000080089c8                BSP_LCD_LayerRgb565Init
 .text.BSP_LCD_SelectLayer
                0x0000000008008a48        0xc Drivers/BSP/STM32746G-Discovery/stm32746g_discovery_lcd.o
                0x0000000008008a48                BSP_LCD_SelectLayer
 .text.BSP_LCD_SetTransparency
                0x0000000008008a54        0xc Drivers/BSP/STM32746G-Discovery/stm32746g_discovery_lcd.o
                0x0000000008008a54                BSP_LCD_SetTransparency
 .text.BSP_LCD_SetTextColor
                0x0000000008008a60       0x18 Drivers/BSP/STM32746G-Discovery/stm32746g_discovery_lcd.o
                0x0000000008008a60                BSP_LCD_SetTextColor
 .text.BSP_LCD_Clear
                0x0000000008008a78       0x80 Drivers/BSP/STM32746G-Discovery/stm32746g_discovery_lcd.o
                0x0000000008008a78                BSP_LCD_Clear
 .text.BSP_LCD_DisplayChar
                0x0000000008008af8      0x100 Drivers/BSP/STM32746G-Discovery/stm32746g_discovery_lcd.o
                0x0000000008008af8                BSP_LCD_DisplayChar
 .text.BSP_LCD_DisplayStringAt
                0x0000000008008bf8       0xb8 Drivers/BSP/STM32746G-Discovery/stm32746g_discovery_lcd.o
                0x0000000008008bf8                BSP_LCD_DisplayStringAt
 .text.BSP_LCD_DrawPixel
                0x0000000008008cb0       0x38 Drivers/BSP/STM32746G-Discovery/stm32746g_discovery_lcd.o
                0x0000000008008cb0                BSP_LCD_DrawPixel
 .text.BSP_LCD_DisplayOn
                0x0000000008008ce8       0x34 Drivers/BSP/STM32746G-Discovery/stm32746g_discovery_lcd.o
                0x0000000008008ce8                BSP_LCD_DisplayOn
 .text.BSP_LCD_MspInit
                0x0000000008008d1c      0x154 Drivers/BSP/STM32746G-Discovery/stm32746g_discovery_lcd.o
                0x0000000008008d1c                BSP_LCD_MspInit
 .text.BSP_LCD_ClockConfig
                0x0000000008008e70       0x24 Drivers/BSP/STM32746G-Discovery/stm32746g_discovery_lcd.o
                0x0000000008008e70                BSP_LCD_ClockConfig
 .text.BSP_LCD_Init
                0x0000000008008e94       0xb8 Drivers/BSP/STM32746G-Discovery/stm32746g_discovery_lcd.o
                0x0000000008008e94                BSP_LCD_Init
 .text.BSP_SDRAM_MspInit
                0x0000000008008f4c      0x174 Drivers/BSP/STM32746G-Discovery/stm32746g_discovery_sdram.o
                0x0000000008008f4c                BSP_SDRAM_MspInit
 .text.BSP_SDRAM_Init
                0x00000000080090c0      0x110 Drivers/BSP/STM32746G-Discovery/stm32746g_discovery_sdram.o
                0x00000000080090c0                BSP_SDRAM_Init
 .text.HAL_MspInit
                0x00000000080091d0        0x4 Drivers/STM32F7xx_HAL_Driver/Src/stm32f7xx_hal.o
                0x00000000080091d0                HAL_MspInit
 .text.HAL_InitTick
                0x00000000080091d4       0x48 Drivers/STM32F7xx_HAL_Driver/Src/stm32f7xx_hal.o
                0x00000000080091d4                HAL_InitTick
 .text.HAL_Init
                0x000000000800921c       0x2c Drivers/STM32F7xx_HAL_Driver/Src/stm32f7xx_hal.o
                0x000000000800921c                HAL_Init
 .text.HAL_IncTick
                0x0000000008009248       0x18 Drivers/STM32F7xx_HAL_Driver/Src/stm32f7xx_hal.o
                0x0000000008009248                HAL_IncTick
 .text.HAL_GetTick
                0x0000000008009260        0xc Drivers/STM32F7xx_HAL_Driver/Src/stm32f7xx_hal.o
                0x0000000008009260                HAL_GetTick
 .text.HAL_Delay
                0x000000000800926c       0x24 Drivers/STM32F7xx_HAL_Driver/Src/stm32f7xx_hal.o
                0x000000000800926c                HAL_Delay
 .text.HAL_NVIC_SetPriorityGrouping
                0x0000000008009290       0x28 Drivers/STM32F7xx_HAL_Driver/Src/stm32f7xx_hal_cortex.o
                0x0000000008009290                HAL_NVIC_SetPriorityGrouping
 .text.HAL_NVIC_SetPriority
                0x00000000080092b8       0x6c Drivers/STM32F7xx_HAL_Driver/Src/stm32f7xx_hal_cortex.o
                0x00000000080092b8                HAL_NVIC_SetPriority
 .text.HAL_NVIC_EnableIRQ
                0x0000000008009324       0x1c Drivers/STM32F7xx_HAL_Driver/Src/stm32f7xx_hal_cortex.o
                0x0000000008009324                HAL_NVIC_EnableIRQ
 .text.HAL_SYSTICK_Config
                0x0000000008009340       0x30 Drivers/STM32F7xx_HAL_Driver/Src/stm32f7xx_hal_cortex.o
                0x0000000008009340                HAL_SYSTICK_Config
 .text.HAL_DMA_Init
                0x0000000008009370      0x138 Drivers/STM32F7xx_HAL_Driver/Src/stm32f7xx_hal_dma.o
                0x0000000008009370                HAL_DMA_Init
 .text.HAL_DMA_DeInit
                0x00000000080094a8       0x84 Drivers/STM32F7xx_HAL_Driver/Src/stm32f7xx_hal_dma.o
                0x00000000080094a8                HAL_DMA_DeInit
 .text.HAL_DMA2D_MspInit
                0x000000000800952c        0x4 Drivers/STM32F7xx_HAL_Driver/Src/stm32f7xx_hal_dma2d.o
                0x000000000800952c                HAL_DMA2D_MspInit
 .text.HAL_DMA2D_Init
                0x0000000008009530       0x5c Drivers/STM32F7xx_HAL_Driver/Src/stm32f7xx_hal_dma2d.o
                0x0000000008009530                HAL_DMA2D_Init
 .text.HAL_DMA2D_Start
                0x000000000800958c       0xac Drivers/STM32F7xx_HAL_Driver/Src/stm32f7xx_hal_dma2d.o
                0x000000000800958c                HAL_DMA2D_Start
 .text.HAL_DMA2D_PollForTransfer
                0x0000000008009638      0x12c Drivers/STM32F7xx_HAL_Driver/Src/stm32f7xx_hal_dma2d.o
                0x0000000008009638                HAL_DMA2D_PollForTransfer
 .text.HAL_DMA2D_ConfigLayer
                0x0000000008009764       0xa4 Drivers/STM32F7xx_HAL_Driver/Src/stm32f7xx_hal_dma2d.o
                0x0000000008009764                HAL_DMA2D_ConfigLayer
 .text.HAL_GPIO_Init
                0x0000000008009808      0x23c Drivers/STM32F7xx_HAL_Driver/Src/stm32f7xx_hal_gpio.o
                0x0000000008009808                HAL_GPIO_Init
 .text.HAL_GPIO_WritePin
                0x0000000008009a44        0x8 Drivers/STM32F7xx_HAL_Driver/Src/stm32f7xx_hal_gpio.o
                0x0000000008009a44                HAL_GPIO_WritePin
 .text.I2C_WaitOnRXNEFlagUntilTimeout
                0x0000000008009a4c      0x100 Drivers/STM32F7xx_HAL_Driver/Src/stm32f7xx_hal_i2c.o
 .text.I2C_WaitOnTXISFlagUntilTimeout
                0x0000000008009b4c       0xc4 Drivers/STM32F7xx_HAL_Driver/Src/stm32f7xx_hal_i2c.o
 .text.I2C_WaitOnSTOPFlagUntilTimeout
                0x0000000008009c10       0xc8 Drivers/STM32F7xx_HAL_Driver/Src/stm32f7xx_hal_i2c.o
 .text.HAL_I2C_Init
                0x0000000008009cd8       0xa8 Drivers/STM32F7xx_HAL_Driver/Src/stm32f7xx_hal_i2c.o
                0x0000000008009cd8                HAL_I2C_Init
 .text.HAL_I2C_Master_Transmit
                0x0000000008009d80      0x1a0 Drivers/STM32F7xx_HAL_Driver/Src/stm32f7xx_hal_i2c.o
                0x0000000008009d80                HAL_I2C_Master_Transmit
 .text.HAL_I2C_Master_Receive
                0x0000000008009f20      0x19c Drivers/STM32F7xx_HAL_Driver/Src/stm32f7xx_hal_i2c.o
                0x0000000008009f20                HAL_I2C_Master_Receive
 .text.HAL_I2CEx_ConfigAnalogFilter
                0x000000000800a0bc       0x54 Drivers/STM32F7xx_HAL_Driver/Src/stm32f7xx_hal_i2c_ex.o
                0x000000000800a0bc                HAL_I2CEx_ConfigAnalogFilter
 .text.HAL_LTDC_Init
                0x000000000800a110       0xf0 Drivers/STM32F7xx_HAL_Driver/Src/stm32f7xx_hal_ltdc.o
                0x000000000800a110                HAL_LTDC_Init
 .text.HAL_LTDC_ConfigLayer
                0x000000000800a200      0x190 Drivers/STM32F7xx_HAL_Driver/Src/stm32f7xx_hal_ltdc.o
                0x000000000800a200                HAL_LTDC_ConfigLayer
 .text.HAL_LTDC_SetAlpha
                0x000000000800a390      0x198 Drivers/STM32F7xx_HAL_Driver/Src/stm32f7xx_hal_ltdc.o
                0x000000000800a390                HAL_LTDC_SetAlpha
 .text.HAL_LTDC_GetState
                0x000000000800a528        0x8 Drivers/STM32F7xx_HAL_Driver/Src/stm32f7xx_hal_ltdc.o
                0x000000000800a528                HAL_LTDC_GetState
 .text.HAL_PWREx_EnableOverDrive
                0x000000000800a530       0x78 Drivers/STM32F7xx_HAL_Driver/Src/stm32f7xx_hal_pwr_ex.o
                0x000000000800a530                HAL_PWREx_EnableOverDrive
 .text.HAL_RCC_OscConfig
                0x000000000800a5a8      0x398 Drivers/STM32F7xx_HAL_Driver/Src/stm32f7xx_hal_rcc.o
                0x000000000800a5a8                HAL_RCC_OscConfig
 .text.HAL_RCC_ClockConfig
                0x000000000800a940      0x194 Drivers/STM32F7xx_HAL_Driver/Src/stm32f7xx_hal_rcc.o
                0x000000000800a940                HAL_RCC_ClockConfig
 .text.HAL_RCCEx_PeriphCLKConfig
                0x000000000800aad4      0x540 Drivers/STM32F7xx_HAL_Driver/Src/stm32f7xx_hal_rcc_ex.o
                0x000000000800aad4                HAL_RCCEx_PeriphCLKConfig
 .text.HAL_SDRAM_MspInit
                0x000000000800b014        0x4 Drivers/STM32F7xx_HAL_Driver/Src/stm32f7xx_hal_sdram.o
                0x000000000800b014                HAL_SDRAM_MspInit
 .text.HAL_SDRAM_Init
                0x000000000800b018       0x44 Drivers/STM32F7xx_HAL_Driver/Src/stm32f7xx_hal_sdram.o
                0x000000000800b018                HAL_SDRAM_Init
 .text.HAL_SDRAM_SendCommand
                0x000000000800b05c       0x34 Drivers/STM32F7xx_HAL_Driver/Src/stm32f7xx_hal_sdram.o
                0x000000000800b05c                HAL_SDRAM_SendCommand
 .text.HAL_SDRAM_ProgramRefreshRate
                0x000000000800b090       0x28 Drivers/STM32F7xx_HAL_Driver/Src/stm32f7xx_hal_sdram.o
                0x000000000800b090                HAL_SDRAM_ProgramRefreshRate
 .text.SPI_EndRxTxTransaction
                0x000000000800b0b8      0x104 Drivers/STM32F7xx_HAL_Driver/Src/stm32f7xx_hal_spi.o
 .text.HAL_SPI_Init
                0x000000000800b1bc       0xd4 Drivers/STM32F7xx_HAL_Driver/Src/stm32f7xx_hal_spi.o
                0x000000000800b1bc                HAL_SPI_Init
 .text.HAL_SPI_Transmit
                0x000000000800b290      0x25c Drivers/STM32F7xx_HAL_Driver/Src/stm32f7xx_hal_spi.o
                0x000000000800b290                HAL_SPI_Transmit
 .text.HAL_SPI_TransmitReceive
                0x000000000800b4ec      0x3dc Drivers/STM32F7xx_HAL_Driver/Src/stm32f7xx_hal_spi.o
                0x000000000800b4ec                HAL_SPI_TransmitReceive
 .text.FMC_SDRAM_Init
                0x000000000800b8c8       0x7c Drivers/STM32F7xx_HAL_Driver/Src/stm32f7xx_ll_fmc.o
                0x000000000800b8c8                FMC_SDRAM_Init
 .text.FMC_SDRAM_Timing_Init
                0x000000000800b944       0xa4 Drivers/STM32F7xx_HAL_Driver/Src/stm32f7xx_ll_fmc.o
                0x000000000800b944                FMC_SDRAM_Timing_Init
 .text.FMC_SDRAM_SendCommand
                0x000000000800b9e8       0x2c Drivers/STM32F7xx_HAL_Driver/Src/stm32f7xx_ll_fmc.o
                0x000000000800b9e8                FMC_SDRAM_SendCommand
 .text.FMC_SDRAM_ProgramRefreshRate
                0x000000000800ba14       0x10 Drivers/STM32F7xx_HAL_Driver/Src/stm32f7xx_ll_fmc.o
                0x000000000800ba14                FMC_SDRAM_ProgramRefreshRate
 .text._ZN11JPEGDecoder14pjpeg_callbackEPhhS0_Pv
                0x000000000800ba24       0x44 Src/JPEGDecoder.o
                0x000000000800ba24                JPEGDecoder::pjpeg_callback(unsigned char*, unsigned char, unsigned char*, void*)
 .text._ZN11JPEGDecoder4readEv
                0x000000000800ba68      0x400 Src/JPEGDecoder.o
                0x000000000800ba68                JPEGDecoder::read()
 .text._ZN11JPEGDecoder11decodeArrayEPKhm
                0x000000000800be68       0xc0 Src/JPEGDecoder.o
                0x000000000800be68                JPEGDecoder::decodeArray(unsigned char const*, unsigned long)
 .text.startup._GLOBAL__sub_I_JpegDec
                0x000000000800bf28       0x18 Src/JPEGDecoder.o
 .text.exit._GLOBAL__sub_D_JpegDec
                0x000000000800bf40       0x10 Src/JPEGDecoder.o
 .text._Z10initCamerav
                0x000000000800bf50       0x90 Src/camera.o
                0x000000000800bf50                initCamera()
 .text._Z22DecodeandProcessAndRGBiiPaPti
                0x000000000800bfe0      0x1f0 Src/camera.o
                0x000000000800bfe0                DecodeandProcessAndRGB(int, int, signed char*, unsigned short*, int)
 .text._Z12StartCapturev
                0x000000000800c1d0       0x2c Src/camera.o
                0x000000000800c1d0                StartCapture()
 .text._Z11ReadCapturev
                0x000000000800c1fc       0x94 Src/camera.o
                0x000000000800c1fc                ReadCapture()
 .text._Z11camI2CSetupv
                0x000000000800c290       0xf0 Src/camera_i2c.o
                0x000000000800c290                camI2CSetup()
 .text._Z14wrSensorReg8_8hh
                0x000000000800c380       0x30 Src/camera_i2c.o
                0x000000000800c380                wrSensorReg8_8(unsigned char, unsigned char)
 .text._Z15wrSensorRegs8_8PK10sensor_reg
                0x000000000800c3b0       0x4c Src/camera_i2c.o
                0x000000000800c3b0                wrSensorRegs8_8(sensor_reg const*)
 .text._Z15camSPIErrorTestv
                0x000000000800c3fc       0x9c Src/camera_spi.o
                0x000000000800c3fc                camSPIErrorTest()
 .text._Z11camSPISetupv
                0x000000000800c498       0xe4 Src/camera_spi.o
                0x000000000800c498                camSPISetup()
 .text._Z11camWriteReghh
                0x000000000800c57c       0x44 Src/camera_spi.o
                0x000000000800c57c                camWriteReg(unsigned char, unsigned char)
 .text._Z11camTransferh
                0x000000000800c5c0       0x2c Src/camera_spi.o
                0x000000000800c5c0                camTransfer(unsigned char)
 .text._Z12camTransfersPhm
                0x000000000800c5ec       0x40 Src/camera_spi.o
                0x000000000800c5ec                camTransfers(unsigned char*, unsigned long)
 .text._Z10camReadRegh
                0x000000000800c62c       0x44 Src/camera_spi.o
                0x000000000800c62c                camReadReg(unsigned char)
 .text._Z13camReadRegBithh
                0x000000000800c670       0x48 Src/camera_spi.o
                0x000000000800c670                camReadRegBit(unsigned char, unsigned char)
 .text._Z13loadRGB565LCDmmmmPth
                0x000000000800c6b8       0xbc Src/lcd.o
                0x000000000800c6b8                loadRGB565LCD(unsigned long, unsigned long, unsigned long, unsigned long, unsigned short*, unsigned char)
 .text._Z13displaystringPcii
                0x000000000800c774       0x14 Src/lcd.o
                0x000000000800c774                displaystring(char*, int, int)
 .text._Z14detectResponseifiii
                0x000000000800c788      0x348 Src/lcd.o
                0x000000000800c788                detectResponse(int, float, int, int, int)
 .text._Z8lcdsetupv
                0x000000000800cad0       0x84 Src/lcd.o
                0x000000000800cad0                lcdsetup()
 .text.startup.main
                0x000000000800cb54      0x5c8 Src/main.o
                0x000000000800cb54                main
 .text.upsampleCb
                0x000000000800d11c      0x1e4 Src/picojpeg.o
 .text.upsampleCbH
                0x000000000800d300      0x134 Src/picojpeg.o
 .text.upsampleCbV
                0x000000000800d434      0x138 Src/picojpeg.o
 .text.upsampleCr
                0x000000000800d56c      0x1e8 Src/picojpeg.o
 .text.upsampleCrH
                0x000000000800d754      0x12c Src/picojpeg.o
 .text.upsampleCrV
                0x000000000800d880      0x134 Src/picojpeg.o
 .text.huffDecode
                0x000000000800d9b4      0x308 Src/picojpeg.o
 .text.getBits.constprop.6
                0x000000000800dcbc      0x300 Src/picojpeg.o
 .text.getBits.constprop.4
                0x000000000800dfbc      0x148 Src/picojpeg.o
 .text.getBits.constprop.5
                0x000000000800e104      0x184 Src/picojpeg.o
 .text.processMarkers
                0x000000000800e288      0xae4 Src/picojpeg.o
 .text.getBits  0x000000000800ed6c      0x32c Src/picojpeg.o
 .text.pjpeg_decode_mcu
                0x000000000800f098     0x1684 Src/picojpeg.o
                0x000000000800f098                pjpeg_decode_mcu
 .text.pjpeg_decode_init
                0x000000000801071c      0x7d4 Src/picojpeg.o
                0x000000000801071c                pjpeg_decode_init
 .text.Reset_Handler
                0x0000000008010ef0       0x50 Src/startup_stm32f746xx.o
                0x0000000008010ef0                Reset_Handler
 .text.Default_Handler
                0x0000000008010f40        0x2 Src/startup_stm32f746xx.o
                0x0000000008010f40                RTC_Alarm_IRQHandler
                0x0000000008010f40                EXTI2_IRQHandler
                0x0000000008010f40                TIM8_CC_IRQHandler
                0x0000000008010f40                UART8_IRQHandler
                0x0000000008010f40                SPI4_IRQHandler
                0x0000000008010f40                TIM1_CC_IRQHandler
                0x0000000008010f40                DMA2_Stream5_IRQHandler
                0x0000000008010f40                DMA1_Stream5_IRQHandler
                0x0000000008010f40                PVD_IRQHandler
                0x0000000008010f40                TAMP_STAMP_IRQHandler
                0x0000000008010f40                CAN2_RX1_IRQHandler
                0x0000000008010f40                EXTI3_IRQHandler
                0x0000000008010f40                TIM8_TRG_COM_TIM14_IRQHandler
                0x0000000008010f40                TIM1_UP_TIM10_IRQHandler
                0x0000000008010f40                TIM8_UP_TIM13_IRQHandler
                0x0000000008010f40                I2C3_ER_IRQHandler
                0x0000000008010f40                EXTI0_IRQHandler
                0x0000000008010f40                I2C2_EV_IRQHandler
                0x0000000008010f40                DMA1_Stream2_IRQHandler
                0x0000000008010f40                CAN1_RX0_IRQHandler
                0x0000000008010f40                FPU_IRQHandler
                0x0000000008010f40                OTG_HS_WKUP_IRQHandler
                0x0000000008010f40                LTDC_ER_IRQHandler
                0x0000000008010f40                CAN2_SCE_IRQHandler
                0x0000000008010f40                DMA2_Stream2_IRQHandler
                0x0000000008010f40                SPI1_IRQHandler
                0x0000000008010f40                TIM6_DAC_IRQHandler
                0x0000000008010f40                TIM1_BRK_TIM9_IRQHandler
                0x0000000008010f40                DCMI_IRQHandler
                0x0000000008010f40                CAN2_RX0_IRQHandler
                0x0000000008010f40                DMA2_Stream3_IRQHandler
                0x0000000008010f40                SAI2_IRQHandler
                0x0000000008010f40                USART6_IRQHandler
                0x0000000008010f40                USART3_IRQHandler
                0x0000000008010f40                CAN1_RX1_IRQHandler
                0x0000000008010f40                UART5_IRQHandler
                0x0000000008010f40                DMA2_Stream0_IRQHandler
                0x0000000008010f40                TIM4_IRQHandler
                0x0000000008010f40                QUADSPI_IRQHandler
                0x0000000008010f40                I2C1_EV_IRQHandler
                0x0000000008010f40                DMA1_Stream6_IRQHandler
                0x0000000008010f40                DMA1_Stream1_IRQHandler
                0x0000000008010f40                UART4_IRQHandler
                0x0000000008010f40                TIM3_IRQHandler
                0x0000000008010f40                RCC_IRQHandler
                0x0000000008010f40                TIM8_BRK_TIM12_IRQHandler
                0x0000000008010f40                Default_Handler
                0x0000000008010f40                CEC_IRQHandler
                0x0000000008010f40                EXTI15_10_IRQHandler
                0x0000000008010f40                ADC_IRQHandler
                0x0000000008010f40                DMA1_Stream7_IRQHandler
                0x0000000008010f40                SPI5_IRQHandler
                0x0000000008010f40                TIM7_IRQHandler
                0x0000000008010f40                SDMMC1_IRQHandler
                0x0000000008010f40                CAN2_TX_IRQHandler
                0x0000000008010f40                TIM5_IRQHandler
                0x0000000008010f40                DMA2_Stream7_IRQHandler
                0x0000000008010f40                I2C3_EV_IRQHandler
                0x0000000008010f40                EXTI9_5_IRQHandler
                0x0000000008010f40                RTC_WKUP_IRQHandler
                0x0000000008010f40                LTDC_IRQHandler
                0x0000000008010f40                ETH_WKUP_IRQHandler
                0x0000000008010f40                SPDIF_RX_IRQHandler
                0x0000000008010f40                SPI2_IRQHandler
                0x0000000008010f40                OTG_HS_EP1_IN_IRQHandler
                0x0000000008010f40                DMA1_Stream0_IRQHandler
                0x0000000008010f40                CAN1_TX_IRQHandler
                0x0000000008010f40                EXTI4_IRQHandler
                0x0000000008010f40                RNG_IRQHandler
                0x0000000008010f40                ETH_IRQHandler
                0x0000000008010f40                OTG_HS_EP1_OUT_IRQHandler
                0x0000000008010f40                WWDG_IRQHandler
                0x0000000008010f40                SPI6_IRQHandler
                0x0000000008010f40                I2C4_EV_IRQHandler
                0x0000000008010f40                TIM2_IRQHandler
                0x0000000008010f40                OTG_FS_WKUP_IRQHandler
                0x0000000008010f40                TIM1_TRG_COM_TIM11_IRQHandler
                0x0000000008010f40                OTG_HS_IRQHandler
                0x0000000008010f40                DMA2D_IRQHandler
                0x0000000008010f40                EXTI1_IRQHandler
                0x0000000008010f40                UART7_IRQHandler
                0x0000000008010f40                USART2_IRQHandler
                0x0000000008010f40                I2C2_ER_IRQHandler
                0x0000000008010f40                DMA2_Stream1_IRQHandler
                0x0000000008010f40                CAN1_SCE_IRQHandler
                0x0000000008010f40                FLASH_IRQHandler
                0x0000000008010f40                DMA2_Stream4_IRQHandler
                0x0000000008010f40                USART1_IRQHandler
                0x0000000008010f40                OTG_FS_IRQHandler
                0x0000000008010f40                SPI3_IRQHandler
                0x0000000008010f40                DMA1_Stream4_IRQHandler
                0x0000000008010f40                I2C1_ER_IRQHandler
                0x0000000008010f40                FMC_IRQHandler
                0x0000000008010f40                LPTIM1_IRQHandler
                0x0000000008010f40                I2C4_ER_IRQHandler
                0x0000000008010f40                DMA2_Stream6_IRQHandler
                0x0000000008010f40                SAI1_IRQHandler
                0x0000000008010f40                DMA1_Stream3_IRQHandler
 *fill*         0x0000000008010f42        0x2 
 .text.HAL_I2C_MspInit
                0x0000000008010f44       0x88 Src/stm32f7xx_hal_msp.o
                0x0000000008010f44                HAL_I2C_MspInit
 .text.HAL_SPI_MspInit
                0x0000000008010fcc       0x9c Src/stm32f7xx_hal_msp.o
                0x0000000008010fcc                HAL_SPI_MspInit
 .text.HAL_LTDC_MspInit
                0x0000000008011068      0x128 Src/stm32f7xx_hal_msp.o
                0x0000000008011068                HAL_LTDC_MspInit
 .text.NMI_Handler
                0x0000000008011190        0x4 Src/stm32f7xx_it.o
                0x0000000008011190                NMI_Handler
 .text.HardFault_Handler
                0x0000000008011194        0x4 Src/stm32f7xx_it.o
                0x0000000008011194                HardFault_Handler
 .text.MemManage_Handler
                0x0000000008011198        0x4 Src/stm32f7xx_it.o
                0x0000000008011198                MemManage_Handler
 .text.BusFault_Handler
                0x000000000801119c        0x4 Src/stm32f7xx_it.o
                0x000000000801119c                BusFault_Handler
 .text.UsageFault_Handler
                0x00000000080111a0        0x4 Src/stm32f7xx_it.o
                0x00000000080111a0                UsageFault_Handler
 .text.SVC_Handler
                0x00000000080111a4        0x4 Src/stm32f7xx_it.o
                0x00000000080111a4                SVC_Handler
 .text.DebugMon_Handler
                0x00000000080111a8        0x4 Src/stm32f7xx_it.o
                0x00000000080111a8                DebugMon_Handler
 .text.PendSV_Handler
                0x00000000080111ac        0x4 Src/stm32f7xx_it.o
                0x00000000080111ac                PendSV_Handler
 .text.SysTick_Handler
                0x00000000080111b0        0x4 Src/stm32f7xx_it.o
                0x00000000080111b0                SysTick_Handler
 .text.SystemInit
                0x00000000080111b4       0x50 Src/system_stm32f7xx.o
                0x00000000080111b4                SystemInit
 .text.depthwise_kernel3x3_stride1_inplace_CHW_fpreq
                0x0000000008011204      0x5ec Src/TinyEngine/codegen/Source/depthwise_kernel3x3_stride1_inplace_CHW_fpreq.o
                0x0000000008011204                depthwise_kernel3x3_stride1_inplace_CHW_fpreq
 .text.depthwise_kernel3x3_stride2_inplace_CHW_fpreq
                0x00000000080117f0      0x618 Src/TinyEngine/codegen/Source/depthwise_kernel3x3_stride2_inplace_CHW_fpreq.o
                0x00000000080117f0                depthwise_kernel3x3_stride2_inplace_CHW_fpreq
 .text.depthwise_kernel5x5_stride1_inplace_CHW_fpreq
                0x0000000008011e08      0x60c Src/TinyEngine/codegen/Source/depthwise_kernel5x5_stride1_inplace_CHW_fpreq.o
                0x0000000008011e08                depthwise_kernel5x5_stride1_inplace_CHW_fpreq
 .text.depthwise_kernel5x5_stride2_inplace_CHW_fpreq
                0x0000000008012414      0x658 Src/TinyEngine/codegen/Source/depthwise_kernel5x5_stride2_inplace_CHW_fpreq.o
                0x0000000008012414                depthwise_kernel5x5_stride2_inplace_CHW_fpreq
 .text.depthwise_kernel7x7_stride1_inplace_kernel_CHW_fpreq
                0x0000000008012a6c      0x784 Src/TinyEngine/codegen/Source/depthwise_kernel7x7_stride1_inplace_CHW_fpreq.o
                0x0000000008012a6c                depthwise_kernel7x7_stride1_inplace_kernel_CHW_fpreq
 .text.depthwise_kernel7x7_stride1_inplace_CHW_fpreq
                0x00000000080131f0      0x1cc Src/TinyEngine/codegen/Source/depthwise_kernel7x7_stride1_inplace_CHW_fpreq.o
                0x00000000080131f0                depthwise_kernel7x7_stride1_inplace_CHW_fpreq
 .text.depthwise_kernel7x7_stride2_inplace_kernel_CHW_fpreq
                0x00000000080133bc      0x7d8 Src/TinyEngine/codegen/Source/depthwise_kernel7x7_stride2_inplace_CHW_fpreq.o
                0x00000000080133bc                depthwise_kernel7x7_stride2_inplace_kernel_CHW_fpreq
 .text.depthwise_kernel7x7_stride2_inplace_CHW_fpreq
                0x0000000008013b94      0x1cc Src/TinyEngine/codegen/Source/depthwise_kernel7x7_stride2_inplace_CHW_fpreq.o
                0x0000000008013b94                depthwise_kernel7x7_stride2_inplace_CHW_fpreq
 .text.getInput
                0x0000000008013d60        0x8 Src/TinyEngine/codegen/Source/genModel.o
                0x0000000008013d60                getInput
 .text.getOutput
                0x0000000008013d68        0x8 Src/TinyEngine/codegen/Source/genModel.o
                0x0000000008013d68                getOutput
 .text.invoke_inf
                0x0000000008013d70     0x1038 Src/TinyEngine/codegen/Source/genModel.o
                0x0000000008013d70                invoke_inf
 .text.add_fpreq
                0x0000000008014da8       0x9c Src/TinyEngine/src/kernels/fp_requantize_op/add_fpreq.o
                0x0000000008014da8                add_fpreq
 .text.convolve_1x1_s8_ch16_fpreq
                0x0000000008014e44      0x1c0 Src/TinyEngine/src/kernels/fp_requantize_op/convolve_1x1_s8_ch16_fpreq.o
                0x0000000008014e44                convolve_1x1_s8_ch16_fpreq
 .text.convolve_1x1_s8_ch24_fpreq
                0x0000000008015004      0x1c0 Src/TinyEngine/src/kernels/fp_requantize_op/convolve_1x1_s8_ch24_fpreq.o
                0x0000000008015004                convolve_1x1_s8_ch24_fpreq
 .text.convolve_1x1_s8_ch48_fpreq
                0x00000000080151c4      0x1c0 Src/TinyEngine/src/kernels/fp_requantize_op/convolve_1x1_s8_ch48_fpreq.o
                0x00000000080151c4                convolve_1x1_s8_ch48_fpreq
 .text.convolve_1x1_s8_ch8_fpreq
                0x0000000008015384      0x1c0 Src/TinyEngine/src/kernels/fp_requantize_op/convolve_1x1_s8_ch8_fpreq.o
                0x0000000008015384                convolve_1x1_s8_ch8_fpreq
 .text.convolve_1x1_s8_fpreq
                0x0000000008015544      0x1c8 Src/TinyEngine/src/kernels/fp_requantize_op/convolve_1x1_s8_fpreq.o
                0x0000000008015544                convolve_1x1_s8_fpreq
 .text.convolve_s8_kernel3_inputch3_stride2_pad1_fpreq
                0x000000000801570c      0x660 Src/TinyEngine/src/kernels/fp_requantize_op/convolve_s8_kernel3_inputch3_stride2_pad1_fpreq.o
                0x000000000801570c                convolve_s8_kernel3_inputch3_stride2_pad1_fpreq
 .text.mat_mult_kernel_s8_s16_reordered_ch48_fpreq
                0x0000000008015d6c      0x4d8 Src/TinyEngine/src/kernels/fp_requantize_op/mat_mul_kernels_fpreq.o
                0x0000000008015d6c                mat_mult_kernel_s8_s16_reordered_ch48_fpreq
 .text.mat_mult_kernel_s8_s16_reordered_ch16_fpreq
                0x0000000008016244      0x27c Src/TinyEngine/src/kernels/fp_requantize_op/mat_mul_kernels_fpreq.o
                0x0000000008016244                mat_mult_kernel_s8_s16_reordered_ch16_fpreq
 .text.mat_mult_kernel_s8_s16_reordered_ch24_fpreq
                0x00000000080164c0      0x314 Src/TinyEngine/src/kernels/fp_requantize_op/mat_mul_kernels_fpreq.o
                0x00000000080164c0                mat_mult_kernel_s8_s16_reordered_ch24_fpreq
 .text.mat_mult_kernel_s8_s16_reordered_fpreq
                0x00000000080167d4      0x2a4 Src/TinyEngine/src/kernels/fp_requantize_op/mat_mul_kernels_fpreq.o
                0x00000000080167d4                mat_mult_kernel_s8_s16_reordered_fpreq
 .text.mat_mult_kernel3_input3_s8_s16_fpreq
                0x0000000008016a78      0x2d4 Src/TinyEngine/src/kernels/fp_requantize_op/mat_mul_kernels_fpreq.o
                0x0000000008016a78                mat_mult_kernel3_input3_s8_s16_fpreq
 .text.avg_pooling
                0x0000000008016d4c       0xe0 Src/TinyEngine/src/kernels/int_forward_op/avgpooling.o
                0x0000000008016d4c                avg_pooling
 .text.__io_putchar
                0x0000000008016e2c       0x28 Src/sys/_io.o
                0x0000000008016e2c                __io_putchar
 .text.__io_getchar
                0x0000000008016e54       0x20 Src/sys/_io.o
                0x0000000008016e54                __io_getchar
 .text._write   0x0000000008016e74       0x1c Src/sys/stubs.o
                0x0000000008016e74                _write
 .text._read    0x0000000008016e90       0x1c Src/sys/stubs.o
                0x0000000008016e90                _read
 .text._close   0x0000000008016eac        0x8 Src/sys/stubs.o
                0x0000000008016eac                _close
 .text._fstat   0x0000000008016eb4        0x8 Src/sys/stubs.o
                0x0000000008016eb4                _fstat
 .text._isatty  0x0000000008016ebc        0x8 Src/sys/stubs.o
                0x0000000008016ebc                _isatty
 .text._lseek   0x0000000008016ec4        0x8 Src/sys/stubs.o
                0x0000000008016ec4                _lseek
 .text._exit    0x0000000008016ecc        0x4 Src/sys/stubs.o
                0x0000000008016ecc                _exit
 .text._ZdaPv   0x0000000008016ed0        0x4 /opt/st/stm32cubeide_1.5.0/plugins/com.st.stm32cube.ide.mcu.externaltools.gnu-tools-for-stm32.7-2018-q2-update.linux64_1.5.0.202011040924/tools/bin/../lib/gcc/arm-none-eabi/7.3.1/../../../../arm-none-eabi/lib/thumb/v7e-m/fpv4-sp/hard/libstdc++.a(del_opv.o)
                0x0000000008016ed0                operator delete[](void*)
 .text._Znaj    0x0000000008016ed4        0x4 /opt/st/stm32cubeide_1.5.0/plugins/com.st.stm32cube.ide.mcu.externaltools.gnu-tools-for-stm32.7-2018-q2-update.linux64_1.5.0.202011040924/tools/bin/../lib/gcc/arm-none-eabi/7.3.1/../../../../arm-none-eabi/lib/thumb/v7e-m/fpv4-sp/hard/libstdc++.a(new_opv.o)
                0x0000000008016ed4                operator new[](unsigned int)
 .text._Znwj    0x0000000008016ed8       0x3c /opt/st/stm32cubeide_1.5.0/plugins/com.st.stm32cube.ide.mcu.externaltools.gnu-tools-for-stm32.7-2018-q2-update.linux64_1.5.0.202011040924/tools/bin/../lib/gcc/arm-none-eabi/7.3.1/../../../../arm-none-eabi/lib/thumb/v7e-m/fpv4-sp/hard/libstdc++.a(new_op.o)
                0x0000000008016ed8                operator new(unsigned int)
 .text._ZSt15get_new_handlerv
                0x0000000008016f14       0x10 /opt/st/stm32cubeide_1.5.0/plugins/com.st.stm32cube.ide.mcu.externaltools.gnu-tools-for-stm32.7-2018-q2-update.linux64_1.5.0.202011040924/tools/bin/../lib/gcc/arm-none-eabi/7.3.1/../../../../arm-none-eabi/lib/thumb/v7e-m/fpv4-sp/hard/libstdc++.a(new_handler.o)
                0x0000000008016f14                std::get_new_handler()
 .text._ZdlPv   0x0000000008016f24        0x4 /opt/st/stm32cubeide_1.5.0/plugins/com.st.stm32cube.ide.mcu.externaltools.gnu-tools-for-stm32.7-2018-q2-update.linux64_1.5.0.202011040924/tools/bin/../lib/gcc/arm-none-eabi/7.3.1/../../../../arm-none-eabi/lib/thumb/v7e-m/fpv4-sp/hard/libstdc++.a(del_op.o)
                0x0000000008016f24                operator delete(void*)
 .text._ZN12_GLOBAL__N_14pool4freeEPv.constprop.4
                0x0000000008016f28       0x90 /opt/st/stm32cubeide_1.5.0/plugins/com.st.stm32cube.ide.mcu.externaltools.gnu-tools-for-stm32.7-2018-q2-update.linux64_1.5.0.202011040924/tools/bin/../lib/gcc/arm-none-eabi/7.3.1/../../../../arm-none-eabi/lib/thumb/v7e-m/fpv4-sp/hard/libstdc++.a(eh_alloc.o)
 .text._ZN12_GLOBAL__N_14pool8allocateEj.constprop.5
                0x0000000008016fb8       0x64 /opt/st/stm32cubeide_1.5.0/plugins/com.st.stm32cube.ide.mcu.externaltools.gnu-tools-for-stm32.7-2018-q2-update.linux64_1.5.0.202011040924/tools/bin/../lib/gcc/arm-none-eabi/7.3.1/../../../../arm-none-eabi/lib/thumb/v7e-m/fpv4-sp/hard/libstdc++.a(eh_alloc.o)
 .text.__cxa_allocate_exception
                0x000000000801701c       0x30 /opt/st/stm32cubeide_1.5.0/plugins/com.st.stm32cube.ide.mcu.externaltools.gnu-tools-for-stm32.7-2018-q2-update.linux64_1.5.0.202011040924/tools/bin/../lib/gcc/arm-none-eabi/7.3.1/../../../../arm-none-eabi/lib/thumb/v7e-m/fpv4-sp/hard/libstdc++.a(eh_alloc.o)
                0x000000000801701c                __cxa_allocate_exception
 .text.__cxa_free_exception
                0x000000000801704c       0x20 /opt/st/stm32cubeide_1.5.0/plugins/com.st.stm32cube.ide.mcu.externaltools.gnu-tools-for-stm32.7-2018-q2-update.linux64_1.5.0.202011040924/tools/bin/../lib/gcc/arm-none-eabi/7.3.1/../../../../arm-none-eabi/lib/thumb/v7e-m/fpv4-sp/hard/libstdc++.a(eh_alloc.o)
                0x000000000801704c                __cxa_free_exception
 .text.startup._GLOBAL__sub_I__ZN9__gnu_cxx9__freeresEv
                0x000000000801706c       0x28 /opt/st/stm32cubeide_1.5.0/plugins/com.st.stm32cube.ide.mcu.externaltools.gnu-tools-for-stm32.7-2018-q2-update.linux64_1.5.0.202011040924/tools/bin/../lib/gcc/arm-none-eabi/7.3.1/../../../../arm-none-eabi/lib/thumb/v7e-m/fpv4-sp/hard/libstdc++.a(eh_alloc.o)
 .text._ZNKSt9bad_alloc4whatEv
                0x0000000008017094        0x8 /opt/st/stm32cubeide_1.5.0/plugins/com.st.stm32cube.ide.mcu.externaltools.gnu-tools-for-stm32.7-2018-q2-update.linux64_1.5.0.202011040924/tools/bin/../lib/gcc/arm-none-eabi/7.3.1/../../../../arm-none-eabi/lib/thumb/v7e-m/fpv4-sp/hard/libstdc++.a(bad_alloc.o)
                0x0000000008017094                std::bad_alloc::what() const
 .text._ZNSt9bad_allocD2Ev
                0x000000000801709c       0x14 /opt/st/stm32cubeide_1.5.0/plugins/com.st.stm32cube.ide.mcu.externaltools.gnu-tools-for-stm32.7-2018-q2-update.linux64_1.5.0.202011040924/tools/bin/../lib/gcc/arm-none-eabi/7.3.1/../../../../arm-none-eabi/lib/thumb/v7e-m/fpv4-sp/hard/libstdc++.a(bad_alloc.o)
                0x000000000801709c                std::bad_alloc::~bad_alloc()
                0x000000000801709c                std::bad_alloc::~bad_alloc()
 .text._ZNSt9bad_allocD0Ev
                0x00000000080170b0       0x1c /opt/st/stm32cubeide_1.5.0/plugins/com.st.stm32cube.ide.mcu.externaltools.gnu-tools-for-stm32.7-2018-q2-update.linux64_1.5.0.202011040924/tools/bin/../lib/gcc/arm-none-eabi/7.3.1/../../../../arm-none-eabi/lib/thumb/v7e-m/fpv4-sp/hard/libstdc++.a(bad_alloc.o)
                0x00000000080170b0                std::bad_alloc::~bad_alloc()
 .text._ZdlPvj  0x00000000080170cc        0x4 /opt/st/stm32cubeide_1.5.0/plugins/com.st.stm32cube.ide.mcu.externaltools.gnu-tools-for-stm32.7-2018-q2-update.linux64_1.5.0.202011040924/tools/bin/../lib/gcc/arm-none-eabi/7.3.1/../../../../arm-none-eabi/lib/thumb/v7e-m/fpv4-sp/hard/libstdc++.a(del_ops.o)
                0x00000000080170cc                operator delete(void*, unsigned int)
 .text._ZL23__gxx_exception_cleanup19_Unwind_Reason_CodeP21_Unwind_Control_Block
                0x00000000080170d0       0x44 /opt/st/stm32cubeide_1.5.0/plugins/com.st.stm32cube.ide.mcu.externaltools.gnu-tools-for-stm32.7-2018-q2-update.linux64_1.5.0.202011040924/tools/bin/../lib/gcc/arm-none-eabi/7.3.1/../../../../arm-none-eabi/lib/thumb/v7e-m/fpv4-sp/hard/libstdc++.a(eh_throw.o)
 .text.__cxa_init_primary_exception
                0x0000000008017114       0x58 /opt/st/stm32cubeide_1.5.0/plugins/com.st.stm32cube.ide.mcu.externaltools.gnu-tools-for-stm32.7-2018-q2-update.linux64_1.5.0.202011040924/tools/bin/../lib/gcc/arm-none-eabi/7.3.1/../../../../arm-none-eabi/lib/thumb/v7e-m/fpv4-sp/hard/libstdc++.a(eh_throw.o)
                0x0000000008017114                __cxa_init_primary_exception
 .text.__cxa_throw
                0x000000000801716c       0x38 /opt/st/stm32cubeide_1.5.0/plugins/com.st.stm32cube.ide.mcu.externaltools.gnu-tools-for-stm32.7-2018-q2-update.linux64_1.5.0.202011040924/tools/bin/../lib/gcc/arm-none-eabi/7.3.1/../../../../arm-none-eabi/lib/thumb/v7e-m/fpv4-sp/hard/libstdc++.a(eh_throw.o)
                0x000000000801716c                __cxa_throw
 .text.__cxa_rethrow
                0x00000000080171a4       0x70 /opt/st/stm32cubeide_1.5.0/plugins/com.st.stm32cube.ide.mcu.externaltools.gnu-tools-for-stm32.7-2018-q2-update.linux64_1.5.0.202011040924/tools/bin/../lib/gcc/arm-none-eabi/7.3.1/../../../../arm-none-eabi/lib/thumb/v7e-m/fpv4-sp/hard/libstdc++.a(eh_throw.o)
                0x00000000080171a4                __cxa_rethrow
 .text.__cxa_begin_catch
                0x0000000008017214       0x80 /opt/st/stm32cubeide_1.5.0/plugins/com.st.stm32cube.ide.mcu.externaltools.gnu-tools-for-stm32.7-2018-q2-update.linux64_1.5.0.202011040924/tools/bin/../lib/gcc/arm-none-eabi/7.3.1/../../../../arm-none-eabi/lib/thumb/v7e-m/fpv4-sp/hard/libstdc++.a(eh_catch.o)
                0x0000000008017214                __cxa_begin_catch
 .text.__cxa_end_catch
                0x0000000008017294       0x88 /opt/st/stm32cubeide_1.5.0/plugins/com.st.stm32cube.ide.mcu.externaltools.gnu-tools-for-stm32.7-2018-q2-update.linux64_1.5.0.202011040924/tools/bin/../lib/gcc/arm-none-eabi/7.3.1/../../../../arm-none-eabi/lib/thumb/v7e-m/fpv4-sp/hard/libstdc++.a(eh_catch.o)
                0x0000000008017294                __cxa_end_catch
 .text._ZN10__cxxabiv120__si_class_type_infoD2Ev
                0x000000000801731c       0x14 /opt/st/stm32cubeide_1.5.0/plugins/com.st.stm32cube.ide.mcu.externaltools.gnu-tools-for-stm32.7-2018-q2-update.linux64_1.5.0.202011040924/tools/bin/../lib/gcc/arm-none-eabi/7.3.1/../../../../arm-none-eabi/lib/thumb/v7e-m/fpv4-sp/hard/libstdc++.a(si_class_type_info.o)
                0x000000000801731c                __cxxabiv1::__si_class_type_info::~__si_class_type_info()
                0x000000000801731c                __cxxabiv1::__si_class_type_info::~__si_class_type_info()
 .text._ZN10__cxxabiv120__si_class_type_infoD0Ev
                0x0000000008017330       0x1c /opt/st/stm32cubeide_1.5.0/plugins/com.st.stm32cube.ide.mcu.externaltools.gnu-tools-for-stm32.7-2018-q2-update.linux64_1.5.0.202011040924/tools/bin/../lib/gcc/arm-none-eabi/7.3.1/../../../../arm-none-eabi/lib/thumb/v7e-m/fpv4-sp/hard/libstdc++.a(si_class_type_info.o)
                0x0000000008017330                __cxxabiv1::__si_class_type_info::~__si_class_type_info()
 .text._ZNK10__cxxabiv120__si_class_type_info20__do_find_public_srcEiPKvPKNS_17__class_type_infoES2_
                0x000000000801734c       0x3c /opt/st/stm32cubeide_1.5.0/plugins/com.st.stm32cube.ide.mcu.externaltools.gnu-tools-for-stm32.7-2018-q2-update.linux64_1.5.0.202011040924/tools/bin/../lib/gcc/arm-none-eabi/7.3.1/../../../../arm-none-eabi/lib/thumb/v7e-m/fpv4-sp/hard/libstdc++.a(si_class_type_info.o)
                0x000000000801734c                __cxxabiv1::__si_class_type_info::__do_find_public_src(int, void const*, __cxxabiv1::__class_type_info const*, void const*) const
 .text._ZNK10__cxxabiv120__si_class_type_info12__do_dyncastEiNS_17__class_type_info10__sub_kindEPKS1_PKvS4_S6_RNS1_16__dyncast_resultE
                0x0000000008017388       0x80 /opt/st/stm32cubeide_1.5.0/plugins/com.st.stm32cube.ide.mcu.externaltools.gnu-tools-for-stm32.7-2018-q2-update.linux64_1.5.0.202011040924/tools/bin/../lib/gcc/arm-none-eabi/7.3.1/../../../../arm-none-eabi/lib/thumb/v7e-m/fpv4-sp/hard/libstdc++.a(si_class_type_info.o)
                0x0000000008017388                __cxxabiv1::__si_class_type_info::__do_dyncast(int, __cxxabiv1::__class_type_info::__sub_kind, __cxxabiv1::__class_type_info const*, void const*, __cxxabiv1::__class_type_info const*, void const*, __cxxabiv1::__class_type_info::__dyncast_result&) const
 .text._ZNK10__cxxabiv120__si_class_type_info11__do_upcastEPKNS_17__class_type_infoEPKvRNS1_15__upcast_resultE
                0x0000000008017408       0x2c /opt/st/stm32cubeide_1.5.0/plugins/com.st.stm32cube.ide.mcu.externaltools.gnu-tools-for-stm32.7-2018-q2-update.linux64_1.5.0.202011040924/tools/bin/../lib/gcc/arm-none-eabi/7.3.1/../../../../arm-none-eabi/lib/thumb/v7e-m/fpv4-sp/hard/libstdc++.a(si_class_type_info.o)
                0x0000000008017408                __cxxabiv1::__si_class_type_info::__do_upcast(__cxxabiv1::__class_type_info const*, void const*, __cxxabiv1::__class_type_info::__upcast_result&) const
 .text._ZN10__cxxabiv111__terminateEPFvvE
                0x0000000008017434       0x28 /opt/st/stm32cubeide_1.5.0/plugins/com.st.stm32cube.ide.mcu.externaltools.gnu-tools-for-stm32.7-2018-q2-update.linux64_1.5.0.202011040924/tools/bin/../lib/gcc/arm-none-eabi/7.3.1/../../../../arm-none-eabi/lib/thumb/v7e-m/fpv4-sp/hard/libstdc++.a(eh_terminate.o)
                0x0000000008017434                __cxxabiv1::__terminate(void (*)())
 .text._ZSt9terminatev
                0x000000000801745c       0x14 /opt/st/stm32cubeide_1.5.0/plugins/com.st.stm32cube.ide.mcu.externaltools.gnu-tools-for-stm32.7-2018-q2-update.linux64_1.5.0.202011040924/tools/bin/../lib/gcc/arm-none-eabi/7.3.1/../../../../arm-none-eabi/lib/thumb/v7e-m/fpv4-sp/hard/libstdc++.a(eh_terminate.o)
                0x000000000801745c                std::terminate()
 .text._ZN10__cxxabiv112__unexpectedEPFvvE
                0x0000000008017470        0x8 /opt/st/stm32cubeide_1.5.0/plugins/com.st.stm32cube.ide.mcu.externaltools.gnu-tools-for-stm32.7-2018-q2-update.linux64_1.5.0.202011040924/tools/bin/../lib/gcc/arm-none-eabi/7.3.1/../../../../arm-none-eabi/lib/thumb/v7e-m/fpv4-sp/hard/libstdc++.a(eh_terminate.o)
                0x0000000008017470                __cxxabiv1::__unexpected(void (*)())
 .text._ZSt10unexpectedv
                0x0000000008017478       0x14 /opt/st/stm32cubeide_1.5.0/plugins/com.st.stm32cube.ide.mcu.externaltools.gnu-tools-for-stm32.7-2018-q2-update.linux64_1.5.0.202011040924/tools/bin/../lib/gcc/arm-none-eabi/7.3.1/../../../../arm-none-eabi/lib/thumb/v7e-m/fpv4-sp/hard/libstdc++.a(eh_terminate.o)
                0x0000000008017478                std::unexpected()
 .text._ZSt13get_terminatev
                0x000000000801748c       0x10 /opt/st/stm32cubeide_1.5.0/plugins/com.st.stm32cube.ide.mcu.externaltools.gnu-tools-for-stm32.7-2018-q2-update.linux64_1.5.0.202011040924/tools/bin/../lib/gcc/arm-none-eabi/7.3.1/../../../../arm-none-eabi/lib/thumb/v7e-m/fpv4-sp/hard/libstdc++.a(eh_terminate.o)
                0x000000000801748c                std::get_terminate()
 .text._ZSt14get_unexpectedv
                0x000000000801749c       0x10 /opt/st/stm32cubeide_1.5.0/plugins/com.st.stm32cube.ide.mcu.externaltools.gnu-tools-for-stm32.7-2018-q2-update.linux64_1.5.0.202011040924/tools/bin/../lib/gcc/arm-none-eabi/7.3.1/../../../../arm-none-eabi/lib/thumb/v7e-m/fpv4-sp/hard/libstdc++.a(eh_terminate.o)
                0x000000000801749c                std::get_unexpected()
 .text._ZNSt9exceptionD2Ev
                0x00000000080174ac        0x4 /opt/st/stm32cubeide_1.5.0/plugins/com.st.stm32cube.ide.mcu.externaltools.gnu-tools-for-stm32.7-2018-q2-update.linux64_1.5.0.202011040924/tools/bin/../lib/gcc/arm-none-eabi/7.3.1/../../../../arm-none-eabi/lib/thumb/v7e-m/fpv4-sp/hard/libstdc++.a(eh_exception.o)
                0x00000000080174ac                std::exception::~exception()
                0x00000000080174ac                std::exception::~exception()
 .text._ZNSt13bad_exceptionD2Ev
                0x00000000080174b0        0x4 /opt/st/stm32cubeide_1.5.0/plugins/com.st.stm32cube.ide.mcu.externaltools.gnu-tools-for-stm32.7-2018-q2-update.linux64_1.5.0.202011040924/tools/bin/../lib/gcc/arm-none-eabi/7.3.1/../../../../arm-none-eabi/lib/thumb/v7e-m/fpv4-sp/hard/libstdc++.a(eh_exception.o)
                0x00000000080174b0                std::bad_exception::~bad_exception()
                0x00000000080174b0                std::bad_exception::~bad_exception()
 .text._ZNKSt13bad_exception4whatEv
                0x00000000080174b4        0x8 /opt/st/stm32cubeide_1.5.0/plugins/com.st.stm32cube.ide.mcu.externaltools.gnu-tools-for-stm32.7-2018-q2-update.linux64_1.5.0.202011040924/tools/bin/../lib/gcc/arm-none-eabi/7.3.1/../../../../arm-none-eabi/lib/thumb/v7e-m/fpv4-sp/hard/libstdc++.a(eh_exception.o)
                0x00000000080174b4                transaction clone for std::bad_exception::what() const
                0x00000000080174b4                std::bad_exception::what() const
 .text._ZNSt13bad_exceptionD0Ev
                0x00000000080174bc       0x10 /opt/st/stm32cubeide_1.5.0/plugins/com.st.stm32cube.ide.mcu.externaltools.gnu-tools-for-stm32.7-2018-q2-update.linux64_1.5.0.202011040924/tools/bin/../lib/gcc/arm-none-eabi/7.3.1/../../../../arm-none-eabi/lib/thumb/v7e-m/fpv4-sp/hard/libstdc++.a(eh_exception.o)
                0x00000000080174bc                std::bad_exception::~bad_exception()
 .text._ZNSt9type_infoD2Ev
                0x00000000080174cc        0x4 /opt/st/stm32cubeide_1.5.0/plugins/com.st.stm32cube.ide.mcu.externaltools.gnu-tools-for-stm32.7-2018-q2-update.linux64_1.5.0.202011040924/tools/bin/../lib/gcc/arm-none-eabi/7.3.1/../../../../arm-none-eabi/lib/thumb/v7e-m/fpv4-sp/hard/libstdc++.a(tinfo.o)
                0x00000000080174cc                std::type_info::~type_info()
                0x00000000080174cc                std::type_info::~type_info()
 .text._ZNKSt9type_info14__is_pointer_pEv
                0x00000000080174d0        0x4 /opt/st/stm32cubeide_1.5.0/plugins/com.st.stm32cube.ide.mcu.externaltools.gnu-tools-for-stm32.7-2018-q2-update.linux64_1.5.0.202011040924/tools/bin/../lib/gcc/arm-none-eabi/7.3.1/../../../../arm-none-eabi/lib/thumb/v7e-m/fpv4-sp/hard/libstdc++.a(tinfo.o)
                0x00000000080174d0                std::type_info::__is_function_p() const
                0x00000000080174d0                std::type_info::__is_pointer_p() const
 .text._ZNKSt9type_infoeqERKS_
                0x00000000080174d4       0x2c /opt/st/stm32cubeide_1.5.0/plugins/com.st.stm32cube.ide.mcu.externaltools.gnu-tools-for-stm32.7-2018-q2-update.linux64_1.5.0.202011040924/tools/bin/../lib/gcc/arm-none-eabi/7.3.1/../../../../arm-none-eabi/lib/thumb/v7e-m/fpv4-sp/hard/libstdc++.a(tinfo.o)
                0x00000000080174d4                std::type_info::operator==(std::type_info const&) const
 .text._ZN10__cxxabiv1L24__is_gxx_exception_classEPc
                0x0000000008017500       0x3c /opt/st/stm32cubeide_1.5.0/plugins/com.st.stm32cube.ide.mcu.externaltools.gnu-tools-for-stm32.7-2018-q2-update.linux64_1.5.0.202011040924/tools/bin/../lib/gcc/arm-none-eabi/7.3.1/../../../../arm-none-eabi/lib/thumb/v7e-m/fpv4-sp/hard/libstdc++.a(eh_call.o)
 .text.__cxa_call_terminate
                0x000000000801753c       0x20 /opt/st/stm32cubeide_1.5.0/plugins/com.st.stm32cube.ide.mcu.externaltools.gnu-tools-for-stm32.7-2018-q2-update.linux64_1.5.0.202011040924/tools/bin/../lib/gcc/arm-none-eabi/7.3.1/../../../../arm-none-eabi/lib/thumb/v7e-m/fpv4-sp/hard/libstdc++.a(eh_call.o)
                0x000000000801753c                __cxa_call_terminate
 .text.__cxa_call_unexpected
                0x000000000801755c       0xdc /opt/st/stm32cubeide_1.5.0/plugins/com.st.stm32cube.ide.mcu.externaltools.gnu-tools-for-stm32.7-2018-q2-update.linux64_1.5.0.202011040924/tools/bin/../lib/gcc/arm-none-eabi/7.3.1/../../../../arm-none-eabi/lib/thumb/v7e-m/fpv4-sp/hard/libstdc++.a(eh_call.o)
                0x000000000801755c                __cxa_call_unexpected
 .text.__cxa_end_cleanup
                0x0000000008017638        0xc /opt/st/stm32cubeide_1.5.0/plugins/com.st.stm32cube.ide.mcu.externaltools.gnu-tools-for-stm32.7-2018-q2-update.linux64_1.5.0.202011040924/tools/bin/../lib/gcc/arm-none-eabi/7.3.1/../../../../arm-none-eabi/lib/thumb/v7e-m/fpv4-sp/hard/libstdc++.a(eh_arm.o)
                0x0000000008017638                __cxa_end_cleanup
 .text.__cxa_type_match
                0x0000000008017644       0xb0 /opt/st/stm32cubeide_1.5.0/plugins/com.st.stm32cube.ide.mcu.externaltools.gnu-tools-for-stm32.7-2018-q2-update.linux64_1.5.0.202011040924/tools/bin/../lib/gcc/arm-none-eabi/7.3.1/../../../../arm-none-eabi/lib/thumb/v7e-m/fpv4-sp/hard/libstdc++.a(eh_arm.o)
                0x0000000008017644                __cxa_type_match
 .text.__cxa_begin_cleanup
                0x00000000080176f4       0x64 /opt/st/stm32cubeide_1.5.0/plugins/com.st.stm32cube.ide.mcu.externaltools.gnu-tools-for-stm32.7-2018-q2-update.linux64_1.5.0.202011040924/tools/bin/../lib/gcc/arm-none-eabi/7.3.1/../../../../arm-none-eabi/lib/thumb/v7e-m/fpv4-sp/hard/libstdc++.a(eh_arm.o)
                0x00000000080176f4                __cxa_begin_cleanup
 .text.__gnu_end_cleanup
                0x0000000008017758       0x70 /opt/st/stm32cubeide_1.5.0/plugins/com.st.stm32cube.ide.mcu.externaltools.gnu-tools-for-stm32.7-2018-q2-update.linux64_1.5.0.202011040924/tools/bin/../lib/gcc/arm-none-eabi/7.3.1/../../../../arm-none-eabi/lib/thumb/v7e-m/fpv4-sp/hard/libstdc++.a(eh_arm.o)
                0x0000000008017758                __gnu_end_cleanup
 .text.__cxa_get_globals_fast
                0x00000000080177c8        0x8 /opt/st/stm32cubeide_1.5.0/plugins/com.st.stm32cube.ide.mcu.externaltools.gnu-tools-for-stm32.7-2018-q2-update.linux64_1.5.0.202011040924/tools/bin/../lib/gcc/arm-none-eabi/7.3.1/../../../../arm-none-eabi/lib/thumb/v7e-m/fpv4-sp/hard/libstdc++.a(eh_globals.o)
                0x00000000080177c8                __cxa_get_globals_fast
 .text.__cxa_get_globals
                0x00000000080177d0        0x8 /opt/st/stm32cubeide_1.5.0/plugins/com.st.stm32cube.ide.mcu.externaltools.gnu-tools-for-stm32.7-2018-q2-update.linux64_1.5.0.202011040924/tools/bin/../lib/gcc/arm-none-eabi/7.3.1/../../../../arm-none-eabi/lib/thumb/v7e-m/fpv4-sp/hard/libstdc++.a(eh_globals.o)
                0x00000000080177d0                __cxa_get_globals
 .text._ZL28read_encoded_value_with_basehjPKhPj
                0x00000000080177d8       0xc0 /opt/st/stm32cubeide_1.5.0/plugins/com.st.stm32cube.ide.mcu.externaltools.gnu-tools-for-stm32.7-2018-q2-update.linux64_1.5.0.202011040924/tools/bin/../lib/gcc/arm-none-eabi/7.3.1/../../../../arm-none-eabi/lib/thumb/v7e-m/fpv4-sp/hard/libstdc++.a(eh_personality.o)
 .text._ZL21base_of_encoded_valuehP15_Unwind_Context.part.3
                0x0000000008017898       0x38 /opt/st/stm32cubeide_1.5.0/plugins/com.st.stm32cube.ide.mcu.externaltools.gnu-tools-for-stm32.7-2018-q2-update.linux64_1.5.0.202011040924/tools/bin/../lib/gcc/arm-none-eabi/7.3.1/../../../../arm-none-eabi/lib/thumb/v7e-m/fpv4-sp/hard/libstdc++.a(eh_personality.o)
 .text._ZL17parse_lsda_headerP15_Unwind_ContextPKhP16lsda_header_info
                0x00000000080178d0       0x94 /opt/st/stm32cubeide_1.5.0/plugins/com.st.stm32cube.ide.mcu.externaltools.gnu-tools-for-stm32.7-2018-q2-update.linux64_1.5.0.202011040924/tools/bin/../lib/gcc/arm-none-eabi/7.3.1/../../../../arm-none-eabi/lib/thumb/v7e-m/fpv4-sp/hard/libstdc++.a(eh_personality.o)
 .text.__gxx_personality_v0
                0x0000000008017964      0x4e4 /opt/st/stm32cubeide_1.5.0/plugins/com.st.stm32cube.ide.mcu.externaltools.gnu-tools-for-stm32.7-2018-q2-update.linux64_1.5.0.202011040924/tools/bin/../lib/gcc/arm-none-eabi/7.3.1/../../../../arm-none-eabi/lib/thumb/v7e-m/fpv4-sp/hard/libstdc++.a(eh_personality.o)
                0x0000000008017964                __gxx_personality_v0
 .text._ZNK10__cxxabiv117__class_type_info11__do_upcastEPKS0_PPv
                0x0000000008017e48       0x38 /opt/st/stm32cubeide_1.5.0/plugins/com.st.stm32cube.ide.mcu.externaltools.gnu-tools-for-stm32.7-2018-q2-update.linux64_1.5.0.202011040924/tools/bin/../lib/gcc/arm-none-eabi/7.3.1/../../../../arm-none-eabi/lib/thumb/v7e-m/fpv4-sp/hard/libstdc++.a(class_type_info.o)
                0x0000000008017e48                __cxxabiv1::__class_type_info::__do_upcast(__cxxabiv1::__class_type_info const*, void**) const
 .text._ZNK10__cxxabiv117__class_type_info20__do_find_public_srcEiPKvPKS0_S2_
                0x0000000008017e80        0xc /opt/st/stm32cubeide_1.5.0/plugins/com.st.stm32cube.ide.mcu.externaltools.gnu-tools-for-stm32.7-2018-q2-update.linux64_1.5.0.202011040924/tools/bin/../lib/gcc/arm-none-eabi/7.3.1/../../../../arm-none-eabi/lib/thumb/v7e-m/fpv4-sp/hard/libstdc++.a(class_type_info.o)
                0x0000000008017e80                __cxxabiv1::__class_type_info::__do_find_public_src(int, void const*, __cxxabiv1::__class_type_info const*, void const*) const
 .text._ZN10__cxxabiv117__class_type_infoD2Ev
                0x0000000008017e8c       0x14 /opt/st/stm32cubeide_1.5.0/plugins/com.st.stm32cube.ide.mcu.externaltools.gnu-tools-for-stm32.7-2018-q2-update.linux64_1.5.0.202011040924/tools/bin/../lib/gcc/arm-none-eabi/7.3.1/../../../../arm-none-eabi/lib/thumb/v7e-m/fpv4-sp/hard/libstdc++.a(class_type_info.o)
                0x0000000008017e8c                __cxxabiv1::__class_type_info::~__class_type_info()
                0x0000000008017e8c                __cxxabiv1::__class_type_info::~__class_type_info()
 .text._ZN10__cxxabiv117__class_type_infoD0Ev
                0x0000000008017ea0       0x1c /opt/st/stm32cubeide_1.5.0/plugins/com.st.stm32cube.ide.mcu.externaltools.gnu-tools-for-stm32.7-2018-q2-update.linux64_1.5.0.202011040924/tools/bin/../lib/gcc/arm-none-eabi/7.3.1/../../../../arm-none-eabi/lib/thumb/v7e-m/fpv4-sp/hard/libstdc++.a(class_type_info.o)
                0x0000000008017ea0                __cxxabiv1::__class_type_info::~__class_type_info()
 .text._ZNK10__cxxabiv117__class_type_info12__do_dyncastEiNS0_10__sub_kindEPKS0_PKvS3_S5_RNS0_16__dyncast_resultE
                0x0000000008017ebc       0x44 /opt/st/stm32cubeide_1.5.0/plugins/com.st.stm32cube.ide.mcu.externaltools.gnu-tools-for-stm32.7-2018-q2-update.linux64_1.5.0.202011040924/tools/bin/../lib/gcc/arm-none-eabi/7.3.1/../../../../arm-none-eabi/lib/thumb/v7e-m/fpv4-sp/hard/libstdc++.a(class_type_info.o)
                0x0000000008017ebc                __cxxabiv1::__class_type_info::__do_dyncast(int, __cxxabiv1::__class_type_info::__sub_kind, __cxxabiv1::__class_type_info const*, void const*, __cxxabiv1::__class_type_info const*, void const*, __cxxabiv1::__class_type_info::__dyncast_result&) const
 .text._ZNK10__cxxabiv117__class_type_info11__do_upcastEPKS0_PKvRNS0_15__upcast_resultE
                0x0000000008017f00       0x18 /opt/st/stm32cubeide_1.5.0/plugins/com.st.stm32cube.ide.mcu.externaltools.gnu-tools-for-stm32.7-2018-q2-update.linux64_1.5.0.202011040924/tools/bin/../lib/gcc/arm-none-eabi/7.3.1/../../../../arm-none-eabi/lib/thumb/v7e-m/fpv4-sp/hard/libstdc++.a(class_type_info.o)
                0x0000000008017f00                __cxxabiv1::__class_type_info::__do_upcast(__cxxabiv1::__class_type_info const*, void const*, __cxxabiv1::__class_type_info::__upcast_result&) const
 .text._ZNK10__cxxabiv117__class_type_info10__do_catchEPKSt9type_infoPPvj
                0x0000000008017f18       0x2c /opt/st/stm32cubeide_1.5.0/plugins/com.st.stm32cube.ide.mcu.externaltools.gnu-tools-for-stm32.7-2018-q2-update.linux64_1.5.0.202011040924/tools/bin/../lib/gcc/arm-none-eabi/7.3.1/../../../../arm-none-eabi/lib/thumb/v7e-m/fpv4-sp/hard/libstdc++.a(class_type_info.o)
                0x0000000008017f18                __cxxabiv1::__class_type_info::__do_catch(std::type_info const*, void**, unsigned int) const
 .text._ZN9__gnu_cxx27__verbose_terminate_handlerEv
                0x0000000008017f44      0x110 /opt/st/stm32cubeide_1.5.0/plugins/com.st.stm32cube.ide.mcu.externaltools.gnu-tools-for-stm32.7-2018-q2-update.linux64_1.5.0.202011040924/tools/bin/../lib/gcc/arm-none-eabi/7.3.1/../../../../arm-none-eabi/lib/thumb/v7e-m/fpv4-sp/hard/libstdc++.a(vterminate.o)
                0x0000000008017f44                __gnu_cxx::__verbose_terminate_handler()
 .text.__cxa_current_exception_type
                0x0000000008018054       0x1c /opt/st/stm32cubeide_1.5.0/plugins/com.st.stm32cube.ide.mcu.externaltools.gnu-tools-for-stm32.7-2018-q2-update.linux64_1.5.0.202011040924/tools/bin/../lib/gcc/arm-none-eabi/7.3.1/../../../../arm-none-eabi/lib/thumb/v7e-m/fpv4-sp/hard/libstdc++.a(eh_type.o)
                0x0000000008018054                __cxa_current_exception_type
 .text.round    0x0000000008018070       0x94 /opt/st/stm32cubeide_1.5.0/plugins/com.st.stm32cube.ide.mcu.externaltools.gnu-tools-for-stm32.7-2018-q2-update.linux64_1.5.0.202011040924/tools/bin/../lib/gcc/arm-none-eabi/7.3.1/../../../../arm-none-eabi/lib/thumb/v7e-m/fpv4-sp/hard/libm.a(lib_a-s_round.o)
                0x0000000008018070                round
 .text.abort    0x0000000008018104        0xe /opt/st/stm32cubeide_1.5.0/plugins/com.st.stm32cube.ide.mcu.externaltools.gnu-tools-for-stm32.7-2018-q2-update.linux64_1.5.0.202011040924/tools/bin/../lib/gcc/arm-none-eabi/7.3.1/../../../../arm-none-eabi/lib/thumb/v7e-m/fpv4-sp/hard/libc.a(lib_a-abort.o)
                0x0000000008018104                abort
 *fill*         0x0000000008018112        0x2 
 .text.__errno  0x0000000008018114        0xc /opt/st/stm32cubeide_1.5.0/plugins/com.st.stm32cube.ide.mcu.externaltools.gnu-tools-for-stm32.7-2018-q2-update.linux64_1.5.0.202011040924/tools/bin/../lib/gcc/arm-none-eabi/7.3.1/../../../../arm-none-eabi/lib/thumb/v7e-m/fpv4-sp/hard/libc.a(lib_a-errno.o)
                0x0000000008018114                __errno
 .text._fputc_r
                0x0000000008018120       0x46 /opt/st/stm32cubeide_1.5.0/plugins/com.st.stm32cube.ide.mcu.externaltools.gnu-tools-for-stm32.7-2018-q2-update.linux64_1.5.0.202011040924/tools/bin/../lib/gcc/arm-none-eabi/7.3.1/../../../../arm-none-eabi/lib/thumb/v7e-m/fpv4-sp/hard/libc.a(lib_a-fputc.o)
                0x0000000008018120                _fputc_r
 *fill*         0x0000000008018166        0x2 
 .text.fputc    0x0000000008018168       0x10 /opt/st/stm32cubeide_1.5.0/plugins/com.st.stm32cube.ide.mcu.externaltools.gnu-tools-for-stm32.7-2018-q2-update.linux64_1.5.0.202011040924/tools/bin/../lib/gcc/arm-none-eabi/7.3.1/../../../../arm-none-eabi/lib/thumb/v7e-m/fpv4-sp/hard/libc.a(lib_a-fputc.o)
                0x0000000008018168                fputc
 .text._fputs_r
                0x0000000008018178       0x74 /opt/st/stm32cubeide_1.5.0/plugins/com.st.stm32cube.ide.mcu.externaltools.gnu-tools-for-stm32.7-2018-q2-update.linux64_1.5.0.202011040924/tools/bin/../lib/gcc/arm-none-eabi/7.3.1/../../../../arm-none-eabi/lib/thumb/v7e-m/fpv4-sp/hard/libc.a(lib_a-fputs.o)
                0x0000000008018178                _fputs_r
 .text.fputs    0x00000000080181ec       0x10 /opt/st/stm32cubeide_1.5.0/plugins/com.st.stm32cube.ide.mcu.externaltools.gnu-tools-for-stm32.7-2018-q2-update.linux64_1.5.0.202011040924/tools/bin/../lib/gcc/arm-none-eabi/7.3.1/../../../../arm-none-eabi/lib/thumb/v7e-m/fpv4-sp/hard/libc.a(lib_a-fputs.o)
                0x00000000080181ec                fputs
 .text.__sfvwrite_r
                0x00000000080181fc      0x29c /opt/st/stm32cubeide_1.5.0/plugins/com.st.stm32cube.ide.mcu.externaltools.gnu-tools-for-stm32.7-2018-q2-update.linux64_1.5.0.202011040924/tools/bin/../lib/gcc/arm-none-eabi/7.3.1/../../../../arm-none-eabi/lib/thumb/v7e-m/fpv4-sp/hard/libc.a(lib_a-fvwrite.o)
                0x00000000080181fc                __sfvwrite_r
 .text._fwrite_r
                0x0000000008018498       0x92 /opt/st/stm32cubeide_1.5.0/plugins/com.st.stm32cube.ide.mcu.externaltools.gnu-tools-for-stm32.7-2018-q2-update.linux64_1.5.0.202011040924/tools/bin/../lib/gcc/arm-none-eabi/7.3.1/../../../../arm-none-eabi/lib/thumb/v7e-m/fpv4-sp/hard/libc.a(lib_a-fwrite.o)
                0x0000000008018498                _fwrite_r
 *fill*         0x000000000801852a        0x2 
 .text.fwrite   0x000000000801852c       0x1c /opt/st/stm32cubeide_1.5.0/plugins/com.st.stm32cube.ide.mcu.externaltools.gnu-tools-for-stm32.7-2018-q2-update.linux64_1.5.0.202011040924/tools/bin/../lib/gcc/arm-none-eabi/7.3.1/../../../../arm-none-eabi/lib/thumb/v7e-m/fpv4-sp/hard/libc.a(lib_a-fwrite.o)
                0x000000000801852c                fwrite
 .text.__libc_init_array
                0x0000000008018548       0x48 /opt/st/stm32cubeide_1.5.0/plugins/com.st.stm32cube.ide.mcu.externaltools.gnu-tools-for-stm32.7-2018-q2-update.linux64_1.5.0.202011040924/tools/bin/../lib/gcc/arm-none-eabi/7.3.1/../../../../arm-none-eabi/lib/thumb/v7e-m/fpv4-sp/hard/libc.a(lib_a-init.o)
                0x0000000008018548                __libc_init_array
 .text.__retarget_lock_init_recursive
                0x0000000008018590        0x2 /opt/st/stm32cubeide_1.5.0/plugins/com.st.stm32cube.ide.mcu.externaltools.gnu-tools-for-stm32.7-2018-q2-update.linux64_1.5.0.202011040924/tools/bin/../lib/gcc/arm-none-eabi/7.3.1/../../../../arm-none-eabi/lib/thumb/v7e-m/fpv4-sp/hard/libc.a(lib_a-lock.o)
                0x0000000008018590                __retarget_lock_init_recursive
 .text.__retarget_lock_close_recursive
                0x0000000008018592        0x2 /opt/st/stm32cubeide_1.5.0/plugins/com.st.stm32cube.ide.mcu.externaltools.gnu-tools-for-stm32.7-2018-q2-update.linux64_1.5.0.202011040924/tools/bin/../lib/gcc/arm-none-eabi/7.3.1/../../../../arm-none-eabi/lib/thumb/v7e-m/fpv4-sp/hard/libc.a(lib_a-lock.o)
                0x0000000008018592                __retarget_lock_close_recursive
 .text.__retarget_lock_acquire_recursive
                0x0000000008018594        0x2 /opt/st/stm32cubeide_1.5.0/plugins/com.st.stm32cube.ide.mcu.externaltools.gnu-tools-for-stm32.7-2018-q2-update.linux64_1.5.0.202011040924/tools/bin/../lib/gcc/arm-none-eabi/7.3.1/../../../../arm-none-eabi/lib/thumb/v7e-m/fpv4-sp/hard/libc.a(lib_a-lock.o)
                0x0000000008018594                __retarget_lock_acquire_recursive
 .text.__retarget_lock_release_recursive
                0x0000000008018596        0x2 /opt/st/stm32cubeide_1.5.0/plugins/com.st.stm32cube.ide.mcu.externaltools.gnu-tools-for-stm32.7-2018-q2-update.linux64_1.5.0.202011040924/tools/bin/../lib/gcc/arm-none-eabi/7.3.1/../../../../arm-none-eabi/lib/thumb/v7e-m/fpv4-sp/hard/libc.a(lib_a-lock.o)
                0x0000000008018596                __retarget_lock_release_recursive
 .text.malloc   0x0000000008018598       0x10 /opt/st/stm32cubeide_1.5.0/plugins/com.st.stm32cube.ide.mcu.externaltools.gnu-tools-for-stm32.7-2018-q2-update.linux64_1.5.0.202011040924/tools/bin/../lib/gcc/arm-none-eabi/7.3.1/../../../../arm-none-eabi/lib/thumb/v7e-m/fpv4-sp/hard/libc.a(lib_a-malloc.o)
                0x0000000008018598                malloc
 .text.free     0x00000000080185a8       0x10 /opt/st/stm32cubeide_1.5.0/plugins/com.st.stm32cube.ide.mcu.externaltools.gnu-tools-for-stm32.7-2018-q2-update.linux64_1.5.0.202011040924/tools/bin/../lib/gcc/arm-none-eabi/7.3.1/../../../../arm-none-eabi/lib/thumb/v7e-m/fpv4-sp/hard/libc.a(lib_a-malloc.o)
                0x00000000080185a8                free
 .text._malloc_r
                0x00000000080185b8      0x46c /opt/st/stm32cubeide_1.5.0/plugins/com.st.stm32cube.ide.mcu.externaltools.gnu-tools-for-stm32.7-2018-q2-update.linux64_1.5.0.202011040924/tools/bin/../lib/gcc/arm-none-eabi/7.3.1/../../../../arm-none-eabi/lib/thumb/v7e-m/fpv4-sp/hard/libc.a(lib_a-mallocr.o)
                0x00000000080185b8                _malloc_r
 .text.memcmp   0x0000000008018a24       0x1e /opt/st/stm32cubeide_1.5.0/plugins/com.st.stm32cube.ide.mcu.externaltools.gnu-tools-for-stm32.7-2018-q2-update.linux64_1.5.0.202011040924/tools/bin/../lib/gcc/arm-none-eabi/7.3.1/../../../../arm-none-eabi/lib/thumb/v7e-m/fpv4-sp/hard/libc.a(lib_a-memcmp.o)
                0x0000000008018a24                memcmp
 .text.memcpy   0x0000000008018a42       0x16 /opt/st/stm32cubeide_1.5.0/plugins/com.st.stm32cube.ide.mcu.externaltools.gnu-tools-for-stm32.7-2018-q2-update.linux64_1.5.0.202011040924/tools/bin/../lib/gcc/arm-none-eabi/7.3.1/../../../../arm-none-eabi/lib/thumb/v7e-m/fpv4-sp/hard/libc.a(lib_a-memcpy-stub.o)
                0x0000000008018a42                memcpy
 .text.memmove  0x0000000008018a58       0x32 /opt/st/stm32cubeide_1.5.0/plugins/com.st.stm32cube.ide.mcu.externaltools.gnu-tools-for-stm32.7-2018-q2-update.linux64_1.5.0.202011040924/tools/bin/../lib/gcc/arm-none-eabi/7.3.1/../../../../arm-none-eabi/lib/thumb/v7e-m/fpv4-sp/hard/libc.a(lib_a-memmove.o)
                0x0000000008018a58                memmove
 .text.memset   0x0000000008018a8a       0x10 /opt/st/stm32cubeide_1.5.0/plugins/com.st.stm32cube.ide.mcu.externaltools.gnu-tools-for-stm32.7-2018-q2-update.linux64_1.5.0.202011040924/tools/bin/../lib/gcc/arm-none-eabi/7.3.1/../../../../arm-none-eabi/lib/thumb/v7e-m/fpv4-sp/hard/libc.a(lib_a-memset.o)
                0x0000000008018a8a                memset
 *fill*         0x0000000008018a9a        0x2 
 .text.__malloc_lock
                0x0000000008018a9c        0xc /opt/st/stm32cubeide_1.5.0/plugins/com.st.stm32cube.ide.mcu.externaltools.gnu-tools-for-stm32.7-2018-q2-update.linux64_1.5.0.202011040924/tools/bin/../lib/gcc/arm-none-eabi/7.3.1/../../../../arm-none-eabi/lib/thumb/v7e-m/fpv4-sp/hard/libc.a(lib_a-mlock.o)
                0x0000000008018a9c                __malloc_lock
 .text.__malloc_unlock
                0x0000000008018aa8        0xc /opt/st/stm32cubeide_1.5.0/plugins/com.st.stm32cube.ide.mcu.externaltools.gnu-tools-for-stm32.7-2018-q2-update.linux64_1.5.0.202011040924/tools/bin/../lib/gcc/arm-none-eabi/7.3.1/../../../../arm-none-eabi/lib/thumb/v7e-m/fpv4-sp/hard/libc.a(lib_a-mlock.o)
                0x0000000008018aa8                __malloc_unlock