../tensorflow/tensorflow/lite/core/api/flatbuffer_conversions.cc:63:14:TfLiteStatus tflite::{anonymous}::FlatBufferIntVectorToArray(int, const flatbuffers::Vector<long int>*, int*, tflite::ErrorReporter*, const char*)	16	static
../tensorflow/tensorflow/lite/core/api/flatbuffer_conversions.cc:38:10:void tflite::{anonymous}::SafeBuiltinDataAllocator::BuiltinDataDeleter::operator()(void*)	0	static
../third_party/flatbuffers/include/flatbuffers/flatbuffers.h:2424:13:flatbuffers::voffset_t flatbuffers::Table::GetOptionalFieldOffset(flatbuffers::voffset_t) const	0	static
../tensorflow/tensorflow/lite/schema/schema_generated.h:9442:15:const void* tflite::Operator::builtin_options() const	8	static
../tensorflow/tensorflow/lite/core/api/flatbuffer_conversions.cc:90:14:TfLiteStatus tflite::ConvertTensorType(TensorType, TfLiteType*, ErrorReporter*)	8	static
../third_party/flatbuffers/include/flatbuffers/flatbuffers.h:2434:26:T flatbuffers::Table::GetField(flatbuffers::voffset_t, T) const [with T = unsigned char]	16	static
../tensorflow/tensorflow/lite/schema/schema_generated.h:9439:26:tflite::BuiltinOptions tflite::Operator::builtin_options_type() const	8	static
../third_party/flatbuffers/include/flatbuffers/flatbuffers.h:2434:26:T flatbuffers::Table::GetField(flatbuffers::voffset_t, T) const [with T = long int]	16	static
../third_party/flatbuffers/include/flatbuffers/flatbuffers.h:2434:26:T flatbuffers::Table::GetField(flatbuffers::voffset_t, T) const [with T = signed char]	16	static
../third_party/flatbuffers/include/flatbuffers/flatbuffers.h:2434:26:T flatbuffers::Table::GetField(flatbuffers::voffset_t, T) const [with T = float]	16	static
../tensorflow/tensorflow/lite/core/api/flatbuffer_conversions.cc:140:14:TfLiteStatus tflite::ParseOpData(const Operator*, BuiltinOperator, ErrorReporter*, BuiltinDataAllocator*, void**)	40	static
