stm32f7xx_hal_spi.c:193:19:HAL_SPI_Init	24	static
stm32f7xx_hal_spi.c:297:19:HAL_SPI_DeInit	16	static
stm32f7xx_hal_spi.c:335:14:HAL_SPI_MspInit	16	static
stm32f7xx_hal_spi.c:348:14:HAL_SPI_MspDeInit	16	static
stm32f7xx_hal_spi.c:400:19:HAL_SPI_Transmit	32	static
stm32f7xx_hal_spi.c:545:19:HAL_SPI_Receive	40	static
stm32f7xx_hal_spi.c:739:19:HAL_SPI_TransmitReceive	56	static
stm32f7xx_hal_spi.c:983:19:HAL_SPI_Transmit_IT	24	static
stm32f7xx_hal_spi.c:1063:19:HAL_SPI_Receive_IT	24	static
stm32f7xx_hal_spi.c:1169:19:HAL_SPI_TransmitReceive_IT	24	static
stm32f7xx_hal_spi.c:1266:19:HAL_SPI_Transmit_DMA	24	static
stm32f7xx_hal_spi.c:1356:19:HAL_SPI_Receive_DMA	24	static
stm32f7xx_hal_spi.c:1460:19:HAL_SPI_TransmitReceive_DMA	24	static
stm32f7xx_hal_spi.c:1609:19:HAL_SPI_DMAPause	16	static
stm32f7xx_hal_spi.c:1629:19:HAL_SPI_DMAResume	16	static
stm32f7xx_hal_spi.c:1649:19:HAL_SPI_DMAStop	16	static
stm32f7xx_hal_spi.c:1680:6:HAL_SPI_IRQHandler	32	static
stm32f7xx_hal_spi.c:1742:13:HAL_SPI_TxCpltCallback	16	static
stm32f7xx_hal_spi.c:1755:13:HAL_SPI_RxCpltCallback	16	static
stm32f7xx_hal_spi.c:1768:13:HAL_SPI_TxRxCpltCallback	16	static
stm32f7xx_hal_spi.c:1781:13:HAL_SPI_TxHalfCpltCallback	16	static
stm32f7xx_hal_spi.c:1794:13:HAL_SPI_RxHalfCpltCallback	16	static
stm32f7xx_hal_spi.c:1807:13:HAL_SPI_TxRxHalfCpltCallback	16	static
stm32f7xx_hal_spi.c:1820:14:HAL_SPI_ErrorCallback	16	static
stm32f7xx_hal_spi.c:1859:22:HAL_SPI_GetState	16	static
stm32f7xx_hal_spi.c:1870:10:HAL_SPI_GetError	16	static
stm32f7xx_hal_spi.c:1893:13:SPI_DMATransmitCplt	24	static
stm32f7xx_hal_spi.c:1927:13:SPI_DMAReceiveCplt	24	static
stm32f7xx_hal_spi.c:2009:13:SPI_DMATransmitReceiveCplt	24	static
stm32f7xx_hal_spi.c:2078:13:SPI_DMAHalfTransmitCplt	24	static
stm32f7xx_hal_spi.c:2091:13:SPI_DMAHalfReceiveCplt	24	static
stm32f7xx_hal_spi.c:2104:13:SPI_DMAHalfTransmitReceiveCplt	24	static
stm32f7xx_hal_spi.c:2117:13:SPI_DMAError	24	static
stm32f7xx_hal_spi.c:2135:13:SPI_2linesRxISR_8BIT	16	static
stm32f7xx_hal_spi.c:2182:13:SPI_2linesRxISR_8BITCRC	24	static
stm32f7xx_hal_spi.c:2210:13:SPI_2linesTxISR_8BIT	16	static
stm32f7xx_hal_spi.c:2249:13:SPI_2linesRxISR_16BIT	16	static
stm32f7xx_hal_spi.c:2280:13:SPI_2linesRxISR_16BITCRC	24	static
stm32f7xx_hal_spi.c:2298:13:SPI_2linesTxISR_16BIT	16	static
stm32f7xx_hal_spi.c:2328:13:SPI_RxISR_8BITCRC	24	static
stm32f7xx_hal_spi.c:2348:13:SPI_RxISR_8BIT	16	static
stm32f7xx_hal_spi.c:2376:13:SPI_RxISR_16BITCRC	24	static
stm32f7xx_hal_spi.c:2395:13:SPI_RxISR_16BIT	16	static
stm32f7xx_hal_spi.c:2424:13:SPI_TxISR_8BIT	16	static
stm32f7xx_hal_spi.c:2446:13:SPI_TxISR_16BIT	16	static
stm32f7xx_hal_spi.c:2473:26:SPI_WaitFlagStateUntilTimeout	32	static
stm32f7xx_hal_spi.c:2524:26:SPI_WaitFifoStateUntilTimeout	32	static
stm32f7xx_hal_spi.c:2580:26:SPI_EndRxTransaction	16	static
stm32f7xx_hal_spi.c:2606:26:SPI_EndRxTxTransaction	16	static
stm32f7xx_hal_spi.c:2633:13:SPI_CloseRxTx_ISR	16	static
stm32f7xx_hal_spi.c:2675:13:SPI_CloseRx_ISR	16	static
stm32f7xx_hal_spi.c:2711:13:SPI_CloseTx_ISR	24	static
