2026-03-24 15:55:42,270 [ERROR] LogOutputStream:75 - [STDERR_REDIRECT] 
2026-03-24 15:57:36,175 [INFO] Activator:176 - 


2026-03-24 15:57:36,177 [INFO] Activator:177 - !SESSION log4j initialized
2026-03-24 15:57:40,858 [INFO] LogOutputStream:77 - [STDOUT_REDIRECT] 
2026-03-24 15:57:42,096 [INFO] ApplicationProperties:184 - Using Application install path: /opt/st/stm32cubeide_1.18.1/plugins/com.st.stm32cube.common.mx_6.14.1.202504091515
2026-03-24 15:57:42,113 [INFO] DbMcusXml:78 - Set database path to: /opt/st/stm32cubeide_1.18.1/plugins/com.st.stm32cube.common.mx_6.14.1.202504091515//db//mcu/
2026-03-24 15:57:42,114 [INFO] ApiDb:274 - Set plugin database path to: /opt/st/stm32cubeide_1.18.1/plugins/com.st.stm32cube.common.mx_6.14.1.202504091515//db//plugins/boardmanager/
2026-03-24 15:57:42,114 [WARN] ApiDb:259 - Overriding images path with different value:  => /opt/st/stm32cubeide_1.18.1/plugins/com.st.stm32cube.common.mx_6.14.1.202504091515//db//plugins/mcufinder/images/
2026-03-24 15:57:42,120 [INFO] ApiDb:250 - Set database path to: /home/nicole/.stmcufinder/plugins/mcufinder//mcu/
2026-03-24 15:57:42,122 [INFO] DbMcusAds:125 - Set database path to: /home/nicole/.stmcufinder/plugins/mcufinder//mcu/
2026-03-24 15:57:42,125 [INFO] CrossReferenceDbSqlite:203 - Set database path to: /home/nicole/.stmcufinder/plugins/mcufinder//mcu/cs/
2026-03-24 15:57:42,250 [INFO] RulesReader:64 - Compatibility file has been processed (302 Rules)
2026-03-24 15:57:42,313 [INFO] DbMcusXml:78 - Set database path to: /opt/st/stm32cubeide_1.18.1/plugins/com.st.stm32cube.common.mx_6.14.1.202504091515//db//mcu/
2026-03-24 15:57:42,314 [INFO] ApiDb:274 - Set plugin database path to: /opt/st/stm32cubeide_1.18.1/plugins/com.st.stm32cube.common.mx_6.14.1.202504091515//db//plugins/boardmanager/
2026-03-24 15:57:42,314 [INFO] ApiDb:261 - Set plugin images path to: /opt/st/stm32cubeide_1.18.1/plugins/com.st.stm32cube.common.mx_6.14.1.202504091515//db//plugins/mcufinder/images/
2026-03-24 15:57:42,314 [WARN] DbFile:41 - Overriding database path with different value: /home/nicole/.stmcufinder/plugins/mcufinder/ => /home/nicole/.stmcufinder/plugins/mcufinder
2026-03-24 15:57:42,314 [INFO] ApiDb:250 - Set database path to: /home/nicole/.stmcufinder/plugins/mcufinder//mcu/
2026-03-24 15:57:42,314 [WARN] DbFile:41 - Overriding database path with different value: /home/nicole/.stmcufinder/plugins/mcufinder/ => /home/nicole/.stmcufinder/plugins/mcufinder
2026-03-24 15:57:42,314 [INFO] DbMcusAds:125 - Set database path to: /home/nicole/.stmcufinder/plugins/mcufinder//mcu/
2026-03-24 15:57:42,314 [WARN] DbFile:41 - Overriding database path with different value: /home/nicole/.stmcufinder/plugins/mcufinder/ => /home/nicole/.stmcufinder/plugins/mcufinder
2026-03-24 15:57:42,315 [WARN] DbFile:41 - Overriding database path with different value: /home/nicole/.stmcufinder/plugins/mcufinder/ => /home/nicole/.stmcufinder/plugins/mcufinder
2026-03-24 15:57:42,315 [INFO] CrossReferenceDbSqlite:203 - Set database path to: /home/nicole/.stmcufinder/plugins/mcufinder//mcu/cs/
2026-03-24 15:57:42,396 [INFO] MainPanel:272 - HeapMemory: 268435456
2026-03-24 15:57:42,549 [INFO] DbMcusXml:78 - Set database path to: /opt/st/stm32cubeide_1.18.1/plugins/com.st.stm32cube.common.mx_6.14.1.202504091515//db//mcu/
2026-03-24 15:57:42,550 [INFO] ApiDb:274 - Set plugin database path to: /opt/st/stm32cubeide_1.18.1/plugins/com.st.stm32cube.common.mx_6.14.1.202504091515//db//plugins/boardmanager/
2026-03-24 15:57:42,550 [INFO] ApiDb:261 - Set plugin images path to: /opt/st/stm32cubeide_1.18.1/plugins/com.st.stm32cube.common.mx_6.14.1.202504091515//db//plugins/mcufinder/images/
2026-03-24 15:57:42,550 [WARN] DbFile:41 - Overriding database path with different value: /home/nicole/.stmcufinder/plugins/mcufinder/ => /home/nicole/.stmcufinder/plugins/mcufinder
2026-03-24 15:57:42,550 [INFO] ApiDb:250 - Set database path to: /home/nicole/.stmcufinder/plugins/mcufinder//mcu/
2026-03-24 15:57:42,550 [WARN] DbFile:41 - Overriding database path with different value: /home/nicole/.stmcufinder/plugins/mcufinder/ => /home/nicole/.stmcufinder/plugins/mcufinder
2026-03-24 15:57:42,550 [INFO] DbMcusAds:125 - Set database path to: /home/nicole/.stmcufinder/plugins/mcufinder//mcu/
2026-03-24 15:57:42,550 [WARN] DbFile:41 - Overriding database path with different value: /home/nicole/.stmcufinder/plugins/mcufinder/ => /home/nicole/.stmcufinder/plugins/mcufinder
2026-03-24 15:57:42,550 [WARN] DbFile:41 - Overriding database path with different value: /home/nicole/.stmcufinder/plugins/mcufinder/ => /home/nicole/.stmcufinder/plugins/mcufinder
2026-03-24 15:57:42,551 [INFO] CrossReferenceDbSqlite:203 - Set database path to: /home/nicole/.stmcufinder/plugins/mcufinder//mcu/cs/
2026-03-24 15:57:42,566 [INFO] ApplicationProperties:184 - Using Application install path: /opt/st/stm32cubeide_1.18.1/plugins/com.st.stm32cube.common.mx_6.14.1.202504091515
2026-03-24 15:57:42,568 [INFO] PluginManage:196 - Search for loadable plugins [exclusion list=, ]
2026-03-24 15:57:42,569 [INFO] PluginManage:310 - Check plugin analytics
2026-03-24 15:57:42,776 [INFO] AnalyticsPlugin:253 - Accepted Software Licenses: 
2026-03-24 15:57:42,777 [INFO] AnalyticsPlugin:255 - Accepted CMSIS Pack Licenses: STMicroelectronics.X-CUBE-AI.10.1.0
2026-03-24 15:57:42,778 [INFO] AnalyticsPlugin:257 - Accepted Firmware Licenses: FW.F7.1.17.0
2026-03-24 15:57:42,784 [INFO] PluginManage:359 - Loaded plugin analytics (category:tool,tabindex:-1)
2026-03-24 15:57:42,785 [INFO] PluginManage:310 - Check plugin cadmodel
2026-03-24 15:57:42,792 [INFO] CADModel:105 - Init CAD model plugin
2026-03-24 15:57:42,792 [INFO] PluginManage:359 - Loaded plugin cadmodel (category:power,tabindex:5)
2026-03-24 15:57:42,794 [INFO] PluginManage:310 - Check plugin clock
2026-03-24 15:57:42,808 [INFO] PluginManage:359 - Loaded plugin clock (category:base,tabindex:2)
2026-03-24 15:57:42,809 [INFO] PluginManage:310 - Check plugin ddr
2026-03-24 15:57:42,813 [INFO] PluginManage:359 - Loaded plugin ddr (category:tool,tabindex:6)
2026-03-24 15:57:42,814 [INFO] PluginManage:310 - Check plugin filemanager
2026-03-24 15:57:42,996 [INFO] PluginManage:359 - Loaded plugin filemanager (category:base,tabindex:10)
2026-03-24 15:57:42,996 [INFO] PluginManage:310 - Check plugin ipmanager
2026-03-24 15:57:43,003 [INFO] PluginManage:359 - Loaded plugin ipmanager (category:base,tabindex:5)
2026-03-24 15:57:43,003 [INFO] PluginManage:310 - Check plugin lpbam
2026-03-24 15:57:43,017 [INFO] PluginManage:359 - Loaded plugin lpbam (category:base,tabindex:0)
2026-03-24 15:57:43,017 [INFO] PluginManage:310 - Check plugin memorymap
2026-03-24 15:57:43,034 [INFO] PluginManage:359 - Loaded plugin memorymap (category:base,tabindex:4)
2026-03-24 15:57:43,035 [INFO] PluginManage:310 - Check plugin pinoutandconfiguration
2026-03-24 15:57:43,049 [INFO] PluginManage:359 - Loaded plugin pinoutandconfiguration (category:base,tabindex:1)
2026-03-24 15:57:43,049 [INFO] PluginManage:310 - Check plugin pinoutconfig
2026-03-24 15:57:43,151 [WARN] SupportedApi:132 - Cannot load RTOS API schema: s4s-elt-must-match.1: The content of 'definitions' must match (annotation?, (simpleType | complexType)?, (unique | key | keyref)*)). A problem was found starting at: attribute.
2026-03-24 15:57:43,291 [INFO] PluginManage:359 - Loaded plugin pinoutconfig (category:base,tabindex:0)
2026-03-24 15:57:43,292 [INFO] PluginManage:310 - Check plugin power
2026-03-24 15:57:43,304 [INFO] PluginManage:359 - Loaded plugin power (category:power,tabindex:4)
2026-03-24 15:57:43,305 [INFO] PluginManage:310 - Check plugin projectmanager
2026-03-24 15:57:43,327 [INFO] PluginManage:359 - Loaded plugin projectmanager (category:projectmanager,tabindex:4)
2026-03-24 15:57:43,328 [INFO] PluginManage:310 - Check plugin rif
2026-03-24 15:57:43,335 [INFO] PluginManage:359 - Loaded plugin rif (category:base,tabindex:3)
2026-03-24 15:57:43,335 [INFO] PluginManage:310 - Check plugin thirdparty
2026-03-24 15:57:43,517 [WARN] IntegrityCheckThread:84 - waiting for thirdparty lock release [integrity check]
2026-03-24 15:57:43,517 [INFO] PluginManage:359 - Loaded plugin thirdparty (category:base,tabindex:-1)
2026-03-24 15:57:43,518 [INFO] IntegrityCheckThread:86 - entering critical section [integrity check]
2026-03-24 15:57:43,518 [INFO] PluginManage:310 - Check plugin tools
2026-03-24 15:57:43,518 [INFO] ThirdPartyUpdaterWithRetryManager:70 - Updater plugin not ready yet. [1/15]
2026-03-24 15:57:43,521 [INFO] PluginManage:359 - Loaded plugin tools (category:base,tabindex:7)
2026-03-24 15:57:43,521 [INFO] PluginManage:310 - Check plugin tutovideos
2026-03-24 15:57:43,699 [INFO] PluginManage:359 - Loaded plugin tutovideos (category:base,tabindex:-1)
2026-03-24 15:57:43,699 [INFO] PluginManage:310 - Check plugin updater
2026-03-24 15:57:43,729 [INFO] PluginManage:359 - Loaded plugin updater (category:base,tabindex:12)
2026-03-24 15:57:43,729 [INFO] PluginManage:310 - Check plugin userauth
2026-03-24 15:57:43,736 [INFO] UserAuth:118 - Init User Auth plugin
2026-03-24 15:57:43,737 [INFO] PluginManage:359 - Loaded plugin userauth (category:base,tabindex:14)
2026-03-24 15:57:43,738 [INFO] PluginManage:283 - PluginManage : Loaded plugins [18]
2026-03-24 15:57:43,928 [INFO] PinOutPanel:1589 - setPackage(No Configuration,No Configuration)
2026-03-24 15:57:43,989 [INFO] CADModel:165 - CPN selected for project level
2026-03-24 15:57:43,989 [INFO] CADModel:114 - Register for checkConnection events
2026-03-24 15:57:44,001 [INFO] IPUIPlugin:80 - create IPUIPlugin
2026-03-24 15:57:44,001 [INFO] PluginManager:220 - loadIPPluginJar : add extmemmanager
2026-03-24 15:57:44,002 [INFO] IPUIPlugin:80 - create IPUIPlugin
2026-03-24 15:57:44,003 [INFO] PluginManager:220 - loadIPPluginJar : add radio
2026-03-24 15:57:44,005 [INFO] IPUIPlugin:80 - create IPUIPlugin
2026-03-24 15:57:44,005 [INFO] PluginManager:220 - loadIPPluginJar : add i2c
2026-03-24 15:57:44,008 [INFO] IPUIPlugin:80 - create IPUIPlugin
2026-03-24 15:57:44,008 [INFO] PluginManager:220 - loadIPPluginJar : add nvic
2026-03-24 15:57:44,010 [INFO] IPUIPlugin:80 - create IPUIPlugin
2026-03-24 15:57:44,010 [INFO] PluginManager:220 - loadIPPluginJar : add hash
2026-03-24 15:57:44,015 [INFO] IPUIPlugin:80 - create IPUIPlugin
2026-03-24 15:57:44,015 [INFO] PluginManager:220 - loadIPPluginJar : add gpio
2026-03-24 15:57:44,016 [INFO] IPUIPlugin:80 - create IPUIPlugin
2026-03-24 15:57:44,016 [INFO] PluginManager:220 - loadIPPluginJar : add ts
2026-03-24 15:57:44,019 [INFO] IPUIPlugin:80 - create IPUIPlugin
2026-03-24 15:57:44,019 [INFO] PluginManager:220 - loadIPPluginJar : add gtzc
2026-03-24 15:57:44,021 [INFO] IPUIPlugin:80 - create IPUIPlugin
2026-03-24 15:57:44,021 [INFO] PluginManager:220 - loadIPPluginJar : add usbx
2026-03-24 15:57:44,023 [INFO] IPUIPlugin:80 - create IPUIPlugin
2026-03-24 15:57:44,023 [INFO] PluginManager:220 - loadIPPluginJar : add tsc
2026-03-24 15:57:44,028 [INFO] IPUIPlugin:80 - create IPUIPlugin
2026-03-24 15:57:44,028 [INFO] PluginManager:220 - loadIPPluginJar : add dma
2026-03-24 15:57:44,033 [INFO] IPUIPlugin:80 - create IPUIPlugin
2026-03-24 15:57:44,033 [INFO] PluginManager:220 - loadIPPluginJar : add fmc
2026-03-24 15:57:44,034 [INFO] IPUIPlugin:80 - create IPUIPlugin
2026-03-24 15:57:44,034 [INFO] PluginManager:220 - loadIPPluginJar : add fatfs
2026-03-24 15:57:44,036 [INFO] IPUIPlugin:80 - create IPUIPlugin
2026-03-24 15:57:44,036 [INFO] PluginManager:220 - loadIPPluginJar : add tim
2026-03-24 15:57:44,038 [INFO] IPUIPlugin:80 - create IPUIPlugin
2026-03-24 15:57:44,038 [INFO] PluginManager:220 - loadIPPluginJar : add aes
2026-03-24 15:57:44,040 [INFO] IPUIPlugin:80 - create IPUIPlugin
2026-03-24 15:57:44,041 [INFO] PluginManager:220 - loadIPPluginJar : add i2s
2026-03-24 15:57:44,043 [INFO] IPUIPlugin:80 - create IPUIPlugin
2026-03-24 15:57:44,043 [INFO] PluginManager:220 - loadIPPluginJar : add can
2026-03-24 15:57:44,045 [INFO] IPUIPlugin:80 - create IPUIPlugin
2026-03-24 15:57:44,045 [INFO] PluginManager:220 - loadIPPluginJar : add i3c
2026-03-24 15:57:44,047 [INFO] IPUIPlugin:80 - create IPUIPlugin
2026-03-24 15:57:44,047 [INFO] PluginManager:220 - loadIPPluginJar : add lorawan
2026-03-24 15:57:44,053 [INFO] IPUIPlugin:80 - create IPUIPlugin
2026-03-24 15:57:44,053 [INFO] PluginManager:220 - loadIPPluginJar : add stm32_wpan
2026-03-24 15:57:44,055 [INFO] IPUIPlugin:80 - create IPUIPlugin
2026-03-24 15:57:44,055 [INFO] PluginManager:220 - loadIPPluginJar : add dma3
2026-03-24 15:57:44,061 [INFO] IPUIPlugin:80 - create IPUIPlugin
2026-03-24 15:57:44,062 [INFO] PluginManager:220 - loadIPPluginJar : add adc
2026-03-24 15:57:44,064 [INFO] IPUIPlugin:80 - create IPUIPlugin
2026-03-24 15:57:44,064 [INFO] PluginManager:220 - loadIPPluginJar : add touchsensing
2026-03-24 15:57:44,067 [INFO] IPUIPlugin:80 - create IPUIPlugin
2026-03-24 15:57:44,067 [INFO] PluginManager:220 - loadIPPluginJar : add usart
2026-03-24 15:57:44,069 [INFO] IPUIPlugin:80 - create IPUIPlugin
2026-03-24 15:57:44,070 [INFO] PluginManager:220 - loadIPPluginJar : add openamp
2026-03-24 15:57:44,076 [INFO] IPUIPlugin:80 - create IPUIPlugin
2026-03-24 15:57:44,078 [INFO] PluginManager:220 - loadIPPluginJar : add plateformsettings
2026-03-24 15:57:44,081 [INFO] IPUIPlugin:80 - create IPUIPlugin
2026-03-24 15:57:44,082 [INFO] PluginManager:220 - loadIPPluginJar : add resmgrutility
2026-03-24 15:57:44,083 [INFO] IPUIPlugin:80 - create IPUIPlugin
2026-03-24 15:57:44,083 [INFO] PluginManager:220 - loadIPPluginJar : add comp
2026-03-24 15:57:44,086 [INFO] IPUIPlugin:80 - create IPUIPlugin
2026-03-24 15:57:44,086 [INFO] PluginManager:220 - loadIPPluginJar : add ddr_ctrl_phy
2026-03-24 15:57:44,089 [INFO] IPUIPlugin:80 - create IPUIPlugin
2026-03-24 15:57:44,089 [INFO] PluginManager:220 - loadIPPluginJar : add sai
2026-03-24 15:57:44,097 [INFO] IPUIPlugin:80 - create IPUIPlugin
2026-03-24 15:57:44,098 [INFO] PluginManager:220 - loadIPPluginJar : add linkedlist
2026-03-24 15:57:44,100 [INFO] IPUIPlugin:80 - create IPUIPlugin
2026-03-24 15:57:44,100 [INFO] PluginManager:220 - loadIPPluginJar : add gfxmmu
2026-03-24 15:57:44,104 [INFO] IPUIPlugin:80 - create IPUIPlugin
2026-03-24 15:57:44,104 [INFO] PluginManager:220 - loadIPPluginJar : add ipddr
2026-03-24 15:57:44,107 [INFO] IPUIPlugin:80 - create IPUIPlugin
2026-03-24 15:57:44,107 [INFO] PluginManager:220 - loadIPPluginJar : add tracer_emb
2026-03-24 15:57:44,112 [INFO] IPUIPlugin:80 - create IPUIPlugin
2026-03-24 15:57:44,113 [INFO] PluginManager:220 - loadIPPluginJar : add freertos
2026-03-24 15:57:44,114 [INFO] IPUIPlugin:80 - create IPUIPlugin
2026-03-24 15:57:44,114 [INFO] PluginManager:220 - loadIPPluginJar : add ltdc
2026-03-24 15:57:44,115 [INFO] IPUIPlugin:80 - create IPUIPlugin
2026-03-24 15:57:44,115 [INFO] PluginManager:220 - loadIPPluginJar : add quadspi
2026-03-24 15:57:44,119 [INFO] IPUIPlugin:80 - create IPUIPlugin
2026-03-24 15:57:44,119 [INFO] PluginManager:220 - loadIPPluginJar : add gic
2026-03-24 15:57:44,121 [INFO] IPUIPlugin:80 - create IPUIPlugin
2026-03-24 15:57:44,121 [INFO] PluginManager:220 - loadIPPluginJar : add genericplugin
2026-03-24 15:57:44,123 [INFO] IPUIPlugin:80 - create IPUIPlugin
2026-03-24 15:57:44,123 [INFO] PluginManager:220 - loadIPPluginJar : add pdm2pcm
2026-03-24 15:57:44,129 [INFO] IPUIPlugin:80 - create IPUIPlugin
2026-03-24 15:57:44,130 [INFO] PluginManager:220 - loadIPPluginJar : add mdma
2026-03-24 15:57:44,132 [INFO] IPUIPlugin:80 - create IPUIPlugin
2026-03-24 15:57:44,132 [INFO] PluginManager:220 - loadIPPluginJar : add dfsdm
2026-03-24 15:57:44,135 [INFO] IPUIPlugin:80 - create IPUIPlugin
2026-03-24 15:57:44,135 [INFO] PluginManager:220 - loadIPPluginJar : add opamp
2026-03-24 15:57:44,137 [INFO] IPUIPlugin:80 - create IPUIPlugin
2026-03-24 15:57:44,138 [INFO] PluginManager:220 - loadIPPluginJar : add cryp
2026-03-24 15:57:44,140 [INFO] IPUIPlugin:80 - create IPUIPlugin
2026-03-24 15:57:44,140 [INFO] PluginManager:220 - loadIPPluginJar : add spi
2026-03-24 15:57:44,142 [INFO] IPUIPlugin:80 - create IPUIPlugin
2026-03-24 15:57:44,142 [INFO] PluginManager:220 - loadIPPluginJar : add ucpd
2026-03-24 15:57:44,249 [FATAL] Updater:351 - Updater called before beeing initialized
2026-03-24 15:57:44,292 [INFO] RulesReader:64 - Compatibility file has been processed (302 Rules)
2026-03-24 15:57:44,311 [INFO] RulesReader:64 - Compatibility file has been processed (302 Rules)
2026-03-24 15:57:44,323 [INFO] CADModel:165 - CPN selected for project level
2026-03-24 15:57:44,323 [INFO] CADModel:114 - Register for checkConnection events
2026-03-24 15:57:44,323 [FATAL] Updater:351 - Updater called before beeing initialized
2026-03-24 15:57:44,323 [ERROR] CADModel:125 - Updater not yet initialized, retry later 
2026-03-24 15:57:44,559 [FATAL] Updater:351 - Updater called before beeing initialized
2026-03-24 15:57:44,562 [INFO] CADModel:165 - CPN selected for project level
2026-03-24 15:57:44,562 [INFO] CADModel:114 - Register for checkConnection events
2026-03-24 15:57:44,562 [FATAL] Updater:351 - Updater called before beeing initialized
2026-03-24 15:57:44,562 [ERROR] CADModel:125 - Updater not yet initialized, retry later 
2026-03-24 15:57:44,568 [FATAL] Updater:351 - Updater called before beeing initialized
2026-03-24 15:57:44,699 [FATAL] Updater:351 - Updater called before beeing initialized
2026-03-24 15:57:44,707 [INFO] DbMcusAds:53 - JSON generation date=Thu Mar 05 15:32:52 CET 2026 (1772721172890)
2026-03-24 15:57:44,707 [FATAL] Updater:351 - Updater called before beeing initialized
2026-03-24 15:57:44,753 [WARN] DetailPanel:346 - Failed to get advertising image, set to default
2026-03-24 15:57:45,001 [FATAL] Updater:351 - Updater called before beeing initialized
2026-03-24 15:57:45,004 [FATAL] Updater:351 - Updater called before beeing initialized
2026-03-24 15:57:45,004 [FATAL] Updater:351 - Updater called before beeing initialized
2026-03-24 15:57:45,004 [WARN] DetailPanel:346 - Failed to get advertising image, set to default
2026-03-24 15:57:45,005 [FATAL] Updater:351 - Updater called before beeing initialized
2026-03-24 15:57:45,039 [ERROR] Updater:1198 - MainUpdater not yet initialized. External WinMGr cannot be set.
2026-03-24 15:57:45,041 [INFO] Updater:1134 - Updater Version found : 6.14.1
2026-03-24 15:57:45,065 [INFO] ApplicationProperties:184 - Using Application install path: /opt/st/stm32cubeide_1.18.1/plugins/com.st.stm32cube.common.mx_6.14.1.202504091515
2026-03-24 15:57:45,388 [INFO] MainUpdater:2872 - connection check result : 10
2026-03-24 15:57:45,389 [INFO] MainUpdater:289 - Updater Check For Update Now.
2026-03-24 15:57:45,390 [INFO] MicroXplorer:498 - Change Database Version : DB.6.0.141
2026-03-24 15:57:45,398 [INFO] McuFinderGlobals:63 - Set McuFinder mode to 2 (CubeIDE integrated)
2026-03-24 15:57:45,398 [INFO] UserAuth:171 - activating auth plugin
2026-03-24 15:57:45,403 [INFO] UserAuth:484 - Internet connection configuration mode: 1
2026-03-24 15:57:45,431 [INFO] JxBrowserEngine:152 - Initiate JxBrowser Engine with user profile folder
2026-03-24 15:57:45,638 [INFO] CheckServerUpdateThread:120 - End of CheckServer Thread
2026-03-24 15:57:46,344 [INFO] WebApp:169 - Instantiating new browser for Auth
2026-03-24 15:57:46,780 [WARN] PackLoader:240 - Cannot read IP mode file for STMicroelectronics.X-CUBE-AZRTOS-H7.3.5.0
2026-03-24 15:57:46,797 [WARN] PackLoader:240 - Cannot read IP mode file for STMicroelectronics.FP-SNS-MOTENVWB1.1.4.0
2026-03-24 15:57:46,804 [WARN] PackLoader:240 - Cannot read IP mode file for STMicroelectronics.FP-ATR-ASTRA1.2.0.2
2026-03-24 15:57:46,816 [WARN] PackLoader:240 - Cannot read IP mode file for STMicroelectronics.X-CUBE-SMBUS.2.1.0
2026-03-24 15:57:46,823 [WARN] PackLoader:240 - Cannot read IP mode file for STMicroelectronics.X-CUBE-ST60.1.0.0
2026-03-24 15:57:46,860 [WARN] PackLoader:240 - Cannot read IP mode file for STMicroelectronics.X-CUBE-AZRTOS-F7.1.1.0
2026-03-24 15:57:46,872 [ERROR] Engine:466 - /home/nicole/.stm32cubemx/thirdparties/pdsc/STMicroelectronics.FP-SNS-MOTENV1.5.1.0.pdsc: PDSC version is not supported
2026-03-24 15:57:46,877 [ERROR] Engine:466 - /home/nicole/.stm32cubemx/thirdparties/pdsc/WES.I-CUBE-Cesium.1.4.0.pdsc: PDSC version is not supported
2026-03-24 15:57:46,913 [WARN] PackLoader:240 - Cannot read IP mode file for Infineon.AIROC-Wi-Fi-Bluetooth-STM32.1.7.0
2026-03-24 15:57:46,954 [WARN] PackLoader:240 - Cannot read IP mode file for Infineon.AIROC-Wi-Fi-Bluetooth-STM32.1.7.1
2026-03-24 15:57:47,003 [WARN] PackLoader:240 - Cannot read IP mode file for STMicroelectronics.X-CUBE-AZRTOS-H7.3.4.0
2026-03-24 15:57:47,017 [WARN] PackLoader:240 - Cannot read IP mode file for STMicroelectronics.X-CUBE-DISPLAY.3.0.0
2026-03-24 15:57:47,026 [ERROR] Engine:466 - /home/nicole/.stm32cubemx/thirdparties/pdsc/STMicroelectronics.FP-SNS-MOTENVWB1.1.5.0.pdsc: PDSC version is not supported
2026-03-24 15:57:47,035 [WARN] PackLoader:240 - Cannot read IP mode file for STMicroelectronics.X-CUBE-NFC10.1.0.0
2026-03-24 15:57:47,050 [WARN] PackLoader:240 - Cannot read IP mode file for STMicroelectronics.X-CUBE-BLEMGR.4.0.0
2026-03-24 15:57:47,059 [WARN] PackLoader:240 - Cannot read IP mode file for STMicroelectronics.X-CUBE-ST60.1.1.0
2026-03-24 15:57:47,066 [WARN] PackLoader:240 - Cannot read IP mode file for emotas.I-CUBE-CANOPEN.1.3.0
2026-03-24 15:57:47,073 [WARN] PackLoader:240 - Cannot read IP mode file for STMicroelectronics.X-CUBE-GNSS1.7.1.0
2026-03-24 15:57:47,079 [WARN] ConditionMgr:438 - getConditionDescription Invalid condition id : Cortex-A Device cause : null
2026-03-24 15:57:47,093 [WARN] ConditionMgr:1044 - genDependencies : Invalid condition id : Cortex-A Device cause : null
2026-03-24 15:57:47,093 [WARN] ConditionMgr:1044 - genDependencies : Invalid condition id : Cortex-A Device cause : null
2026-03-24 15:57:47,094 [WARN] ConditionMgr:1044 - genDependencies : Invalid condition id : Cortex-A Device cause : null
2026-03-24 15:57:47,097 [WARN] PackLoader:240 - Cannot read IP mode file for STMicroelectronics.X-CUBE-AI.10.0.0
2026-03-24 15:57:47,103 [ERROR] Engine:466 - /home/nicole/.stm32cubemx/thirdparties/pdsc/STMicroelectronics.FP-SNS-STBOX1.2.1.0.pdsc: PDSC version is not supported
2026-03-24 15:57:47,108 [WARN] PackLoader:240 - Cannot read IP mode file for STMicroelectronics.FP-SNS-SMARTAG2.1.2.0
2026-03-24 15:57:47,112 [WARN] PackLoader:240 - Cannot read IP mode file for STMicroelectronics.FP-SNS-FLIGHT1.5.1.0
2026-03-24 15:57:47,125 [INFO] LogOutputStream:77 - [STDOUT_REDIRECT] 1 : Invalid condition id : UX_CORESTACK_Condition cause : null
2026-03-24 15:57:47,126 [INFO] LogOutputStream:77 - [STDOUT_REDIRECT] 1 : Invalid condition id : UX_CORESTACK_Condition cause : null
2026-03-24 15:57:47,126 [INFO] LogOutputStream:77 - [STDOUT_REDIRECT] 1 : Invalid condition id : UX_CORESTACK_Condition cause : null
2026-03-24 15:57:47,126 [INFO] LogOutputStream:77 - [STDOUT_REDIRECT] 1 : Invalid condition id : UX_CORESTACK_Condition cause : null
2026-03-24 15:57:47,127 [INFO] LogOutputStream:77 - [STDOUT_REDIRECT] 1 : Invalid condition id : UX_CORESTACK_Condition cause : null
2026-03-24 15:57:47,131 [WARN] PackLoader:240 - Cannot read IP mode file for STMicroelectronics.X-CUBE-AZRTOS-WL.2.0.0
2026-03-24 15:57:47,138 [WARN] PackLoader:240 - Cannot read IP mode file for STMicroelectronics.FP-SNS-MOTENV1.5.0.0
2026-03-24 15:57:47,170 [WARN] PackLoader:240 - Cannot read IP mode file for STMicroelectronics.X-CUBE-AZRTOS-H7RS.1.2.0
2026-03-24 15:57:47,181 [WARN] PackLoader:240 - Cannot read IP mode file for WES.I-CUBE-Cesium.1.3.0
2026-03-24 15:57:47,187 [WARN] PackLoader:240 - Cannot read IP mode file for STMicroelectronics.X-CUBE-BLE2.3.3.0
2026-03-24 15:57:47,214 [WARN] PackLoader:240 - Cannot read IP mode file for Infineon.AIROC-Wi-Fi-Bluetooth-STM32.1.8.0
2026-03-24 15:57:47,222 [WARN] PackLoader:240 - Cannot read IP mode file for STMicroelectronics.X-CUBE-NFC9.1.0.0
2026-03-24 15:57:47,228 [WARN] PackLoader:240 - Cannot read IP mode file for wolfSSL.I-CUBE-wolfSSL.5.8.0
2026-03-24 15:57:47,233 [WARN] PackLoader:240 - Cannot read IP mode file for wolfSSL.I-CUBE-wolfSSL.5.8.2
2026-03-24 15:57:47,242 [WARN] PackLoader:240 - Cannot read IP mode file for STMicroelectronics.X-CUBE-BLE1.7.1.0
2026-03-24 15:57:47,247 [WARN] PackLoader:240 - Cannot read IP mode file for wolfSSL.I-CUBE-wolfMQTT.1.19.2
2026-03-24 15:57:47,254 [WARN] PackLoader:240 - Cannot read IP mode file for STMicroelectronics.X-CUBE-EEPRMA1.5.2.0
2026-03-24 15:57:47,260 [WARN] PackLoader:240 - Cannot read IP mode file for wolfSSL.I-CUBE-wolfSSL.5.8.4
2026-03-24 15:57:47,264 [WARN] PackLoader:240 - Cannot read IP mode file for Cesanta.I-CUBE-Mongoose.7.20.0
2026-03-24 15:57:47,272 [WARN] PackLoader:240 - Cannot read IP mode file for STMicroelectronics.X-CUBE-AI.10.1.0
2026-03-24 15:57:47,388 [INFO] WebApp:463 - Apply proxy settings
2026-03-24 15:57:47,388 [INFO] WebApp:548 - Chromium requires no authentication
2026-03-24 15:57:47,425 [INFO] WebApp:491 - Direct internet connection detected
2026-03-24 15:57:47,489 [WARN] PackLoader:240 - Cannot read IP mode file for STMicroelectronics.X-CUBE-MEMS1.12.0.0
2026-03-24 15:57:47,490 [INFO] WebApp:894 - Register for checkConnection events
2026-03-24 15:57:47,490 [INFO] WebApp:463 - Apply proxy settings
2026-03-24 15:57:47,490 [INFO] WebApp:548 - Chromium requires no authentication
2026-03-24 15:57:47,498 [INFO] WebApp:491 - Direct internet connection detected
2026-03-24 15:57:47,723 [INFO] WebApp:191 - Connection restablished
2026-03-24 15:57:47,816 [WARN] PackLoader:240 - Cannot read IP mode file for STMicroelectronics.X-CUBE-MEMS1.11.2.0
2026-03-24 15:57:47,932 [INFO] WebApp:225 - Starting web application
2026-03-24 15:57:47,933 [INFO] WebApp:593 - Web application path used /opt/st/stm32cubeide_1.18.1/plugins/com.st.stm32cube.common.mx_6.14.1.202504091515/db/plugins/mcufinder/reactClient1/index.html
2026-03-24 15:57:48,007 [WARN] PackLoader:240 - Cannot read IP mode file for STMicroelectronics.X-CUBE-AZRTOS-G0.1.1.0
2026-03-24 15:57:48,023 [WARN] PackLoader:240 - Cannot read IP mode file for STMicroelectronics.X-CUBE-SAFEA1.1.2.2
2026-03-24 15:57:48,041 [WARN] PackLoader:240 - Cannot read IP mode file for STMicroelectronics.X-CUBE-NFC4.3.0.0
2026-03-24 15:57:48,054 [WARN] PackLoader:240 - Cannot read IP mode file for EmbeddedOffice.I-CUBE-FS-RTOS.1.0.1
2026-03-24 15:57:48,059 [WARN] PackLoader:240 - Cannot read IP mode file for STMicroelectronics.X-CUBE-WB05N.2.0.0
2026-03-24 15:57:48,064 [WARN] PackLoader:240 - Cannot read IP mode file for wolfSSL.I-CUBE-wolfTPM.3.8.0
2026-03-24 15:57:48,071 [WARN] PackLoader:240 - Cannot read IP mode file for STMicroelectronics.X-CUBE-TCPP.4.2.0
2026-03-24 15:57:48,077 [WARN] PackLoader:240 - Cannot read IP mode file for RealThread.X-CUBE-RT-Thread_Nano.4.1.1
2026-03-24 15:57:48,082 [WARN] PackLoader:240 - Cannot read IP mode file for STMicroelectronics.FP-ATR-SIGFOX1.3.2.0
2026-03-24 15:57:48,088 [WARN] PackLoader:240 - Cannot read IP mode file for STMicroelectronics.X-CUBE-EEPRMA1.5.1.0
2026-03-24 15:57:48,094 [ERROR] Engine:466 - /home/nicole/.stm32cubemx/thirdparties/pdsc/STMicroelectronics.X-CUBE-FREERTOS.1.5.0.pdsc: PDSC version is not supported
2026-03-24 15:57:48,100 [WARN] PackLoader:240 - Cannot read IP mode file for ITTIA_DB.I-CUBE-ITTIADB.8.9.0
2026-03-24 15:57:48,108 [WARN] PackLoader:240 - Cannot read IP mode file for STMicroelectronics.X-CUBE-NFC6.3.2.0
2026-03-24 15:57:48,118 [WARN] PackLoader:240 - Cannot read IP mode file for STMicroelectronics.X-CUBE-ST67W61.1.0.0
2026-03-24 15:57:48,123 [WARN] PackLoader:240 - Cannot read IP mode file for STMicroelectronics.X-CUBE-AI.10.2.0
2026-03-24 15:57:48,168 [WARN] PackLoader:240 - Cannot read IP mode file for SEGGER.I-CUBE-embOS.1.3.1
2026-03-24 15:57:48,262 [WARN] PackLoader:240 - Cannot read IP mode file for STMicroelectronics.X-CUBE-ALGOBUILD.1.4.0
2026-03-24 15:57:48,353 [WARN] PackLoader:240 - Cannot read IP mode file for STMicroelectronics.X-CUBE-MEMS1.11.3.0
2026-03-24 15:57:48,519 [WARN] PackLoader:240 - Cannot read IP mode file for STMicroelectronics.X-CUBE-PM33A1.1.0.0
2026-03-24 15:57:48,534 [WARN] PackLoader:240 - Cannot read IP mode file for STMicroelectronics.X-CUBE-AZRTOS-F4.1.1.0
2026-03-24 15:57:48,539 [WARN] PackLoader:240 - Cannot read IP mode file for Avnet-IotConnect.X-CUBE-IoTC-DA16k-PMOD.1.0.0
2026-03-24 15:57:48,541 [WARN] PackLoader:240 - Cannot read IP mode file for STMicroelectronics.X-CUBE-ISPU.2.1.0
2026-03-24 15:57:48,548 [ERROR] Engine:466 - /home/nicole/.stm32cubemx/thirdparties/pdsc/STMicroelectronics.X-CUBE-IPS.3.2.0.pdsc: PDSC version is not supported
2026-03-24 15:57:48,555 [WARN] PackLoader:240 - Cannot read IP mode file for STMicroelectronics.X-CUBE-NFC12.1.0.0
2026-03-24 15:57:48,572 [WARN] PackLoader:240 - Cannot read IP mode file for STMicroelectronics.X-CUBE-AZRTOS-L5.2.0.0
2026-03-24 15:57:48,587 [WARN] PackLoader:240 - Cannot read IP mode file for STMicroelectronics.X-CUBE-NFC6.3.1.0
2026-03-24 15:57:48,594 [WARN] PackLoader:240 - Cannot read IP mode file for STMicroelectronics.X-CUBE-FREERTOS.1.3.1
2026-03-24 15:57:48,599 [WARN] PackLoader:240 - Cannot read IP mode file for STMicroelectronics.X-CUBE-FREERTOS.1.3.0
2026-03-24 15:57:48,605 [WARN] PackLoader:240 - Cannot read IP mode file for STMicroelectronics.X-CUBE-NFC7.1.0.1
2026-03-24 15:57:48,610 [WARN] PackLoader:240 - Cannot read IP mode file for STMicroelectronics.X-CUBE-TOUCHGFX.4.26.1
2026-03-24 15:57:48,631 [WARN] PackLoader:240 - Cannot read IP mode file for STMicroelectronics.FP-SNS-STAIOTCFT.1.0.0
2026-03-24 15:57:48,648 [WARN] PackLoader:240 - Cannot read IP mode file for STMicroelectronics.X-CUBE-DPower.1.3.0
2026-03-24 15:57:48,679 [WARN] ConditionMgr:438 - getConditionDescription Invalid condition id : LAN8742 Phy interface Condition cause : null
2026-03-24 15:57:48,680 [WARN] PackLoader:240 - Cannot read IP mode file for STMicroelectronics.X-CUBE-AZRTOS-L4.2.0.0
2026-03-24 15:57:48,682 [WARN] ConditionMgr:1044 - genDependencies : Invalid condition id : LAN8742 Phy interface Condition cause : null
2026-03-24 15:57:48,682 [WARN] ConditionMgr:1044 - genDependencies : Invalid condition id : LAN8742 Phy interface Condition cause : null
2026-03-24 15:57:48,683 [WARN] ConditionMgr:1044 - genDependencies : Invalid condition id : LAN8742 Phy interface Condition cause : null
2026-03-24 15:57:48,696 [WARN] PackLoader:240 - Cannot read IP mode file for STMicroelectronics.X-CUBE-SFXS2LP1.4.0.0
2026-03-24 15:57:48,711 [ERROR] Engine:466 - /home/nicole/.stm32cubemx/thirdparties/pdsc/STMicroelectronics.X-CUBE-ST67W61.1.2.0.pdsc: PDSC version is not supported
2026-03-24 15:57:48,747 [WARN] PackLoader:240 - Cannot read IP mode file for STMicroelectronics.X-CUBE-AZRTOS-H7.3.3.0
2026-03-24 15:57:48,772 [WARN] PackLoader:240 - Cannot read IP mode file for STMicroelectronics.X-CUBE-BLEMGR.4.1.0
2026-03-24 15:57:48,815 [WARN] ConditionMgr:438 - getConditionDescription Invalid condition id : UX DEVICE CLASS RTOS Condition cause : null
2026-03-24 15:57:48,815 [WARN] ConditionMgr:438 - getConditionDescription Invalid condition id : UX DEVICE CLASS RTOS Condition cause : null
2026-03-24 15:57:48,818 [WARN] PackLoader:240 - Cannot read IP mode file for STMicroelectronics.X-CUBE-AZRTOS-WB.2.0.0
2026-03-24 15:57:48,820 [WARN] ConditionMgr:1044 - genDependencies : Invalid condition id : UX DEVICE CLASS RTOS Condition cause : null
2026-03-24 15:57:48,820 [WARN] ConditionMgr:1044 - genDependencies : Invalid condition id : UX DEVICE CLASS RTOS Condition cause : null
2026-03-24 15:57:48,820 [WARN] ConditionMgr:1044 - genDependencies : Invalid condition id : UX DEVICE CLASS RTOS Condition cause : null
2026-03-24 15:57:48,821 [WARN] ConditionMgr:1044 - genDependencies : Invalid condition id : UX DEVICE CLASS RTOS Condition cause : null
2026-03-24 15:57:48,821 [WARN] ConditionMgr:1044 - genDependencies : Invalid condition id : UX DEVICE CLASS RTOS Condition cause : null
2026-03-24 15:57:48,829 [WARN] PackLoader:240 - Cannot read IP mode file for STMicroelectronics.X-CUBE-GNSS1.7.0.1
2026-03-24 15:57:48,836 [WARN] PackLoader:240 - Cannot read IP mode file for STMicroelectronics.X-CUBE-TOUCHGFX.4.25.0
2026-03-24 15:57:48,845 [WARN] PackLoader:240 - Cannot read IP mode file for STMicroelectronics.FP-SNS-STBOX1.2.0.0
2026-03-24 15:57:48,852 [WARN] ConditionMgr:438 - getConditionDescription Invalid condition id : Cortex-A Device cause : null
2026-03-24 15:57:48,868 [WARN] ConditionMgr:1044 - genDependencies : Invalid condition id : Cortex-A Device cause : null
2026-03-24 15:57:48,868 [WARN] ConditionMgr:1044 - genDependencies : Invalid condition id : Cortex-A Device cause : null
2026-03-24 15:57:48,868 [WARN] ConditionMgr:1044 - genDependencies : Invalid condition id : Cortex-A Device cause : null
2026-03-24 15:57:48,886 [WARN] PackLoader:240 - Cannot read IP mode file for STMicroelectronics.X-CUBE-STSE01.2.0.0
2026-03-24 15:57:48,907 [WARN] PackLoader:240 - Cannot read IP mode file for STMicroelectronics.X-CUBE-SUBG2.5.0.0
2026-03-24 15:57:48,933 [WARN] PackLoader:240 - Cannot read IP mode file for STMicroelectronics.X-CUBE-AZRTOS-H7RS.1.1.0
2026-03-24 15:57:48,940 [WARN] PackLoader:240 - Cannot read IP mode file for Cesanta.I-CUBE-Mongoose.7.13.0
2026-03-24 15:57:48,955 [WARN] PackLoader:240 - Cannot read IP mode file for STMicroelectronics.X-CUBE-AZRTOS-G4.2.0.0
2026-03-24 15:57:48,959 [WARN] PackLoader:240 - Cannot read IP mode file for wolfSSL.I-CUBE-wolfSSH.1.4.20
2026-03-24 15:57:48,964 [WARN] PackLoader:240 - Cannot read IP mode file for STMicroelectronics.X-CUBE-NFC7.2.0.0
2026-03-24 15:57:48,979 [WARN] PackLoader:240 - Cannot read IP mode file for STMicroelectronics.X-CUBE-IPS.3.1.0
2026-03-24 15:57:48,990 [WARN] PackLoader:240 - Cannot read IP mode file for STMicroelectronics.X-CUBE-ALS.1.0.2
2026-03-24 15:57:48,996 [WARN] PackLoader:240 - Cannot read IP mode file for portGmbH.I-Cube-SoM-uGOAL.1.1.0
2026-03-24 15:57:49,010 [WARN] PackLoader:240 - Cannot read IP mode file for STMicroelectronics.X-CUBE-TOF1.3.4.3
2026-03-24 15:57:49,025 [INFO] ThirdParty:978 - Integrity check success = true
2026-03-24 15:57:49,025 [INFO] IntegrityCheckThread:100 - exiting critical section [integrity check]
2026-03-24 15:57:49,025 [INFO] IntegrityCheckThread:103 - End integrity checks thread
2026-03-24 17:57:54,039 [INFO] WebApp:194 - Connection lost
2026-03-24 18:02:03,563 [INFO] WebApp:191 - Connection restablished
2026-03-24 18:03:36,553 [INFO] WebApp:194 - Connection lost
