2026-03-25 15:11:25,592 [ERROR] ConfigurationRetriever:142 - IOException on connection: Connect timed out
2026-03-25 15:39:39,073 [ERROR] ConfigurationRetriever:142 - IOException on connection: sw-center.st.com
2026-03-25 15:39:39,075 [ERROR] ConfigurationRetriever:142 - IOException on connection: sw-center.st.com
2026-03-25 15:39:39,075 [ERROR] ConfigurationRetriever:142 - IOException on connection: sw-center.st.com
2026-03-25 15:39:39,104 [ERROR] ConfigurationRetriever:142 - IOException on connection: sw-center.st.com
2026-03-25 15:39:39,105 [ERROR] ConfigurationRetriever:142 - IOException on connection: sw-center.st.com
2026-03-25 15:39:39,105 [ERROR] ConfigurationRetriever:142 - IOException on connection: sw-center.st.com
2026-03-25 15:45:35,669 [ERROR] ConfigurationRetriever:142 - IOException on connection: Connect timed out
2026-03-25 16:06:30,419 [ERROR] ConfigurationRetriever:142 - IOException on connection: sw-center.st.com
2026-03-25 16:06:30,420 [ERROR] ConfigurationRetriever:142 - IOException on connection: sw-center.st.com
2026-03-25 16:06:30,420 [ERROR] ConfigurationRetriever:142 - IOException on connection: sw-center.st.com
2026-03-25 16:06:31,612 [ERROR] LogOutputStream:75 - [STDERR_REDIRECT] 
2026-03-25 16:12:06,181 [INFO] Activator:176 - 


2026-03-25 16:12:06,183 [INFO] Activator:177 - !SESSION log4j initialized
2026-03-25 16:12:09,101 [INFO] LogOutputStream:77 - [STDOUT_REDIRECT] 
2026-03-25 16:12:09,437 [ERROR] ConfigurationRetriever:142 - IOException on connection: sw-center.st.com
2026-03-25 16:12:09,438 [ERROR] ConfigurationRetriever:142 - IOException on connection: sw-center.st.com
2026-03-25 16:12:09,439 [ERROR] ConfigurationRetriever:142 - IOException on connection: sw-center.st.com
2026-03-25 16:12:10,153 [INFO] ApplicationProperties:184 - Using Application install path: /opt/st/stm32cubeide_1.18.1/plugins/com.st.stm32cube.common.mx_6.14.1.202504091515
2026-03-25 16:12:10,167 [INFO] DbMcusXml:78 - Set database path to: /opt/st/stm32cubeide_1.18.1/plugins/com.st.stm32cube.common.mx_6.14.1.202504091515//db//mcu/
2026-03-25 16:12:10,167 [INFO] ApiDb:274 - Set plugin database path to: /opt/st/stm32cubeide_1.18.1/plugins/com.st.stm32cube.common.mx_6.14.1.202504091515//db//plugins/boardmanager/
2026-03-25 16:12:10,167 [WARN] ApiDb:259 - Overriding images path with different value:  => /opt/st/stm32cubeide_1.18.1/plugins/com.st.stm32cube.common.mx_6.14.1.202504091515//db//plugins/mcufinder/images/
2026-03-25 16:12:10,173 [INFO] ApiDb:250 - Set database path to: /home/nicole/.stmcufinder/plugins/mcufinder//mcu/
2026-03-25 16:12:10,174 [INFO] DbMcusAds:125 - Set database path to: /home/nicole/.stmcufinder/plugins/mcufinder//mcu/
2026-03-25 16:12:10,176 [INFO] CrossReferenceDbSqlite:203 - Set database path to: /home/nicole/.stmcufinder/plugins/mcufinder//mcu/cs/
2026-03-25 16:12:10,265 [INFO] RulesReader:64 - Compatibility file has been processed (302 Rules)
2026-03-25 16:12:10,318 [INFO] DbMcusXml:78 - Set database path to: /opt/st/stm32cubeide_1.18.1/plugins/com.st.stm32cube.common.mx_6.14.1.202504091515//db//mcu/
2026-03-25 16:12:10,318 [INFO] ApiDb:274 - Set plugin database path to: /opt/st/stm32cubeide_1.18.1/plugins/com.st.stm32cube.common.mx_6.14.1.202504091515//db//plugins/boardmanager/
2026-03-25 16:12:10,319 [INFO] ApiDb:261 - Set plugin images path to: /opt/st/stm32cubeide_1.18.1/plugins/com.st.stm32cube.common.mx_6.14.1.202504091515//db//plugins/mcufinder/images/
2026-03-25 16:12:10,319 [WARN] DbFile:41 - Overriding database path with different value: /home/nicole/.stmcufinder/plugins/mcufinder/ => /home/nicole/.stmcufinder/plugins/mcufinder
2026-03-25 16:12:10,319 [INFO] ApiDb:250 - Set database path to: /home/nicole/.stmcufinder/plugins/mcufinder//mcu/
2026-03-25 16:12:10,319 [WARN] DbFile:41 - Overriding database path with different value: /home/nicole/.stmcufinder/plugins/mcufinder/ => /home/nicole/.stmcufinder/plugins/mcufinder
2026-03-25 16:12:10,319 [INFO] DbMcusAds:125 - Set database path to: /home/nicole/.stmcufinder/plugins/mcufinder//mcu/
2026-03-25 16:12:10,319 [WARN] DbFile:41 - Overriding database path with different value: /home/nicole/.stmcufinder/plugins/mcufinder/ => /home/nicole/.stmcufinder/plugins/mcufinder
2026-03-25 16:12:10,319 [WARN] DbFile:41 - Overriding database path with different value: /home/nicole/.stmcufinder/plugins/mcufinder/ => /home/nicole/.stmcufinder/plugins/mcufinder
2026-03-25 16:12:10,319 [INFO] CrossReferenceDbSqlite:203 - Set database path to: /home/nicole/.stmcufinder/plugins/mcufinder//mcu/cs/
2026-03-25 16:12:10,386 [INFO] MainPanel:272 - HeapMemory: 268435456
2026-03-25 16:12:10,666 [INFO] DbMcusXml:78 - Set database path to: /opt/st/stm32cubeide_1.18.1/plugins/com.st.stm32cube.common.mx_6.14.1.202504091515//db//mcu/
2026-03-25 16:12:10,667 [INFO] ApiDb:274 - Set plugin database path to: /opt/st/stm32cubeide_1.18.1/plugins/com.st.stm32cube.common.mx_6.14.1.202504091515//db//plugins/boardmanager/
2026-03-25 16:12:10,667 [INFO] ApiDb:261 - Set plugin images path to: /opt/st/stm32cubeide_1.18.1/plugins/com.st.stm32cube.common.mx_6.14.1.202504091515//db//plugins/mcufinder/images/
2026-03-25 16:12:10,667 [WARN] DbFile:41 - Overriding database path with different value: /home/nicole/.stmcufinder/plugins/mcufinder/ => /home/nicole/.stmcufinder/plugins/mcufinder
2026-03-25 16:12:10,668 [INFO] ApiDb:250 - Set database path to: /home/nicole/.stmcufinder/plugins/mcufinder//mcu/
2026-03-25 16:12:10,668 [WARN] DbFile:41 - Overriding database path with different value: /home/nicole/.stmcufinder/plugins/mcufinder/ => /home/nicole/.stmcufinder/plugins/mcufinder
2026-03-25 16:12:10,668 [INFO] DbMcusAds:125 - Set database path to: /home/nicole/.stmcufinder/plugins/mcufinder//mcu/
2026-03-25 16:12:10,668 [WARN] DbFile:41 - Overriding database path with different value: /home/nicole/.stmcufinder/plugins/mcufinder/ => /home/nicole/.stmcufinder/plugins/mcufinder
2026-03-25 16:12:10,668 [WARN] DbFile:41 - Overriding database path with different value: /home/nicole/.stmcufinder/plugins/mcufinder/ => /home/nicole/.stmcufinder/plugins/mcufinder
2026-03-25 16:12:10,668 [INFO] CrossReferenceDbSqlite:203 - Set database path to: /home/nicole/.stmcufinder/plugins/mcufinder//mcu/cs/
2026-03-25 16:12:10,689 [INFO] ApplicationProperties:184 - Using Application install path: /opt/st/stm32cubeide_1.18.1/plugins/com.st.stm32cube.common.mx_6.14.1.202504091515
2026-03-25 16:12:10,691 [INFO] PluginManage:196 - Search for loadable plugins [exclusion list=, ]
2026-03-25 16:12:10,692 [INFO] PluginManage:310 - Check plugin analytics
2026-03-25 16:12:10,828 [INFO] AnalyticsPlugin:253 - Accepted Software Licenses: 
2026-03-25 16:12:10,828 [INFO] AnalyticsPlugin:255 - Accepted CMSIS Pack Licenses: STMicroelectronics.X-CUBE-AI.10.1.0
2026-03-25 16:12:10,829 [INFO] AnalyticsPlugin:257 - Accepted Firmware Licenses: FW.F7.1.17.0
2026-03-25 16:12:10,831 [INFO] PluginManage:359 - Loaded plugin analytics (category:tool,tabindex:-1)
2026-03-25 16:12:10,832 [INFO] PluginManage:310 - Check plugin cadmodel
2026-03-25 16:12:10,832 [ERROR] ConfigurationRetriever:142 - IOException on connection: sw-center.st.com
2026-03-25 16:12:10,832 [ERROR] ConfigurationRetriever:142 - IOException on connection: sw-center.st.com
2026-03-25 16:12:10,833 [ERROR] ConfigurationRetriever:142 - IOException on connection: sw-center.st.com
2026-03-25 16:12:10,837 [INFO] CADModel:105 - Init CAD model plugin
2026-03-25 16:12:10,837 [INFO] PluginManage:359 - Loaded plugin cadmodel (category:power,tabindex:5)
2026-03-25 16:12:10,837 [INFO] PluginManage:310 - Check plugin clock
2026-03-25 16:12:10,844 [INFO] PluginManage:359 - Loaded plugin clock (category:base,tabindex:2)
2026-03-25 16:12:10,845 [INFO] PluginManage:310 - Check plugin ddr
2026-03-25 16:12:10,847 [INFO] PluginManage:359 - Loaded plugin ddr (category:tool,tabindex:6)
2026-03-25 16:12:10,847 [INFO] PluginManage:310 - Check plugin filemanager
2026-03-25 16:12:10,955 [INFO] PluginManage:359 - Loaded plugin filemanager (category:base,tabindex:10)
2026-03-25 16:12:10,956 [INFO] PluginManage:310 - Check plugin ipmanager
2026-03-25 16:12:10,960 [INFO] PluginManage:359 - Loaded plugin ipmanager (category:base,tabindex:5)
2026-03-25 16:12:10,960 [INFO] PluginManage:310 - Check plugin lpbam
2026-03-25 16:12:10,967 [INFO] PluginManage:359 - Loaded plugin lpbam (category:base,tabindex:0)
2026-03-25 16:12:10,967 [INFO] PluginManage:310 - Check plugin memorymap
2026-03-25 16:12:10,976 [INFO] PluginManage:359 - Loaded plugin memorymap (category:base,tabindex:4)
2026-03-25 16:12:10,976 [INFO] PluginManage:310 - Check plugin pinoutandconfiguration
2026-03-25 16:12:10,982 [INFO] PluginManage:359 - Loaded plugin pinoutandconfiguration (category:base,tabindex:1)
2026-03-25 16:12:10,983 [INFO] PluginManage:310 - Check plugin pinoutconfig
2026-03-25 16:12:11,046 [WARN] SupportedApi:132 - Cannot load RTOS API schema: s4s-elt-must-match.1: The content of 'definitions' must match (annotation?, (simpleType | complexType)?, (unique | key | keyref)*)). A problem was found starting at: attribute.
2026-03-25 16:12:11,142 [INFO] PluginManage:359 - Loaded plugin pinoutconfig (category:base,tabindex:0)
2026-03-25 16:12:11,142 [INFO] PluginManage:310 - Check plugin power
2026-03-25 16:12:11,151 [INFO] PluginManage:359 - Loaded plugin power (category:power,tabindex:4)
2026-03-25 16:12:11,151 [INFO] PluginManage:310 - Check plugin projectmanager
2026-03-25 16:12:11,166 [INFO] PluginManage:359 - Loaded plugin projectmanager (category:projectmanager,tabindex:4)
2026-03-25 16:12:11,166 [INFO] PluginManage:310 - Check plugin rif
2026-03-25 16:12:11,173 [INFO] PluginManage:359 - Loaded plugin rif (category:base,tabindex:3)
2026-03-25 16:12:11,173 [INFO] PluginManage:310 - Check plugin thirdparty
2026-03-25 16:12:11,268 [INFO] PluginManage:359 - Loaded plugin thirdparty (category:base,tabindex:-1)
2026-03-25 16:12:11,268 [WARN] IntegrityCheckThread:84 - waiting for thirdparty lock release [integrity check]
2026-03-25 16:12:11,269 [INFO] PluginManage:310 - Check plugin tools
2026-03-25 16:12:11,269 [INFO] IntegrityCheckThread:86 - entering critical section [integrity check]
2026-03-25 16:12:11,269 [INFO] ThirdPartyUpdaterWithRetryManager:70 - Updater plugin not ready yet. [1/15]
2026-03-25 16:12:11,270 [INFO] PluginManage:359 - Loaded plugin tools (category:base,tabindex:7)
2026-03-25 16:12:11,271 [INFO] PluginManage:310 - Check plugin tutovideos
2026-03-25 16:12:11,390 [INFO] PluginManage:359 - Loaded plugin tutovideos (category:base,tabindex:-1)
2026-03-25 16:12:11,391 [INFO] PluginManage:310 - Check plugin updater
2026-03-25 16:12:11,413 [INFO] PluginManage:359 - Loaded plugin updater (category:base,tabindex:12)
2026-03-25 16:12:11,413 [INFO] PluginManage:310 - Check plugin userauth
2026-03-25 16:12:11,418 [INFO] UserAuth:118 - Init User Auth plugin
2026-03-25 16:12:11,419 [INFO] PluginManage:359 - Loaded plugin userauth (category:base,tabindex:14)
2026-03-25 16:12:11,420 [INFO] PluginManage:283 - PluginManage : Loaded plugins [18]
2026-03-25 16:12:11,587 [INFO] PinOutPanel:1589 - setPackage(No Configuration,No Configuration)
2026-03-25 16:12:11,636 [INFO] CADModel:165 - CPN selected for project level
2026-03-25 16:12:11,637 [INFO] CADModel:114 - Register for checkConnection events
2026-03-25 16:12:11,647 [INFO] IPUIPlugin:80 - create IPUIPlugin
2026-03-25 16:12:11,647 [INFO] PluginManager:220 - loadIPPluginJar : add extmemmanager
2026-03-25 16:12:11,649 [INFO] IPUIPlugin:80 - create IPUIPlugin
2026-03-25 16:12:11,650 [INFO] PluginManager:220 - loadIPPluginJar : add radio
2026-03-25 16:12:11,652 [INFO] IPUIPlugin:80 - create IPUIPlugin
2026-03-25 16:12:11,652 [INFO] PluginManager:220 - loadIPPluginJar : add i2c
2026-03-25 16:12:11,655 [INFO] IPUIPlugin:80 - create IPUIPlugin
2026-03-25 16:12:11,656 [INFO] PluginManager:220 - loadIPPluginJar : add nvic
2026-03-25 16:12:11,657 [INFO] IPUIPlugin:80 - create IPUIPlugin
2026-03-25 16:12:11,657 [INFO] PluginManager:220 - loadIPPluginJar : add hash
2026-03-25 16:12:11,661 [INFO] IPUIPlugin:80 - create IPUIPlugin
2026-03-25 16:12:11,661 [INFO] PluginManager:220 - loadIPPluginJar : add gpio
2026-03-25 16:12:11,663 [INFO] IPUIPlugin:80 - create IPUIPlugin
2026-03-25 16:12:11,663 [INFO] PluginManager:220 - loadIPPluginJar : add ts
2026-03-25 16:12:11,665 [INFO] IPUIPlugin:80 - create IPUIPlugin
2026-03-25 16:12:11,665 [INFO] PluginManager:220 - loadIPPluginJar : add gtzc
2026-03-25 16:12:11,668 [INFO] IPUIPlugin:80 - create IPUIPlugin
2026-03-25 16:12:11,668 [INFO] PluginManager:220 - loadIPPluginJar : add usbx
2026-03-25 16:12:11,669 [INFO] IPUIPlugin:80 - create IPUIPlugin
2026-03-25 16:12:11,670 [INFO] PluginManager:220 - loadIPPluginJar : add tsc
2026-03-25 16:12:11,674 [INFO] IPUIPlugin:80 - create IPUIPlugin
2026-03-25 16:12:11,675 [INFO] PluginManager:220 - loadIPPluginJar : add dma
2026-03-25 16:12:11,680 [INFO] IPUIPlugin:80 - create IPUIPlugin
2026-03-25 16:12:11,680 [INFO] PluginManager:220 - loadIPPluginJar : add fmc
2026-03-25 16:12:11,681 [INFO] IPUIPlugin:80 - create IPUIPlugin
2026-03-25 16:12:11,681 [INFO] PluginManager:220 - loadIPPluginJar : add fatfs
2026-03-25 16:12:11,683 [INFO] IPUIPlugin:80 - create IPUIPlugin
2026-03-25 16:12:11,683 [INFO] PluginManager:220 - loadIPPluginJar : add tim
2026-03-25 16:12:11,685 [INFO] IPUIPlugin:80 - create IPUIPlugin
2026-03-25 16:12:11,685 [INFO] PluginManager:220 - loadIPPluginJar : add aes
2026-03-25 16:12:11,687 [INFO] IPUIPlugin:80 - create IPUIPlugin
2026-03-25 16:12:11,687 [INFO] PluginManager:220 - loadIPPluginJar : add i2s
2026-03-25 16:12:11,690 [INFO] IPUIPlugin:80 - create IPUIPlugin
2026-03-25 16:12:11,690 [INFO] PluginManager:220 - loadIPPluginJar : add can
2026-03-25 16:12:11,692 [INFO] IPUIPlugin:80 - create IPUIPlugin
2026-03-25 16:12:11,692 [INFO] PluginManager:220 - loadIPPluginJar : add i3c
2026-03-25 16:12:11,695 [INFO] IPUIPlugin:80 - create IPUIPlugin
2026-03-25 16:12:11,695 [INFO] PluginManager:220 - loadIPPluginJar : add lorawan
2026-03-25 16:12:11,700 [INFO] IPUIPlugin:80 - create IPUIPlugin
2026-03-25 16:12:11,701 [INFO] PluginManager:220 - loadIPPluginJar : add stm32_wpan
2026-03-25 16:12:11,702 [INFO] IPUIPlugin:80 - create IPUIPlugin
2026-03-25 16:12:11,702 [INFO] PluginManager:220 - loadIPPluginJar : add dma3
2026-03-25 16:12:11,707 [INFO] IPUIPlugin:80 - create IPUIPlugin
2026-03-25 16:12:11,707 [INFO] PluginManager:220 - loadIPPluginJar : add adc
2026-03-25 16:12:11,709 [INFO] IPUIPlugin:80 - create IPUIPlugin
2026-03-25 16:12:11,710 [INFO] PluginManager:220 - loadIPPluginJar : add touchsensing
2026-03-25 16:12:11,712 [INFO] IPUIPlugin:80 - create IPUIPlugin
2026-03-25 16:12:11,712 [INFO] PluginManager:220 - loadIPPluginJar : add usart
2026-03-25 16:12:11,715 [INFO] IPUIPlugin:80 - create IPUIPlugin
2026-03-25 16:12:11,715 [INFO] PluginManager:220 - loadIPPluginJar : add openamp
2026-03-25 16:12:11,720 [INFO] IPUIPlugin:80 - create IPUIPlugin
2026-03-25 16:12:11,722 [INFO] PluginManager:220 - loadIPPluginJar : add plateformsettings
2026-03-25 16:12:11,725 [INFO] IPUIPlugin:80 - create IPUIPlugin
2026-03-25 16:12:11,725 [INFO] PluginManager:220 - loadIPPluginJar : add resmgrutility
2026-03-25 16:12:11,726 [INFO] IPUIPlugin:80 - create IPUIPlugin
2026-03-25 16:12:11,727 [INFO] PluginManager:220 - loadIPPluginJar : add comp
2026-03-25 16:12:11,729 [INFO] IPUIPlugin:80 - create IPUIPlugin
2026-03-25 16:12:11,729 [INFO] PluginManager:220 - loadIPPluginJar : add ddr_ctrl_phy
2026-03-25 16:12:11,732 [INFO] IPUIPlugin:80 - create IPUIPlugin
2026-03-25 16:12:11,732 [INFO] PluginManager:220 - loadIPPluginJar : add sai
2026-03-25 16:12:11,737 [INFO] IPUIPlugin:80 - create IPUIPlugin
2026-03-25 16:12:11,737 [INFO] PluginManager:220 - loadIPPluginJar : add linkedlist
2026-03-25 16:12:11,739 [INFO] IPUIPlugin:80 - create IPUIPlugin
2026-03-25 16:12:11,739 [INFO] PluginManager:220 - loadIPPluginJar : add gfxmmu
2026-03-25 16:12:11,742 [INFO] IPUIPlugin:80 - create IPUIPlugin
2026-03-25 16:12:11,742 [INFO] PluginManager:220 - loadIPPluginJar : add ipddr
2026-03-25 16:12:11,743 [INFO] IPUIPlugin:80 - create IPUIPlugin
2026-03-25 16:12:11,744 [INFO] PluginManager:220 - loadIPPluginJar : add tracer_emb
2026-03-25 16:12:11,748 [INFO] IPUIPlugin:80 - create IPUIPlugin
2026-03-25 16:12:11,749 [INFO] PluginManager:220 - loadIPPluginJar : add freertos
2026-03-25 16:12:11,750 [INFO] IPUIPlugin:80 - create IPUIPlugin
2026-03-25 16:12:11,750 [INFO] PluginManager:220 - loadIPPluginJar : add ltdc
2026-03-25 16:12:11,751 [INFO] IPUIPlugin:80 - create IPUIPlugin
2026-03-25 16:12:11,751 [INFO] PluginManager:220 - loadIPPluginJar : add quadspi
2026-03-25 16:12:11,755 [INFO] IPUIPlugin:80 - create IPUIPlugin
2026-03-25 16:12:11,755 [INFO] PluginManager:220 - loadIPPluginJar : add gic
2026-03-25 16:12:11,757 [INFO] IPUIPlugin:80 - create IPUIPlugin
2026-03-25 16:12:11,757 [INFO] PluginManager:220 - loadIPPluginJar : add genericplugin
2026-03-25 16:12:11,759 [INFO] IPUIPlugin:80 - create IPUIPlugin
2026-03-25 16:12:11,759 [INFO] PluginManager:220 - loadIPPluginJar : add pdm2pcm
2026-03-25 16:12:11,764 [INFO] IPUIPlugin:80 - create IPUIPlugin
2026-03-25 16:12:11,765 [INFO] PluginManager:220 - loadIPPluginJar : add mdma
2026-03-25 16:12:11,767 [INFO] IPUIPlugin:80 - create IPUIPlugin
2026-03-25 16:12:11,767 [INFO] PluginManager:220 - loadIPPluginJar : add dfsdm
2026-03-25 16:12:11,770 [INFO] IPUIPlugin:80 - create IPUIPlugin
2026-03-25 16:12:11,770 [INFO] PluginManager:220 - loadIPPluginJar : add opamp
2026-03-25 16:12:11,772 [INFO] IPUIPlugin:80 - create IPUIPlugin
2026-03-25 16:12:11,772 [INFO] PluginManager:220 - loadIPPluginJar : add cryp
2026-03-25 16:12:11,774 [INFO] IPUIPlugin:80 - create IPUIPlugin
2026-03-25 16:12:11,774 [INFO] PluginManager:220 - loadIPPluginJar : add spi
2026-03-25 16:12:11,776 [INFO] IPUIPlugin:80 - create IPUIPlugin
2026-03-25 16:12:11,776 [INFO] PluginManager:220 - loadIPPluginJar : add ucpd
2026-03-25 16:12:11,873 [FATAL] Updater:351 - Updater called before beeing initialized
2026-03-25 16:12:11,894 [INFO] RulesReader:64 - Compatibility file has been processed (302 Rules)
2026-03-25 16:12:11,904 [INFO] RulesReader:64 - Compatibility file has been processed (302 Rules)
2026-03-25 16:12:11,909 [INFO] CADModel:165 - CPN selected for project level
2026-03-25 16:12:11,909 [INFO] CADModel:114 - Register for checkConnection events
2026-03-25 16:12:11,909 [FATAL] Updater:351 - Updater called before beeing initialized
2026-03-25 16:12:11,910 [ERROR] CADModel:125 - Updater not yet initialized, retry later 
2026-03-25 16:12:12,006 [FATAL] Updater:351 - Updater called before beeing initialized
2026-03-25 16:12:12,007 [INFO] CADModel:165 - CPN selected for project level
2026-03-25 16:12:12,008 [INFO] CADModel:114 - Register for checkConnection events
2026-03-25 16:12:12,008 [FATAL] Updater:351 - Updater called before beeing initialized
2026-03-25 16:12:12,008 [ERROR] CADModel:125 - Updater not yet initialized, retry later 
2026-03-25 16:12:12,010 [FATAL] Updater:351 - Updater called before beeing initialized
2026-03-25 16:12:12,082 [FATAL] Updater:351 - Updater called before beeing initialized
2026-03-25 16:12:12,087 [INFO] DbMcusAds:53 - JSON generation date=Thu Mar 05 15:32:52 CET 2026 (1772721172890)
2026-03-25 16:12:12,087 [FATAL] Updater:351 - Updater called before beeing initialized
2026-03-25 16:12:12,129 [WARN] DetailPanel:346 - Failed to get advertising image, set to default
2026-03-25 16:12:12,345 [FATAL] Updater:351 - Updater called before beeing initialized
2026-03-25 16:12:12,347 [FATAL] Updater:351 - Updater called before beeing initialized
2026-03-25 16:12:12,347 [FATAL] Updater:351 - Updater called before beeing initialized
2026-03-25 16:12:12,347 [WARN] DetailPanel:346 - Failed to get advertising image, set to default
2026-03-25 16:12:12,348 [FATAL] Updater:351 - Updater called before beeing initialized
2026-03-25 16:12:12,380 [ERROR] Updater:1198 - MainUpdater not yet initialized. External WinMGr cannot be set.
2026-03-25 16:12:12,381 [INFO] Updater:1134 - Updater Version found : 6.14.1
2026-03-25 16:12:12,395 [INFO] ApplicationProperties:184 - Using Application install path: /opt/st/stm32cubeide_1.18.1/plugins/com.st.stm32cube.common.mx_6.14.1.202504091515
2026-03-25 16:12:12,569 [INFO] MainUpdater:2872 - connection check result : 22
2026-03-25 16:12:12,570 [INFO] MainUpdater:289 - Updater Check For Update Now.
2026-03-25 16:12:12,570 [INFO] MicroXplorer:498 - Change Database Version : DB.6.0.141
2026-03-25 16:12:12,576 [INFO] McuFinderGlobals:63 - Set McuFinder mode to 2 (CubeIDE integrated)
2026-03-25 16:12:12,576 [INFO] UserAuth:171 - activating auth plugin
2026-03-25 16:12:12,579 [INFO] UserAuth:484 - Internet connection configuration mode: 2
2026-03-25 16:12:12,583 [INFO] UserAuth:484 - Internet connection configuration mode: 2
2026-03-25 16:12:12,772 [INFO] CheckServerUpdateThread:120 - End of CheckServer Thread
2026-03-25 16:12:14,399 [WARN] PackLoader:240 - Cannot read IP mode file for STMicroelectronics.X-CUBE-AZRTOS-H7.3.5.0
2026-03-25 16:12:14,408 [WARN] PackLoader:240 - Cannot read IP mode file for STMicroelectronics.FP-SNS-MOTENVWB1.1.4.0
2026-03-25 16:12:14,413 [WARN] PackLoader:240 - Cannot read IP mode file for STMicroelectronics.FP-ATR-ASTRA1.2.0.2
2026-03-25 16:12:14,417 [WARN] PackLoader:240 - Cannot read IP mode file for STMicroelectronics.X-CUBE-SMBUS.2.1.0
2026-03-25 16:12:14,421 [WARN] PackLoader:240 - Cannot read IP mode file for STMicroelectronics.X-CUBE-ST60.1.0.0
2026-03-25 16:12:14,436 [WARN] PackLoader:240 - Cannot read IP mode file for STMicroelectronics.X-CUBE-AZRTOS-F7.1.1.0
2026-03-25 16:12:14,441 [ERROR] Engine:466 - /home/nicole/.stm32cubemx/thirdparties/pdsc/STMicroelectronics.FP-SNS-MOTENV1.5.1.0.pdsc: PDSC version is not supported
2026-03-25 16:12:14,443 [ERROR] Engine:466 - /home/nicole/.stm32cubemx/thirdparties/pdsc/WES.I-CUBE-Cesium.1.4.0.pdsc: PDSC version is not supported
2026-03-25 16:12:14,460 [WARN] PackLoader:240 - Cannot read IP mode file for Infineon.AIROC-Wi-Fi-Bluetooth-STM32.1.7.0
2026-03-25 16:12:14,480 [WARN] PackLoader:240 - Cannot read IP mode file for Infineon.AIROC-Wi-Fi-Bluetooth-STM32.1.7.1
2026-03-25 16:12:14,498 [WARN] PackLoader:240 - Cannot read IP mode file for STMicroelectronics.X-CUBE-AZRTOS-H7.3.4.0
2026-03-25 16:12:14,516 [WARN] PackLoader:240 - Cannot read IP mode file for STMicroelectronics.X-CUBE-DISPLAY.3.0.0
2026-03-25 16:12:14,524 [ERROR] Engine:466 - /home/nicole/.stm32cubemx/thirdparties/pdsc/STMicroelectronics.FP-SNS-MOTENVWB1.1.5.0.pdsc: PDSC version is not supported
2026-03-25 16:12:14,530 [WARN] PackLoader:240 - Cannot read IP mode file for STMicroelectronics.X-CUBE-NFC10.1.0.0
2026-03-25 16:12:14,541 [WARN] PackLoader:240 - Cannot read IP mode file for STMicroelectronics.X-CUBE-BLEMGR.4.0.0
2026-03-25 16:12:14,547 [WARN] PackLoader:240 - Cannot read IP mode file for STMicroelectronics.X-CUBE-ST60.1.1.0
2026-03-25 16:12:14,552 [WARN] PackLoader:240 - Cannot read IP mode file for emotas.I-CUBE-CANOPEN.1.3.0
2026-03-25 16:12:14,557 [WARN] PackLoader:240 - Cannot read IP mode file for STMicroelectronics.X-CUBE-GNSS1.7.1.0
2026-03-25 16:12:14,561 [WARN] ConditionMgr:438 - getConditionDescription Invalid condition id : Cortex-A Device cause : null
2026-03-25 16:12:14,572 [WARN] ConditionMgr:1044 - genDependencies : Invalid condition id : Cortex-A Device cause : null
2026-03-25 16:12:14,572 [WARN] ConditionMgr:1044 - genDependencies : Invalid condition id : Cortex-A Device cause : null
2026-03-25 16:12:14,572 [WARN] ConditionMgr:1044 - genDependencies : Invalid condition id : Cortex-A Device cause : null
2026-03-25 16:12:14,576 [WARN] PackLoader:240 - Cannot read IP mode file for STMicroelectronics.X-CUBE-AI.10.0.0
2026-03-25 16:12:14,580 [ERROR] Engine:466 - /home/nicole/.stm32cubemx/thirdparties/pdsc/STMicroelectronics.FP-SNS-STBOX1.2.1.0.pdsc: PDSC version is not supported
2026-03-25 16:12:14,583 [WARN] PackLoader:240 - Cannot read IP mode file for STMicroelectronics.FP-SNS-SMARTAG2.1.2.0
2026-03-25 16:12:14,587 [WARN] PackLoader:240 - Cannot read IP mode file for STMicroelectronics.FP-SNS-FLIGHT1.5.1.0
2026-03-25 16:12:14,614 [INFO] LogOutputStream:77 - [STDOUT_REDIRECT] 1 : Invalid condition id : UX_CORESTACK_Condition cause : null
2026-03-25 16:12:14,615 [INFO] LogOutputStream:77 - [STDOUT_REDIRECT] 1 : Invalid condition id : UX_CORESTACK_Condition cause : null
2026-03-25 16:12:14,616 [INFO] LogOutputStream:77 - [STDOUT_REDIRECT] 1 : Invalid condition id : UX_CORESTACK_Condition cause : null
2026-03-25 16:12:14,616 [INFO] LogOutputStream:77 - [STDOUT_REDIRECT] 1 : Invalid condition id : UX_CORESTACK_Condition cause : null
2026-03-25 16:12:14,617 [INFO] LogOutputStream:77 - [STDOUT_REDIRECT] 1 : Invalid condition id : UX_CORESTACK_Condition cause : null
2026-03-25 16:12:14,621 [WARN] PackLoader:240 - Cannot read IP mode file for STMicroelectronics.X-CUBE-AZRTOS-WL.2.0.0
2026-03-25 16:12:14,634 [WARN] PackLoader:240 - Cannot read IP mode file for STMicroelectronics.FP-SNS-MOTENV1.5.0.0
2026-03-25 16:12:14,664 [WARN] PackLoader:240 - Cannot read IP mode file for STMicroelectronics.X-CUBE-AZRTOS-H7RS.1.2.0
2026-03-25 16:12:14,673 [WARN] PackLoader:240 - Cannot read IP mode file for WES.I-CUBE-Cesium.1.3.0
2026-03-25 16:12:14,679 [WARN] PackLoader:240 - Cannot read IP mode file for STMicroelectronics.X-CUBE-BLE2.3.3.0
2026-03-25 16:12:14,705 [WARN] PackLoader:240 - Cannot read IP mode file for Infineon.AIROC-Wi-Fi-Bluetooth-STM32.1.8.0
2026-03-25 16:12:14,713 [WARN] PackLoader:240 - Cannot read IP mode file for STMicroelectronics.X-CUBE-NFC9.1.0.0
2026-03-25 16:12:14,718 [WARN] PackLoader:240 - Cannot read IP mode file for wolfSSL.I-CUBE-wolfSSL.5.8.0
2026-03-25 16:12:14,721 [WARN] PackLoader:240 - Cannot read IP mode file for wolfSSL.I-CUBE-wolfSSL.5.8.2
2026-03-25 16:12:14,724 [WARN] PackLoader:240 - Cannot read IP mode file for STMicroelectronics.X-CUBE-BLE1.7.1.0
2026-03-25 16:12:14,727 [WARN] PackLoader:240 - Cannot read IP mode file for wolfSSL.I-CUBE-wolfMQTT.1.19.2
2026-03-25 16:12:14,732 [WARN] PackLoader:240 - Cannot read IP mode file for STMicroelectronics.X-CUBE-EEPRMA1.5.2.0
2026-03-25 16:12:14,736 [WARN] PackLoader:240 - Cannot read IP mode file for wolfSSL.I-CUBE-wolfSSL.5.8.4
2026-03-25 16:12:14,739 [WARN] PackLoader:240 - Cannot read IP mode file for Cesanta.I-CUBE-Mongoose.7.20.0
2026-03-25 16:12:14,742 [WARN] PackLoader:240 - Cannot read IP mode file for STMicroelectronics.X-CUBE-AI.10.1.0
2026-03-25 16:12:14,820 [WARN] PackLoader:240 - Cannot read IP mode file for STMicroelectronics.X-CUBE-MEMS1.12.0.0
2026-03-25 16:12:14,906 [WARN] PackLoader:240 - Cannot read IP mode file for STMicroelectronics.X-CUBE-MEMS1.11.2.0
2026-03-25 16:12:15,015 [WARN] PackLoader:240 - Cannot read IP mode file for STMicroelectronics.X-CUBE-AZRTOS-G0.1.1.0
2026-03-25 16:12:15,021 [WARN] PackLoader:240 - Cannot read IP mode file for STMicroelectronics.X-CUBE-SAFEA1.1.2.2
2026-03-25 16:12:15,024 [WARN] PackLoader:240 - Cannot read IP mode file for STMicroelectronics.X-CUBE-NFC4.3.0.0
2026-03-25 16:12:15,030 [WARN] PackLoader:240 - Cannot read IP mode file for EmbeddedOffice.I-CUBE-FS-RTOS.1.0.1
2026-03-25 16:12:15,034 [WARN] PackLoader:240 - Cannot read IP mode file for STMicroelectronics.X-CUBE-WB05N.2.0.0
2026-03-25 16:12:15,036 [WARN] PackLoader:240 - Cannot read IP mode file for wolfSSL.I-CUBE-wolfTPM.3.8.0
2026-03-25 16:12:15,039 [WARN] PackLoader:240 - Cannot read IP mode file for STMicroelectronics.X-CUBE-TCPP.4.2.0
2026-03-25 16:12:15,043 [WARN] PackLoader:240 - Cannot read IP mode file for RealThread.X-CUBE-RT-Thread_Nano.4.1.1
2026-03-25 16:12:15,046 [WARN] PackLoader:240 - Cannot read IP mode file for STMicroelectronics.FP-ATR-SIGFOX1.3.2.0
2026-03-25 16:12:15,050 [WARN] PackLoader:240 - Cannot read IP mode file for STMicroelectronics.X-CUBE-EEPRMA1.5.1.0
2026-03-25 16:12:15,053 [ERROR] Engine:466 - /home/nicole/.stm32cubemx/thirdparties/pdsc/STMicroelectronics.X-CUBE-FREERTOS.1.5.0.pdsc: PDSC version is not supported
2026-03-25 16:12:15,056 [WARN] PackLoader:240 - Cannot read IP mode file for ITTIA_DB.I-CUBE-ITTIADB.8.9.0
2026-03-25 16:12:15,060 [WARN] PackLoader:240 - Cannot read IP mode file for STMicroelectronics.X-CUBE-NFC6.3.2.0
2026-03-25 16:12:15,066 [WARN] PackLoader:240 - Cannot read IP mode file for STMicroelectronics.X-CUBE-ST67W61.1.0.0
2026-03-25 16:12:15,069 [WARN] PackLoader:240 - Cannot read IP mode file for STMicroelectronics.X-CUBE-AI.10.2.0
2026-03-25 16:12:15,084 [WARN] PackLoader:240 - Cannot read IP mode file for SEGGER.I-CUBE-embOS.1.3.1
2026-03-25 16:12:15,137 [WARN] PackLoader:240 - Cannot read IP mode file for STMicroelectronics.X-CUBE-ALGOBUILD.1.4.0
2026-03-25 16:12:15,200 [WARN] PackLoader:240 - Cannot read IP mode file for STMicroelectronics.X-CUBE-MEMS1.11.3.0
2026-03-25 16:12:15,290 [WARN] PackLoader:240 - Cannot read IP mode file for STMicroelectronics.X-CUBE-PM33A1.1.0.0
2026-03-25 16:12:15,305 [WARN] PackLoader:240 - Cannot read IP mode file for STMicroelectronics.X-CUBE-AZRTOS-F4.1.1.0
2026-03-25 16:12:15,309 [WARN] PackLoader:240 - Cannot read IP mode file for Avnet-IotConnect.X-CUBE-IoTC-DA16k-PMOD.1.0.0
2026-03-25 16:12:15,312 [WARN] PackLoader:240 - Cannot read IP mode file for STMicroelectronics.X-CUBE-ISPU.2.1.0
2026-03-25 16:12:15,318 [ERROR] Engine:466 - /home/nicole/.stm32cubemx/thirdparties/pdsc/STMicroelectronics.X-CUBE-IPS.3.2.0.pdsc: PDSC version is not supported
2026-03-25 16:12:15,322 [WARN] PackLoader:240 - Cannot read IP mode file for STMicroelectronics.X-CUBE-NFC12.1.0.0
2026-03-25 16:12:15,334 [WARN] PackLoader:240 - Cannot read IP mode file for STMicroelectronics.X-CUBE-AZRTOS-L5.2.0.0
2026-03-25 16:12:15,339 [WARN] PackLoader:240 - Cannot read IP mode file for STMicroelectronics.X-CUBE-NFC6.3.1.0
2026-03-25 16:12:15,344 [WARN] PackLoader:240 - Cannot read IP mode file for STMicroelectronics.X-CUBE-FREERTOS.1.3.1
2026-03-25 16:12:15,346 [WARN] PackLoader:240 - Cannot read IP mode file for STMicroelectronics.X-CUBE-FREERTOS.1.3.0
2026-03-25 16:12:15,349 [WARN] PackLoader:240 - Cannot read IP mode file for STMicroelectronics.X-CUBE-NFC7.1.0.1
2026-03-25 16:12:15,353 [WARN] PackLoader:240 - Cannot read IP mode file for STMicroelectronics.X-CUBE-TOUCHGFX.4.26.1
2026-03-25 16:12:15,355 [WARN] PackLoader:240 - Cannot read IP mode file for STMicroelectronics.FP-SNS-STAIOTCFT.1.0.0
2026-03-25 16:12:15,358 [WARN] PackLoader:240 - Cannot read IP mode file for STMicroelectronics.X-CUBE-DPower.1.3.0
2026-03-25 16:12:15,368 [WARN] ConditionMgr:438 - getConditionDescription Invalid condition id : LAN8742 Phy interface Condition cause : null
2026-03-25 16:12:15,368 [WARN] PackLoader:240 - Cannot read IP mode file for STMicroelectronics.X-CUBE-AZRTOS-L4.2.0.0
2026-03-25 16:12:15,369 [WARN] ConditionMgr:1044 - genDependencies : Invalid condition id : LAN8742 Phy interface Condition cause : null
2026-03-25 16:12:15,369 [WARN] ConditionMgr:1044 - genDependencies : Invalid condition id : LAN8742 Phy interface Condition cause : null
2026-03-25 16:12:15,370 [WARN] ConditionMgr:1044 - genDependencies : Invalid condition id : LAN8742 Phy interface Condition cause : null
2026-03-25 16:12:15,374 [WARN] PackLoader:240 - Cannot read IP mode file for STMicroelectronics.X-CUBE-SFXS2LP1.4.0.0
2026-03-25 16:12:15,377 [ERROR] Engine:466 - /home/nicole/.stm32cubemx/thirdparties/pdsc/STMicroelectronics.X-CUBE-ST67W61.1.2.0.pdsc: PDSC version is not supported
2026-03-25 16:12:15,388 [WARN] PackLoader:240 - Cannot read IP mode file for STMicroelectronics.X-CUBE-AZRTOS-H7.3.3.0
2026-03-25 16:12:15,394 [WARN] PackLoader:240 - Cannot read IP mode file for STMicroelectronics.X-CUBE-BLEMGR.4.1.0
2026-03-25 16:12:15,403 [WARN] ConditionMgr:438 - getConditionDescription Invalid condition id : UX DEVICE CLASS RTOS Condition cause : null
2026-03-25 16:12:15,403 [WARN] ConditionMgr:438 - getConditionDescription Invalid condition id : UX DEVICE CLASS RTOS Condition cause : null
2026-03-25 16:12:15,404 [WARN] PackLoader:240 - Cannot read IP mode file for STMicroelectronics.X-CUBE-AZRTOS-WB.2.0.0
2026-03-25 16:12:15,404 [WARN] ConditionMgr:1044 - genDependencies : Invalid condition id : UX DEVICE CLASS RTOS Condition cause : null
2026-03-25 16:12:15,404 [WARN] ConditionMgr:1044 - genDependencies : Invalid condition id : UX DEVICE CLASS RTOS Condition cause : null
2026-03-25 16:12:15,405 [WARN] ConditionMgr:1044 - genDependencies : Invalid condition id : UX DEVICE CLASS RTOS Condition cause : null
2026-03-25 16:12:15,405 [WARN] ConditionMgr:1044 - genDependencies : Invalid condition id : UX DEVICE CLASS RTOS Condition cause : null
2026-03-25 16:12:15,405 [WARN] ConditionMgr:1044 - genDependencies : Invalid condition id : UX DEVICE CLASS RTOS Condition cause : null
2026-03-25 16:12:15,408 [WARN] PackLoader:240 - Cannot read IP mode file for STMicroelectronics.X-CUBE-GNSS1.7.0.1
2026-03-25 16:12:15,410 [WARN] PackLoader:240 - Cannot read IP mode file for STMicroelectronics.X-CUBE-TOUCHGFX.4.25.0
2026-03-25 16:12:15,414 [WARN] PackLoader:240 - Cannot read IP mode file for STMicroelectronics.FP-SNS-STBOX1.2.0.0
2026-03-25 16:12:15,417 [WARN] ConditionMgr:438 - getConditionDescription Invalid condition id : Cortex-A Device cause : null
2026-03-25 16:12:15,422 [WARN] ConditionMgr:1044 - genDependencies : Invalid condition id : Cortex-A Device cause : null
2026-03-25 16:12:15,422 [WARN] ConditionMgr:1044 - genDependencies : Invalid condition id : Cortex-A Device cause : null
2026-03-25 16:12:15,422 [WARN] ConditionMgr:1044 - genDependencies : Invalid condition id : Cortex-A Device cause : null
2026-03-25 16:12:15,425 [WARN] PackLoader:240 - Cannot read IP mode file for STMicroelectronics.X-CUBE-STSE01.2.0.0
2026-03-25 16:12:15,431 [WARN] PackLoader:240 - Cannot read IP mode file for STMicroelectronics.X-CUBE-SUBG2.5.0.0
2026-03-25 16:12:15,443 [WARN] PackLoader:240 - Cannot read IP mode file for STMicroelectronics.X-CUBE-AZRTOS-H7RS.1.1.0
2026-03-25 16:12:15,447 [WARN] PackLoader:240 - Cannot read IP mode file for Cesanta.I-CUBE-Mongoose.7.13.0
2026-03-25 16:12:15,453 [WARN] PackLoader:240 - Cannot read IP mode file for STMicroelectronics.X-CUBE-AZRTOS-G4.2.0.0
2026-03-25 16:12:15,456 [WARN] PackLoader:240 - Cannot read IP mode file for wolfSSL.I-CUBE-wolfSSH.1.4.20
2026-03-25 16:12:15,459 [WARN] PackLoader:240 - Cannot read IP mode file for STMicroelectronics.X-CUBE-NFC7.2.0.0
2026-03-25 16:12:15,465 [WARN] PackLoader:240 - Cannot read IP mode file for STMicroelectronics.X-CUBE-IPS.3.1.0
2026-03-25 16:12:15,470 [WARN] PackLoader:240 - Cannot read IP mode file for STMicroelectronics.X-CUBE-ALS.1.0.2
2026-03-25 16:12:15,473 [WARN] PackLoader:240 - Cannot read IP mode file for portGmbH.I-Cube-SoM-uGOAL.1.1.0
2026-03-25 16:12:15,485 [WARN] PackLoader:240 - Cannot read IP mode file for STMicroelectronics.X-CUBE-TOF1.3.4.3
2026-03-25 16:12:15,491 [INFO] ThirdParty:978 - Integrity check success = true
2026-03-25 16:12:15,491 [INFO] IntegrityCheckThread:100 - exiting critical section [integrity check]
2026-03-25 16:12:15,491 [INFO] IntegrityCheckThread:103 - End integrity checks thread
2026-03-25 16:22:11,492 [ERROR] ConfigurationRetriever:142 - IOException on connection: sw-center.st.com
2026-03-25 16:22:11,494 [ERROR] ConfigurationRetriever:142 - IOException on connection: sw-center.st.com
2026-03-25 16:22:11,495 [ERROR] ConfigurationRetriever:142 - IOException on connection: sw-center.st.com
2026-03-25 16:22:19,698 [ERROR] ConfigurationRetriever:142 - IOException on connection: sw-center.st.com
2026-03-25 16:22:19,698 [ERROR] ConfigurationRetriever:142 - IOException on connection: sw-center.st.com
2026-03-25 16:22:19,699 [ERROR] ConfigurationRetriever:142 - IOException on connection: sw-center.st.com
2026-03-25 16:26:39,771 [ERROR] ConfigurationRetriever:142 - IOException on connection: sw-center.st.com
2026-03-25 16:26:39,772 [ERROR] ConfigurationRetriever:142 - IOException on connection: sw-center.st.com
2026-03-25 16:26:39,772 [ERROR] ConfigurationRetriever:142 - IOException on connection: sw-center.st.com
2026-03-25 16:26:48,912 [ERROR] ConfigurationRetriever:142 - IOException on connection: sw-center.st.com
2026-03-25 16:26:48,913 [ERROR] ConfigurationRetriever:142 - IOException on connection: sw-center.st.com
2026-03-25 16:26:48,913 [ERROR] ConfigurationRetriever:142 - IOException on connection: sw-center.st.com
2026-03-25 16:31:02,512 [ERROR] ConfigurationRetriever:142 - IOException on connection: sw-center.st.com
2026-03-25 16:31:02,513 [ERROR] ConfigurationRetriever:142 - IOException on connection: sw-center.st.com
2026-03-25 16:31:02,513 [ERROR] ConfigurationRetriever:142 - IOException on connection: sw-center.st.com
